2025-06-05 08:51:01.763   332-10466 audio_hw_generic_caremu and...hardware.audio.service-caremu  W  Not supplying enough data to HAL, expected position 522315419 , only wrote 522314880
2025-06-05 08:51:01.764   332-10466 audio_hw_generic_caremu and...hardware.audio.service-caremu  W  Not supplying enough data to HAL, expected position 522314889 , only wrote 522314880
2025-06-05 08:51:01.779   332-10466 audio_hw_generic_caremu and...hardware.audio.service-caremu  W  Not supplying enough data to HAL, expected position 522315628 , only wrote 522315360
2025-06-05 08:51:01.806   332-10466 audio_hw_generic_caremu and...hardware.audio.service-caremu  D  audio_vbuffer_write audio_vbuffer is full
2025-06-05 08:51:01.857  1537-1551  tant:interactor         com.google.android.carassistant      I  Background young concurrent copying GC freed 120336(4925KB) AllocSpace objects, 0(0B) LOS objects, 39% free, 7354KB/11MB, paused 20.950ms,54us total 247.244ms
2025-06-05 08:51:01.894   332-10466 audio_hw_generic_caremu and...hardware.audio.service-caremu  D  audio_vbuffer_write audio_vbuffer is full
2025-06-05 08:51:01.901   332-10466 audio_hw_generic_caremu and...hardware.audio.service-caremu  W  Not supplying enough data to HAL, expected position 522321215 , only wrote 522321120
2025-06-05 08:51:01.901   332-10466 audio_hw_generic_caremu and...hardware.audio.service-caremu  W  Not supplying enough data to HAL, expected position 522321130 , only wrote 522321120
2025-06-05 08:51:01.903 27211-27241 EGL_emulation           me.wcy.music                         D  app_time_stats: avg=26.56ms min=2.77ms max=119.78ms count=27
2025-06-05 08:51:01.911   332-10466 audio_hw_generic_caremu and...hardware.audio.service-caremu  W  Not supplying enough data to HAL, expected position 522321603 , only wrote 522321600
2025-06-05 08:51:01.934   332-10466 audio_hw_generic_caremu and...hardware.audio.service-caremu  D  audio_vbuffer_write audio_vbuffer is full
2025-06-05 08:51:01.962   913-930   CarPropertyService      com.android.car                      D  mSyncGetSetPropertyOpCount: 1
2025-06-05 08:51:01.970   332-10466 audio_hw_generic_caremu and...hardware.audio.service-caremu  D  audio_vbuffer_write audio_vbuffer is full
2025-06-05 08:51:01.974  1537-3718  native                  com.google.android.carassistant      W  W0000 00:00:1749084662.046465    3718 lag_detector.cc:36] Pipeline lagging by 2m46.131548922s. Continue processing samples.
2025-06-05 08:51:01.987   913-930   CarPropertyService      com.android.car                      D  mSyncGetSetPropertyOpCount: 0
2025-06-05 08:51:02.081   332-10466 audio_hw_generic_caremu and...hardware.audio.service-caremu  D  audio_vbuffer_write audio_vbuffer is full
2025-06-05 08:51:02.083   332-10466 audio_hw_generic_caremu and...hardware.audio.service-caremu  W  Not supplying enough data to HAL, expected position 522329812 , only wrote 522329280
2025-06-05 08:51:02.083   332-10466 audio_hw_generic_caremu and...hardware.audio.service-caremu  W  Not supplying enough data to HAL, expected position 522329291 , only wrote 522329280
2025-06-05 08:51:02.091   368-521   AudioFlinger            audioserver                          D  mixer(0x72ac701c09a0) throttle end: throttle time(9)
2025-06-05 08:51:02.106   332-10466 audio_hw_generic_caremu and...hardware.audio.service-caremu  W  Not supplying enough data to HAL, expected position 522330299 , only wrote 522329760
2025-06-05 08:51:02.167   332-10466 audio_hw_generic_caremu and...hardware.audio.service-caremu  D  audio_vbuffer_write audio_vbuffer is full
2025-06-05 08:51:02.189   332-10466 audio_hw_generic_caremu and...hardware.audio.service-caremu  W  Not supplying enough data to HAL, expected position 522333838 , only wrote 522333600
2025-06-05 08:51:02.190   332-10466 audio_hw_generic_caremu and...hardware.audio.service-caremu  W  Not supplying enough data to HAL, expected position 522333627 , only wrote 522333600
2025-06-05 08:51:02.207   332-10466 audio_hw_generic_caremu and...hardware.audio.service-caremu  W  Not supplying enough data to HAL, expected position 522334423 , only wrote 522334080
2025-06-05 08:51:02.255   332-10466 audio_hw_generic_caremu and...hardware.audio.service-caremu  D  audio_vbuffer_write audio_vbuffer is full
2025-06-05 08:51:02.280   627-2008  MediaSessionService     system_server                        I  tempAllowlistTargetPkgIfPossible callingPackage:com.android.car.carlauncher targetPackage:me.wcy.music reason:MediaSessionRecord:android.support.v4.media.session.command.GET_EXTRA_BINDER [FGS]
2025-06-05 08:51:02.301   332-10466 audio_hw_generic_caremu and...hardware.audio.service-caremu  D  audio_vbuffer_write audio_vbuffer is full
2025-06-05 08:51:02.305  2155-2709  EGL_emulation           com.google.android.apps.maps         D  app_time_stats: avg=42.64ms min=6.64ms max=103.16ms count=20
2025-06-05 08:51:02.310  2127-2127  MediaSessionHelper      com.android.car.carlauncher          I  Saving last active media source me.wcy.music
2025-06-05 08:51:02.310  2127-2127  MediaViewModel          com.android.car.carlauncher          I  Setting Media view to source 波尼音乐
2025-06-05 08:51:02.331  2127-2127  RenderScript            com.android.car.carlauncher          V  User-backed allocation failed stride requirement, falling back to separate allocation
2025-06-05 08:51:02.332  2127-2127  RenderScript            com.android.car.carlauncher          V  User-backed allocation failed stride requirement, falling back to separate allocation
2025-06-05 08:51:02.350   913-933   CarPropertyService      com.android.car                      D  mSyncGetSetPropertyOpCount: 1
2025-06-05 08:51:02.359   913-933   CarPropertyService      com.android.car                      D  mSyncGetSetPropertyOpCount: 0
2025-06-05 08:51:02.369  2127-2127  RenderScript            com.android.car.carlauncher          V  User-backed allocation failed stride requirement, falling back to separate allocation
2025-06-05 08:51:02.370  2127-2127  RenderScript            com.android.car.carlauncher          V  User-backed allocation failed stride requirement, falling back to separate allocation
2025-06-05 08:51:02.370  2127-2127  RenderScript            com.android.car.carlauncher          V  User-backed allocation failed stride requirement, falling back to separate allocation
2025-06-05 08:51:02.370  2127-2127  RenderScript            com.android.car.carlauncher          V  User-backed allocation failed stride requirement, falling back to separate allocation
2025-06-05 08:51:02.384  2127-2127  RenderScript            com.android.car.carlauncher          V  User-backed allocation failed stride requirement, falling back to separate allocation
2025-06-05 08:51:02.386   332-10466 audio_hw_generic_caremu and...hardware.audio.service-caremu  D  audio_vbuffer_write audio_vbuffer is full
2025-06-05 08:51:02.388  2127-2127  RenderScript            com.android.car.carlauncher          V  User-backed allocation failed stride requirement, falling back to separate allocation
2025-06-05 08:51:02.430  2127-2127  RenderScript            com.android.car.carlauncher          V  User-backed allocation failed stride requirement, falling back to separate allocation
2025-06-05 08:51:02.430  2127-2127  RenderScript            com.android.car.carlauncher          V  User-backed allocation failed stride requirement, falling back to separate allocation
2025-06-05 08:51:02.430   332-10466 audio_hw_generic_caremu and...hardware.audio.service-caremu  D  audio_vbuffer_write audio_vbuffer is full
2025-06-05 08:51:02.446  2127-2127  RenderScript            com.android.car.carlauncher          V  User-backed allocation failed stride requirement, falling back to separate allocation
2025-06-05 08:51:02.446  2127-2127  RenderScript            com.android.car.carlauncher          V  User-backed allocation failed stride requirement, falling back to separate allocation
2025-06-05 08:51:02.454  2127-11137 TrafficStats            com.android.car.carlauncher          D  tagSocket(95) with statsTag=0xffffffff, statsUid=-1
2025-06-05 08:51:02.481   332-10466 audio_hw_generic_caremu and...hardware.audio.service-caremu  D  audio_vbuffer_write audio_vbuffer is full
2025-06-05 08:51:02.487  2155-2874  EGL_emulation           com.google.android.apps.maps         D  app_time_stats: avg=55.44ms min=13.59ms max=205.75ms count=20
2025-06-05 08:51:02.493 27211-27220 me.wcy.music            me.wcy.music                         I  Background concurrent copying GC freed 76413(5641KB) AllocSpace objects, 19(756KB) LOS objects, 49% free, 13MB/27MB, paused 7.360ms,205us total 795.500ms
2025-06-05 08:51:02.520   332-10466 audio_hw_generic_caremu and...hardware.audio.service-caremu  D  audio_vbuffer_write audio_vbuffer is full
2025-06-05 08:51:02.548   913-933   CarPropertyService      com.android.car                      D  mSyncGetSetPropertyOpCount: 1
2025-06-05 08:51:02.548   332-10466 audio_hw_generic_caremu and...hardware.audio.service-caremu  W  Not supplying enough data to HAL, expected position 522350484 , only wrote 522349920
2025-06-05 08:51:02.549   332-10466 audio_hw_generic_caremu and...hardware.audio.service-caremu  W  Not supplying enough data to HAL, expected position 522349930 , only wrote 522349920
2025-06-05 08:51:02.554   913-933   CarPropertyService      com.android.car                      D  mSyncGetSetPropertyOpCount: 0
2025-06-05 08:51:02.560   332-10466 audio_hw_generic_caremu and...hardware.audio.service-caremu  W  Not supplying enough data to HAL, expected position 522350458 , only wrote 522350400
2025-06-05 08:51:02.578   627-4540  MediaSessionService     system_server                        I  tempAllowlistTargetPkgIfPossible callingPackage:com.android.car.carlauncher targetPackage:me.wcy.music reason:MediaSessionRecord:android.support.v4.media.session.command.GET_EXTRA_BINDER [FGS]
2025-06-05 08:51:02.602   332-10466 audio_hw_generic_caremu and...hardware.audio.service-caremu  W  Not supplying enough data to HAL, expected position 522352418 , only wrote 522352320
2025-06-05 08:51:02.627   332-10466 audio_hw_generic_caremu and...hardware.audio.service-caremu  D  audio_vbuffer_write audio_vbuffer is full
2025-06-05 08:51:02.643   332-10466 audio_hw_generic_caremu and...hardware.audio.service-caremu  W  Not supplying enough data to HAL, expected position 522354298 , only wrote 522353760
2025-06-05 08:51:02.643   332-10466 audio_hw_generic_caremu and...hardware.audio.service-caremu  W  Not supplying enough data to HAL, expected position 522353770 , only wrote 522353760
2025-06-05 08:51:02.647   368-521   AudioFlinger            audioserver                          D  mixer(0x72ac701c09a0) throttle end: throttle time(2)
2025-06-05 08:51:02.665   332-10466 audio_hw_generic_caremu and...hardware.audio.service-caremu  W  Not supplying enough data to HAL, expected position 522354778 , only wrote 522354240
2025-06-05 08:51:02.684   332-3708  audio_hw_generic_caremu and...hardware.audio.service-caremu  D  audio_vbuffer_write audio_vbuffer is full
2025-06-05 08:51:02.684   332-3708  audio_hw_generic_caremu and...hardware.audio.service-caremu  W  in_read_worker only could write 0 / 240 frames
2025-06-05 08:51:02.691   332-10466 audio_hw_generic_caremu and...hardware.audio.service-caremu  D  audio_vbuffer_write audio_vbuffer is full
2025-06-05 08:51:02.706 27211-27211 PlayerControllerImpl    me.wcy.music                         D  持续缓存检查 - 当前位置: 8668ms, 缓存位置: 30040ms, 领先时间: 21372ms
2025-06-05 08:51:02.706 27211-27211 PlayerControllerImpl    me.wcy.music                         D  当前歌曲已完全缓存
2025-06-05 08:51:02.711   368-521   AudioFlinger            audioserver                          D  mixer(0x72ac701c09a0) throttle end: throttle time(4)
2025-06-05 08:51:02.725   332-10466 audio_hw_generic_caremu and...hardware.audio.service-caremu  D  audio_vbuffer_write audio_vbuffer is full
2025-06-05 08:51:02.752   332-10466 audio_hw_generic_caremu and...hardware.audio.service-caremu  W  Not supplying enough data to HAL, expected position 522358450 , only wrote 522358080
2025-06-05 08:51:02.753   332-10466 audio_hw_generic_caremu and...hardware.audio.service-caremu  W  Not supplying enough data to HAL, expected position 522358090 , only wrote 522358080
2025-06-05 08:51:02.753   368-521   AF::Track               audioserver                          D  interceptBuffer: took 9844us to intercept 0 tracks
2025-06-05 08:51:02.758   332-3708  audio_hw_generic_caremu and...hardware.audio.service-caremu  D  audio_vbuffer_write audio_vbuffer is full
2025-06-05 08:51:02.763   332-10466 audio_hw_generic_caremu and...hardware.audio.service-caremu  W  Not supplying enough data to HAL, expected position 522358578 , only wrote 522358560
2025-06-05 08:51:02.770   332-3708  audio_hw_generic_caremu and...hardware.audio.service-caremu  W  in_read_worker only could write 0 / 240 frames
2025-06-05 08:51:02.790   332-10466 audio_hw_generic_caremu and...hardware.audio.service-caremu  W  Not supplying enough data to HAL, expected position 522359833 , only wrote 522359520
2025-06-05 08:51:02.793   332-3708  audio_hw_generic_caremu and...hardware.audio.service-caremu  D  audio_vbuffer_write audio_vbuffer is full
2025-06-05 08:51:02.793   332-3708  audio_hw_generic_caremu and...hardware.audio.service-caremu  W  in_read_worker only could write 0 / 240 frames
2025-06-05 08:51:02.805   332-3708  audio_hw_generic_caremu and...hardware.audio.service-caremu  D  audio_vbuffer_write audio_vbuffer is full
2025-06-05 08:51:02.805   332-3708  audio_hw_generic_caremu and...hardware.audio.service-caremu  W  in_read_worker only could write 0 / 240 frames
2025-06-05 08:51:02.849   332-10466 audio_hw_generic_caremu and...hardware.audio.service-caremu  D  audio_vbuffer_write audio_vbuffer is full
2025-06-05 08:51:02.907   332-10466 audio_hw_generic_caremu and...hardware.audio.service-caremu  D  audio_vbuffer_write audio_vbuffer is full
2025-06-05 08:51:02.908 27211-27241 EGL_emulation           me.wcy.music                         D  app_time_stats: avg=33.25ms min=1.85ms max=81.64ms count=21
2025-06-05 08:51:02.935   913-931   CarPropertyService      com.android.car                      D  mSyncGetSetPropertyOpCount: 1
2025-06-05 08:51:02.948   913-931   CarPropertyService      com.android.car                      D  mSyncGetSetPropertyOpCount: 0
2025-06-05 08:51:02.984   368-521   AF::Track               audioserver                          D  interceptBuffer: took 739us to intercept 0 tracks
2025-06-05 08:51:03.026   332-10466 audio_hw_generic_caremu and...hardware.audio.service-caremu  D  audio_vbuffer_write audio_vbuffer is full
2025-06-05 08:51:03.068   332-10466 audio_hw_generic_caremu and...hardware.audio.service-caremu  D  audio_vbuffer_write audio_vbuffer is full
2025-06-05 08:51:03.082  1537-3718  native                  com.google.android.carassistant      I  I0000 00:00:1749084663.082253    3718 soda_async_impl.cc:1594] Current audio timestamp: 1749084497044915
2025-06-05 08:51:03.116   332-10466 audio_hw_generic_caremu and...hardware.audio.service-caremu  D  audio_vbuffer_write audio_vbuffer is full
2025-06-05 08:51:03.142   913-931   CarPropertyService      com.android.car                      D  mSyncGetSetPropertyOpCount: 1
2025-06-05 08:51:03.163   332-10466 audio_hw_generic_caremu and...hardware.audio.service-caremu  D  audio_vbuffer_write audio_vbuffer is full
2025-06-05 08:51:03.168   913-931   CarPropertyService      com.android.car                      D  mSyncGetSetPropertyOpCount: 0
2025-06-05 08:51:03.202   332-10466 audio_hw_generic_caremu and...hardware.audio.service-caremu  W  Not supplying enough data to HAL, expected position 522379300 , only wrote 522378720
2025-06-05 08:51:03.202   332-10466 audio_hw_generic_caremu and...hardware.audio.service-caremu  W  Not supplying enough data to HAL, expected position 522378727 , only wrote 522378720
2025-06-05 08:51:03.217   332-10466 audio_hw_generic_caremu and...hardware.audio.service-caremu  W  Not supplying enough data to HAL, expected position 522379421 , only wrote 522379200
2025-06-05 08:51:03.238   332-10466 audio_hw_generic_caremu and...hardware.audio.service-caremu  D  audio_vbuffer_write audio_vbuffer is full
2025-06-05 08:51:03.249   332-10466 audio_hw_generic_caremu and...hardware.audio.service-caremu  W  Not supplying enough data to HAL, expected position 522380769 , only wrote 522380640
2025-06-05 08:51:03.249   332-10466 audio_hw_generic_caremu and...hardware.audio.service-caremu  W  Not supplying enough data to HAL, expected position 522380649 , only wrote 522380640
2025-06-05 08:51:03.259   332-10466 audio_hw_generic_caremu and...hardware.audio.service-caremu  W  Not supplying enough data to HAL, expected position 522381129 , only wrote 522381120
2025-06-05 08:51:03.287   332-10466 audio_hw_generic_caremu and...hardware.audio.service-caremu  D  audio_vbuffer_write audio_vbuffer is full
2025-06-05 08:51:03.308  2155-2709  EGL_emulation           com.google.android.apps.maps         D  app_time_stats: avg=58.87ms min=5.91ms max=199.19ms count=15
2025-06-05 08:51:03.322   332-10466 audio_hw_generic_caremu and...hardware.audio.service-caremu  D  audio_vbuffer_write audio_vbuffer is full
2025-06-05 08:51:03.330   332-10466 audio_hw_generic_caremu and...hardware.audio.service-caremu  W  Not supplying enough data to HAL, expected position 522384513 , only wrote 522384480
2025-06-05 08:51:03.332   332-10466 audio_hw_generic_caremu and...hardware.audio.service-caremu  W  Not supplying enough data to HAL, expected position 522384550 , only wrote 522384480
2025-06-05 08:51:03.360 27211-27399 BufferPoolAccessor2.0   me.wcy.music                         D  bufferpool2 0x7c622897c058 : 5(40960 size) total buffers - 3(24576 size) used buffers - 361/366 (recycle/alloc) - 8/726 (fetch/transfer)
2025-06-05 08:51:03.362   332-10466 audio_hw_generic_caremu and...hardware.audio.service-caremu  D  audio_vbuffer_write audio_vbuffer is full
2025-06-05 08:51:03.406   332-10466 audio_hw_generic_caremu and...hardware.audio.service-caremu  D  audio_vbuffer_write audio_vbuffer is full
2025-06-05 08:51:03.416   368-521   AudioFlinger            audioserver                          D  mixer(0x72ac701c09a0) throttle end: throttle time(3)
2025-06-05 08:51:03.441   332-10466 audio_hw_generic_caremu and...hardware.audio.service-caremu  W  Not supplying enough data to HAL, expected position 522389708 , only wrote 522388800
2025-06-05 08:51:03.441   332-10466 audio_hw_generic_caremu and...hardware.audio.service-caremu  W  Not supplying enough data to HAL, expected position 522388810 , only wrote 522388800
2025-06-05 08:51:03.452   332-10466 audio_hw_generic_caremu and...hardware.audio.service-caremu  W  Not supplying enough data to HAL, expected position 522389334 , only wrote 522389280
2025-06-05 08:51:03.494  2155-2874  EGL_emulation           com.google.android.apps.maps         D  app_time_stats: avg=45.74ms min=15.44ms max=76.73ms count=21
2025-06-05 08:51:03.498   457-27404 BufferPoolAccessor2.0   mediaswcodec                         D  bufferpool2 0x722e05e7d598 : 4(18432 size) total buffers - 1(4608 size) used buffers - 363/367 (recycle/alloc) - 6/366 (fetch/transfer)
2025-06-05 08:51:03.509   332-10466 audio_hw_generic_caremu and...hardware.audio.service-caremu  D  audio_vbuffer_write audio_vbuffer is full
2025-06-05 08:51:03.542   913-931   CarPropertyService      com.android.car                      D  mSyncGetSetPropertyOpCount: 1
2025-06-05 08:51:03.548   913-931   CarPropertyService      com.android.car                      D  mSyncGetSetPropertyOpCount: 0
2025-06-05 08:51:03.552   332-10466 audio_hw_generic_caremu and...hardware.audio.service-caremu  D  audio_vbuffer_write audio_vbuffer is full
2025-06-05 08:51:03.595   332-10466 audio_hw_generic_caremu and...hardware.audio.service-caremu  D  audio_vbuffer_write audio_vbuffer is full
2025-06-05 08:51:03.613   332-10466 audio_hw_generic_caremu and...hardware.audio.service-caremu  W  Not supplying enough data to HAL, expected position 522397005 , only wrote 522396960
2025-06-05 08:51:03.641   332-10466 audio_hw_generic_caremu and...hardware.audio.service-caremu  D  audio_vbuffer_write audio_vbuffer is full
2025-06-05 08:51:03.654   332-10466 audio_hw_generic_caremu and...hardware.audio.service-caremu  W  Not supplying enough data to HAL, expected position 522398941 , only wrote 522398880
2025-06-05 08:51:03.654   332-10466 audio_hw_generic_caremu and...hardware.audio.service-caremu  W  Not supplying enough data to HAL, expected position 522398890 , only wrote 522398880
2025-06-05 08:51:03.753   368-521   AudioFlinger            audioserver                          D  mixer(0x72ac701c09a0) throttle end: throttle time(4)
2025-06-05 08:51:03.764   332-10466 audio_hw_generic_caremu and...hardware.audio.service-caremu  D  audio_vbuffer_write audio_vbuffer is full
2025-06-05 08:51:03.767 27211-27211 PlayerControllerImpl    me.wcy.music                         D  持续缓存检查 - 当前位置: 9727ms, 缓存位置: 30040ms, 领先时间: 20313ms
2025-06-05 08:51:03.768 27211-27211 PlayerControllerImpl    me.wcy.music                         D  当前歌曲已完全缓存
2025-06-05 08:51:03.768 27211-27211 PlayerControllerImpl    me.wcy.music                         D  缓存状态 - 当前位置: 9730ms, 缓存位置: 30040ms, 领先时间: 20310ms, 歌曲总长: 30040ms
2025-06-05 08:51:03.780  2127-11137 ImageFetcher            com.android.car.carlauncher          E  ImageLoadingTask#doInBackground: java.io.FileNotFoundException: https://p1.music.126.net/109951170507596130/109951170507596130.jpg?param=800y800
2025-06-05 08:51:03.810   332-10466 audio_hw_generic_caremu and...hardware.audio.service-caremu  W  Not supplying enough data to HAL, expected position 522406365 , only wrote 522405600
2025-06-05 08:51:03.812   332-10466 audio_hw_generic_caremu and...hardware.audio.service-caremu  W  Not supplying enough data to HAL, expected position 522405662 , only wrote 522405600
2025-06-05 08:51:03.819   332-3708  audio_hw_generic_caremu and...hardware.audio.service-caremu  D  audio_vbuffer_write audio_vbuffer is full
2025-06-05 08:51:03.819   332-3708  audio_hw_generic_caremu and...hardware.audio.service-caremu  W  in_read_worker only could write 0 / 240 frames
2025-06-05 08:51:03.819   332-3708  audio_hw_generic_caremu and...hardware.audio.service-caremu  D  audio_vbuffer_write audio_vbuffer is full
2025-06-05 08:51:03.820   332-3708  audio_hw_generic_caremu and...hardware.audio.service-caremu  W  in_read_worker only could write 0 / 240 frames
2025-06-05 08:51:03.826   368-521   AF::Track               audioserver                          D  interceptBuffer: took 6065us to intercept 0 tracks
2025-06-05 08:51:03.840   332-10466 audio_hw_generic_caremu and...hardware.audio.service-caremu  D  audio_vbuffer_write audio_vbuffer is full
2025-06-05 08:51:03.840  2127-2127  RenderScript            com.android.car.carlauncher          V  User-backed allocation failed stride requirement, falling back to separate allocation
2025-06-05 08:51:03.840  2127-2127  RenderScript            com.android.car.carlauncher          V  User-backed allocation failed stride requirement, falling back to separate allocation
2025-06-05 08:51:03.852   368-521   AudioFlinger            audioserver                          D  mixer(0x72ac701c09a0) throttle end: throttle time(2)
2025-06-05 08:51:03.857   332-10466 audio_hw_generic_caremu and...hardware.audio.service-caremu  W  Not supplying enough data to HAL, expected position 522407788 , only wrote 522407040
2025-06-05 08:51:03.858   332-10466 audio_hw_generic_caremu and...hardware.audio.service-caremu  W  Not supplying enough data to HAL, expected position 522407049 , only wrote 522407040
2025-06-05 08:51:03.866   332-3708  audio_hw_generic_caremu and...hardware.audio.service-caremu  D  audio_vbuffer_write audio_vbuffer is full
2025-06-05 08:51:03.866   332-3708  audio_hw_generic_caremu and...hardware.audio.service-caremu  W  in_read_worker only could write 0 / 240 frames
2025-06-05 08:51:03.867   332-10466 audio_hw_generic_caremu and...hardware.audio.service-caremu  W  Not supplying enough data to HAL, expected position 522407521 , only wrote 522407520
2025-06-05 08:51:03.953   913-931   CarPropertyService      com.android.car                      D  mSyncGetSetPropertyOpCount: 1
2025-06-05 08:51:03.955   913-931   CarPropertyService      com.android.car                      D  mSyncGetSetPropertyOpCount: 0
2025-06-05 08:51:03.969 27211-27241 EGL_emulation           me.wcy.music                         D  app_time_stats: avg=30.82ms min=4.66ms max=87.73ms count=25
2025-06-05 08:51:04.013   332-10466 audio_hw_generic_caremu and...hardware.audio.service-caremu  D  audio_vbuffer_write audio_vbuffer is full
2025-06-05 08:51:04.055   332-10466 audio_hw_generic_caremu and...hardware.audio.service-caremu  D  audio_vbuffer_write audio_vbuffer is full
2025-06-05 08:51:04.108   368-521   AudioFlinger            audioserver                          D  mixer(0x72ac701c09a0) throttle end: throttle time(19)
2025-06-05 08:51:04.143   332-10466 audio_hw_generic_caremu and...hardware.audio.service-caremu  D  audio_vbuffer_write audio_vbuffer is full
2025-06-05 08:51:04.170   332-10466 audio_hw_generic_caremu and...hardware.audio.service-caremu  W  Not supplying enough data to HAL, expected position 522422032 , only wrote 522421920
2025-06-05 08:51:04.190   332-10466 audio_hw_generic_caremu and...hardware.audio.service-caremu  D  audio_vbuffer_write audio_vbuffer is full
2025-06-05 08:51:04.234   332-10466 audio_hw_generic_caremu and...hardware.audio.service-caremu  D  audio_vbuffer_write audio_vbuffer is full
2025-06-05 08:51:04.260   332-3708  audio_hw_generic_caremu and...hardware.audio.service-caremu  D  audio_vbuffer_write audio_vbuffer is full
2025-06-05 08:51:04.260   332-3708  audio_hw_generic_caremu and...hardware.audio.service-caremu  W  in_read_worker only could write 0 / 240 frames
2025-06-05 08:51:04.264   332-10466 audio_hw_generic_caremu and...hardware.audio.service-caremu  W  Not supplying enough data to HAL, expected position 522426446 , only wrote 522425760
2025-06-05 08:51:04.264   332-10466 audio_hw_generic_caremu and...hardware.audio.service-caremu  W  Not supplying enough data to HAL, expected position 522425766 , only wrote 522425760
2025-06-05 08:51:04.286   368-521   AudioFlinger            audioserver                          D  mixer(0x72ac701c09a0) throttle end: throttle time(10)
2025-06-05 08:51:04.298   332-10466 audio_hw_generic_caremu and...hardware.audio.service-caremu  D  audio_vbuffer_write audio_vbuffer is full
2025-06-05 08:51:04.307   332-10466 audio_hw_generic_caremu and...hardware.audio.service-caremu  W  Not supplying enough data to HAL, expected position 522427795 , only wrote 522427680
2025-06-05 08:51:04.307   332-10466 audio_hw_generic_caremu and...hardware.audio.service-caremu  W  Not supplying enough data to HAL, expected position 522427689 , only wrote 522427680
2025-06-05 08:51:04.317   332-10466 audio_hw_generic_caremu and...hardware.audio.service-caremu  W  Not supplying enough data to HAL, expected position 522428163 , only wrote 522428160
2025-06-05 08:51:04.330  2155-2709  EGL_emulation           com.google.android.apps.maps         D  app_time_stats: avg=33.29ms min=6.05ms max=104.58ms count=20
2025-06-05 08:51:04.341   913-930   CarPropertyService      com.android.car                      D  mSyncGetSetPropertyOpCount: 1
2025-06-05 08:51:04.345   913-930   CarPropertyService      com.android.car                      D  mSyncGetSetPropertyOpCount: 0
2025-06-05 08:51:04.362   332-10466 audio_hw_generic_caremu and...hardware.audio.service-caremu  D  audio_vbuffer_write audio_vbuffer is full
2025-06-05 08:51:04.382   368-521   AudioFlinger            audioserver                          D  mixer(0x72ac701c09a0) throttle end: throttle time(1)
2025-06-05 08:51:04.416   332-10466 audio_hw_generic_caremu and...hardware.audio.service-caremu  D  audio_vbuffer_write audio_vbuffer is full
2025-06-05 08:51:04.452   332-10466 audio_hw_generic_caremu and...hardware.audio.service-caremu  D  audio_vbuffer_write audio_vbuffer is full
2025-06-05 08:51:04.459   368-521   AF::Track               audioserver                          D  interceptBuffer: took 1089us to intercept 0 tracks
2025-06-05 08:51:04.492   332-10466 audio_hw_generic_caremu and...hardware.audio.service-caremu  D  audio_vbuffer_write audio_vbuffer is full
2025-06-05 08:51:04.517  2155-2874  EGL_emulation           com.google.android.apps.maps         D  app_time_stats: avg=37.55ms min=6.12ms max=92.47ms count=25
2025-06-05 08:51:04.529   332-10466 audio_hw_generic_caremu and...hardware.audio.service-caremu  D  audio_vbuffer_write audio_vbuffer is full
2025-06-05 08:51:04.532 26960-27069 TrafficStats            com.android.vending                  D  tagSocket(94) with statsTag=0x4be64f9b, statsUid=-1
2025-06-05 08:51:04.574   332-10466 audio_hw_generic_caremu and...hardware.audio.service-caremu  D  audio_vbuffer_write audio_vbuffer is full
2025-06-05 08:51:04.620   332-10466 audio_hw_generic_caremu and...hardware.audio.service-caremu  D  audio_vbuffer_write audio_vbuffer is full
2025-06-05 08:51:04.662   368-521   AudioFlinger            audioserver                          D  mixer(0x72ac701c09a0) throttle end: throttle time(6)
2025-06-05 08:51:04.672   332-10466 audio_hw_generic_caremu and...hardware.audio.service-caremu  D  audio_vbuffer_write audio_vbuffer is full
2025-06-05 08:51:04.710   332-10466 audio_hw_generic_caremu and...hardware.audio.service-caremu  D  audio_vbuffer_write audio_vbuffer is full
2025-06-05 08:51:04.761   913-930   CarPropertyService      com.android.car                      D  mSyncGetSetPropertyOpCount: 1
2025-06-05 08:51:04.771   913-930   CarPropertyService      com.android.car                      D  mSyncGetSetPropertyOpCount: 0
2025-06-05 08:51:04.839 27211-27211 PlayerControllerImpl    me.wcy.music                         D  持续缓存检查 - 当前位置: 10801ms, 缓存位置: 30040ms, 领先时间: 19239ms
2025-06-05 08:51:04.839 27211-27211 PlayerControllerImpl    me.wcy.music                         D  当前歌曲已完全缓存
2025-06-05 08:51:04.893   332-10466 audio_hw_generic_caremu and...hardware.audio.service-caremu  W  Not supplying enough data to HAL, expected position 522455824 , only wrote 522454560
2025-06-05 08:51:04.921   332-10466 audio_hw_generic_caremu and...hardware.audio.service-caremu  D  audio_vbuffer_write audio_vbuffer is full
2025-06-05 08:51:04.946   368-521   AudioFlinger            audioserver                          D  mixer(0x72ac701c09a0) throttle end: throttle time(20)
2025-06-05 08:51:04.963   332-10466 audio_hw_generic_caremu and...hardware.audio.service-caremu  D  audio_vbuffer_write audio_vbuffer is full
2025-06-05 08:51:04.983   332-10466 audio_hw_generic_caremu and...hardware.audio.service-caremu  W  Not supplying enough data to HAL, expected position 522458867 , only wrote 522458400
2025-06-05 08:51:04.983   332-10466 audio_hw_generic_caremu and...hardware.audio.service-caremu  W  Not supplying enough data to HAL, expected position 522458418 , only wrote 522458400
2025-06-05 08:51:04.997   332-10466 audio_hw_generic_caremu and...hardware.audio.service-caremu  W  Not supplying enough data to HAL, expected position 522459069 , only wrote 522458880
2025-06-05 08:51:05.019   332-10466 audio_hw_generic_caremu and...hardware.audio.service-caremu  D  audio_vbuffer_write audio_vbuffer is full
2025-06-05 08:51:05.024   368-521   AudioFlinger            audioserver                          D  mixer(0x72ac701c09a0) throttle end: throttle time(3)
2025-06-05 08:51:05.025 27211-27241 EGL_emulation           me.wcy.music                         D  app_time_stats: avg=19.49ms min=2.72ms max=50.58ms count=31
2025-06-05 08:51:05.042   332-10466 audio_hw_generic_caremu and...hardware.audio.service-caremu  W  Not supplying enough data to HAL, expected position 522460997 , only wrote 522460800
2025-06-05 08:51:05.106   332-10466 audio_hw_generic_caremu and...hardware.audio.service-caremu  D  audio_vbuffer_write audio_vbuffer is full
2025-06-05 08:51:05.125   332-10466 audio_hw_generic_caremu and...hardware.audio.service-caremu  W  Not supplying enough data to HAL, expected position 522464819 , only wrote 522464640
2025-06-05 08:51:05.125   332-10466 audio_hw_generic_caremu and...hardware.audio.service-caremu  W  Not supplying enough data to HAL, expected position 522464653 , only wrote 522464640
2025-06-05 08:51:05.139   332-10466 audio_hw_generic_caremu and...hardware.audio.service-caremu  W  Not supplying enough data to HAL, expected position 522465279 , only wrote 522465120
2025-06-05 08:51:05.150   913-933   CarPropertyService      com.android.car                      D  mSyncGetSetPropertyOpCount: 1
2025-06-05 08:51:05.154   913-933   CarPropertyService      com.android.car                      D  mSyncGetSetPropertyOpCount: 0
2025-06-05 08:51:05.164   332-10466 audio_hw_generic_caremu and...hardware.audio.service-caremu  D  audio_vbuffer_write audio_vbuffer is full
2025-06-05 08:51:05.185   368-521   AudioFlinger            audioserver                          D  mixer(0x72ac701c09a0) throttle end: throttle time(8)
2025-06-05 08:51:05.202   332-10466 audio_hw_generic_caremu and...hardware.audio.service-caremu  D  audio_vbuffer_write audio_vbuffer is full
2025-06-05 08:51:05.220   332-10466 audio_hw_generic_caremu and...hardware.audio.service-caremu  W  Not supplying enough data to HAL, expected position 522469002 , only wrote 522468960
2025-06-05 08:51:05.242   332-10466 audio_hw_generic_caremu and...hardware.audio.service-caremu  D  audio_vbuffer_write audio_vbuffer is full
2025-06-05 08:51:05.278   332-3708  audio_hw_generic_caremu and...hardware.audio.service-caremu  D  audio_vbuffer_write audio_vbuffer is full
2025-06-05 08:51:05.278   332-3708  audio_hw_generic_caremu and...hardware.audio.service-caremu  W  in_read_worker only could write 0 / 240 frames
2025-06-05 08:51:05.298   332-10466 audio_hw_generic_caremu and...hardware.audio.service-caremu  D  audio_vbuffer_write audio_vbuffer is full
2025-06-05 08:51:05.311   332-10466 audio_hw_generic_caremu and...hardware.audio.service-caremu  W  Not supplying enough data to HAL, expected position 522473352 , only wrote 522472800
2025-06-05 08:51:05.311   332-10466 audio_hw_generic_caremu and...hardware.audio.service-caremu  W  Not supplying enough data to HAL, expected position 522472809 , only wrote 522472800
2025-06-05 08:51:05.321   332-10466 audio_hw_generic_caremu and...hardware.audio.service-caremu  W  Not supplying enough data to HAL, expected position 522473287 , only wrote 522473280
2025-06-05 08:51:05.333  2155-2709  EGL_emulation           com.google.android.apps.maps         D  app_time_stats: avg=43.80ms min=6.83ms max=142.53ms count=20
2025-06-05 08:51:05.335   368-521   AudioFlinger            audioserver                          D  mixer(0x72ac701c09a0) throttle end: throttle time(16)
2025-06-05 08:51:05.355   913-931   CarPropertyService      com.android.car                      D  mSyncGetSetPropertyOpCount: 1
2025-06-05 08:51:05.363   913-931   CarPropertyService      com.android.car                      D  mSyncGetSetPropertyOpCount: 0
2025-06-05 08:51:05.366   332-10466 audio_hw_generic_caremu and...hardware.audio.service-caremu  D  audio_vbuffer_write audio_vbuffer is full
2025-06-05 08:51:05.390   627-4540  MediaSessionService     system_server                        I  tempAllowlistTargetPkgIfPossible callingPackage:com.android.car.carlauncher targetPackage:me.wcy.music reason:MediaSessionRecord:android.support.v4.media.session.command.GET_EXTRA_BINDER [FGS]
2025-06-05 08:51:05.413  2127-2127  MediaSessionHelper      com.android.car.carlauncher          I  Saving last active media source me.wcy.music
2025-06-05 08:51:05.413  2127-2127  MediaViewModel          com.android.car.carlauncher          I  Setting Media view to source 波尼音乐
2025-06-05 08:51:05.419  2127-2127  RenderScript            com.android.car.carlauncher          V  User-backed allocation failed stride requirement, falling back to separate allocation
2025-06-05 08:51:05.419  2127-2127  RenderScript            com.android.car.carlauncher          V  User-backed allocation failed stride requirement, falling back to separate allocation
2025-06-05 08:51:05.483   332-3708  audio_hw_generic_caremu and...hardware.audio.service-caremu  D  audio_vbuffer_write audio_vbuffer is full
2025-06-05 08:51:05.483   332-3708  audio_hw_generic_caremu and...hardware.audio.service-caremu  W  in_read_worker only could write 0 / 240 frames
2025-06-05 08:51:05.483   332-10466 audio_hw_generic_caremu and...hardware.audio.service-caremu  W  Not supplying enough data to HAL, expected position 522481041 , only wrote 522480480
2025-06-05 08:51:05.489   332-3708  audio_hw_generic_caremu and...hardware.audio.service-caremu  D  audio_vbuffer_write audio_vbuffer is full
2025-06-05 08:51:05.489   332-3708  audio_hw_generic_caremu and...hardware.audio.service-caremu  W  in_read_worker only could write 0 / 240 frames
2025-06-05 08:51:05.495   368-521   AudioFlinger            audioserver                          D  mixer(0x72ac701c09a0) throttle end: throttle time(20)
2025-06-05 08:51:05.510   332-10466 audio_hw_generic_caremu and...hardware.audio.service-caremu  W  Not supplying enough data to HAL, expected position 522481792 , only wrote 522481440
2025-06-05 08:51:05.531  2127-2127  RenderScript            com.android.car.carlauncher          V  User-backed allocation failed stride requirement, falling back to separate allocation
2025-06-05 08:51:05.531  2127-2127  RenderScript            com.android.car.carlauncher          V  User-backed allocation failed stride requirement, falling back to separate allocation
2025-06-05 08:51:05.533  2127-2127  RenderScript            com.android.car.carlauncher          V  User-backed allocation failed stride requirement, falling back to separate allocation
2025-06-05 08:51:05.533  2127-2127  RenderScript            com.android.car.carlauncher          V  User-backed allocation failed stride requirement, falling back to separate allocation
2025-06-05 08:51:05.533  2127-2127  RenderScript            com.android.car.carlauncher          V  User-backed allocation failed stride requirement, falling back to separate allocation
2025-06-05 08:51:05.533  2127-2127  RenderScript            com.android.car.carlauncher          V  User-backed allocation failed stride requirement, falling back to separate allocation
2025-06-05 08:51:05.535  2127-2127  RenderScript            com.android.car.carlauncher          V  User-backed allocation failed stride requirement, falling back to separate allocation
2025-06-05 08:51:05.538  2127-2127  RenderScript            com.android.car.carlauncher          V  User-backed allocation failed stride requirement, falling back to separate allocation
2025-06-05 08:51:05.544  2155-2874  EGL_emulation           com.google.android.apps.maps         D  app_time_stats: avg=51.21ms min=18.96ms max=118.76ms count=20
2025-06-05 08:51:05.544  2127-2127  RenderScript            com.android.car.carlauncher          V  User-backed allocation failed stride requirement, falling back to separate allocation
2025-06-05 08:51:05.545  2127-2127  RenderScript            com.android.car.carlauncher          V  User-backed allocation failed stride requirement, falling back to separate allocation
2025-06-05 08:51:05.561  2127-11186 TrafficStats            com.android.car.carlauncher          D  tagSocket(102) with statsTag=0xffffffff, statsUid=-1
2025-06-05 08:51:05.606   627-1912  MediaSessionService     system_server                        I  tempAllowlistTargetPkgIfPossible callingPackage:com.android.car.carlauncher targetPackage:me.wcy.music reason:MediaSessionRecord:android.support.v4.media.session.command.GET_EXTRA_BINDER [FGS]
2025-06-05 08:51:05.609   332-10466 audio_hw_generic_caremu and...hardware.audio.service-caremu  D  audio_vbuffer_write audio_vbuffer is full
2025-06-05 08:51:05.633   368-521   AF::Track               audioserver                          D  interceptBuffer: took 862us to intercept 0 tracks
2025-06-05 08:51:05.644   332-10466 audio_hw_generic_caremu and...hardware.audio.service-caremu  D  audio_vbuffer_write audio_vbuffer is full
2025-06-05 08:51:05.685   332-10466 audio_hw_generic_caremu and...hardware.audio.service-caremu  D  audio_vbuffer_write audio_vbuffer is full
2025-06-05 08:51:05.685  2127-11186 ImageFetcher            com.android.car.carlauncher          E  ImageLoadingTask#doInBackground: java.io.FileNotFoundException: https://p1.music.126.net/109951170507596130/109951170507596130.jpg?param=800y800
2025-06-05 08:51:05.689  2127-2127  RenderScript            com.android.car.carlauncher          V  User-backed allocation failed stride requirement, falling back to separate allocation
2025-06-05 08:51:05.690  2127-2127  RenderScript            com.android.car.carlauncher          V  User-backed allocation failed stride requirement, falling back to separate allocation
2025-06-05 08:51:05.707   368-521   AudioFlinger            audioserver                          D  mixer(0x72ac701c09a0) throttle end: throttle time(29)
2025-06-05 08:51:05.761   332-10466 audio_hw_generic_caremu and...hardware.audio.service-caremu  D  audio_vbuffer_write audio_vbuffer is full
2025-06-05 08:51:05.766   913-1199  CarPropertyService      com.android.car                      D  mSyncGetSetPropertyOpCount: 1
2025-06-05 08:51:05.790   913-1199  CarPropertyService      com.android.car                      D  mSyncGetSetPropertyOpCount: 0
2025-06-05 08:51:05.811   332-10466 audio_hw_generic_caremu and...hardware.audio.service-caremu  W  Not supplying enough data to HAL, expected position 522495845 , only wrote 522494400
2025-06-05 08:51:05.811   332-10466 audio_hw_generic_caremu and...hardware.audio.service-caremu  W  Not supplying enough data to HAL, expected position 522494408 , only wrote 522494400
2025-06-05 08:51:05.821   332-10466 audio_hw_generic_caremu and...hardware.audio.service-caremu  W  Not supplying enough data to HAL, expected position 522494909 , only wrote 522494880
2025-06-05 08:51:05.822   332-10466 audio_hw_generic_caremu and...hardware.audio.service-caremu  W  Not supplying enough data to HAL, expected position 522494888 , only wrote 522494880
2025-06-05 08:51:05.829   368-521   AF::Track               audioserver                          D  interceptBuffer: took 942us to intercept 0 tracks
2025-06-05 08:51:05.839   332-10466 audio_hw_generic_caremu and...hardware.audio.service-caremu  W  Not supplying enough data to HAL, expected position 522495734 , only wrote 522495360
2025-06-05 08:51:05.852   332-10466 audio_hw_generic_caremu and...hardware.audio.service-caremu  D  audio_vbuffer_write audio_vbuffer is full
2025-06-05 08:51:05.861   332-3708  audio_hw_generic_caremu and...hardware.audio.service-caremu  D  audio_vbuffer_write audio_vbuffer is full
2025-06-05 08:51:05.863   332-3708  audio_hw_generic_caremu and...hardware.audio.service-caremu  W  in_read_worker only could write 0 / 240 frames
2025-06-05 08:51:05.876   332-10466 audio_hw_generic_caremu and...hardware.audio.service-caremu  W  Not supplying enough data to HAL, expected position 522497092 , only wrote 522496320
2025-06-05 08:51:05.877   332-10466 audio_hw_generic_caremu and...hardware.audio.service-caremu  W  Not supplying enough data to HAL, expected position 522496388 , only wrote 522496320
2025-06-05 08:51:05.887   332-10466 audio_hw_generic_caremu and...hardware.audio.service-caremu  D  audio_vbuffer_write audio_vbuffer is full
2025-06-05 08:51:05.899   332-3708  audio_hw_generic_caremu and...hardware.audio.service-caremu  D  audio_vbuffer_write audio_vbuffer is full
2025-06-05 08:51:05.899   332-10466 audio_hw_generic_caremu and...hardware.audio.service-caremu  W  Not supplying enough data to HAL, expected position 522497387 , only wrote 522496800
2025-06-05 08:51:05.899   332-10466 audio_hw_generic_caremu and...hardware.audio.service-caremu  W  Not supplying enough data to HAL, expected position 522496806 , only wrote 522496800
2025-06-05 08:51:05.903   332-3708  audio_hw_generic_caremu and...hardware.audio.service-caremu  W  in_read_worker only could write 0 / 240 frames
2025-06-05 08:51:05.910   332-10466 audio_hw_generic_caremu and...hardware.audio.service-caremu  W  Not supplying enough data to HAL, expected position 522497325 , only wrote 522497280
2025-06-05 08:51:05.910   332-10466 audio_hw_generic_caremu and...hardware.audio.service-caremu  W  Not supplying enough data to HAL, expected position 522497291 , only wrote 522497280
2025-06-05 08:51:05.921   332-10466 audio_hw_generic_caremu and...hardware.audio.service-caremu  W  Not supplying enough data to HAL, expected position 522497770 , only wrote 522497760
2025-06-05 08:51:05.953   913-26630 CarPropertyService      com.android.car                      D  mSyncGetSetPropertyOpCount: 1
2025-06-05 08:51:05.958   332-10466 audio_hw_generic_caremu and...hardware.audio.service-caremu  D  audio_vbuffer_write audio_vbuffer is full
2025-06-05 08:51:05.989   332-10466 audio_hw_generic_caremu and...hardware.audio.service-caremu  W  Not supplying enough data to HAL, expected position 522501039 , only wrote 522500640
2025-06-05 08:51:05.992   913-26630 CarPropertyService      com.android.car                      D  mSyncGetSetPropertyOpCount: 0
2025-06-05 08:51:05.993   332-10466 audio_hw_generic_caremu and...hardware.audio.service-caremu  W  Not supplying enough data to HAL, expected position 522500853 , only wrote 522500640
2025-06-05 08:51:06.012 27211-27211 PlayerControllerImpl    me.wcy.music                         D  持续缓存检查 - 当前位置: 11632ms, 缓存位置: 30040ms, 领先时间: 18408ms
2025-06-05 08:51:06.012 27211-27211 PlayerControllerImpl    me.wcy.music                         D  当前歌曲已完全缓存
2025-06-05 08:51:06.028   332-10466 audio_hw_generic_caremu and...hardware.audio.service-caremu  D  audio_vbuffer_write audio_vbuffer is full
2025-06-05 08:51:06.030   332-3708  audio_hw_generic_caremu and...hardware.audio.service-caremu  D  audio_vbuffer_write audio_vbuffer is full
2025-06-05 08:51:06.030   332-3708  audio_hw_generic_caremu and...hardware.audio.service-caremu  W  in_read_worker only could write 0 / 240 frames
2025-06-05 08:51:06.033   368-521   AF::Track               audioserver                          D  interceptBuffer: took 2423us to intercept 0 tracks
2025-06-05 08:51:06.047   332-10466 audio_hw_generic_caremu and...hardware.audio.service-caremu  W  Not supplying enough data to HAL, expected position 522503224 , only wrote 522502560
2025-06-05 08:51:06.047   332-10466 audio_hw_generic_caremu and...hardware.audio.service-caremu  W  Not supplying enough data to HAL, expected position 522502570 , only wrote 522502560
2025-06-05 08:51:06.051   368-521   AF::Track               audioserver                          D  interceptBuffer: took 2877us to intercept 0 tracks
2025-06-05 08:51:06.058   332-10466 audio_hw_generic_caremu and...hardware.audio.service-caremu  W  Not supplying enough data to HAL, expected position 522503070 , only wrote 522503040
2025-06-05 08:51:06.111   332-10466 audio_hw_generic_caremu and...hardware.audio.service-caremu  D  audio_vbuffer_write audio_vbuffer is full
2025-06-05 08:51:06.164 27211-27241 EGL_emulation           me.wcy.music                         D  app_time_stats: avg=43.01ms min=9.91ms max=173.82ms count=19
2025-06-05 08:51:06.198   332-10466 audio_hw_generic_caremu and...hardware.audio.service-caremu  D  audio_vbuffer_write audio_vbuffer is full
2025-06-05 08:51:06.224   332-10466 audio_hw_generic_caremu and...hardware.audio.service-caremu  W  Not supplying enough data to HAL, expected position 522510978 , only wrote 522510720
2025-06-05 08:51:06.231   332-10466 audio_hw_generic_caremu and...hardware.audio.service-caremu  W  Not supplying enough data to HAL, expected position 522511094 , only wrote 522510720
2025-06-05 08:51:06.360   332-10466 audio_hw_generic_caremu and...hardware.audio.service-caremu  D  audio_vbuffer_write audio_vbuffer is full
2025-06-05 08:51:06.377   913-930   CarPropertyService      com.android.car                      D  mSyncGetSetPropertyOpCount: 1
2025-06-05 08:51:06.408   332-10466 audio_hw_generic_caremu and...hardware.audio.service-caremu  D  audio_vbuffer_write audio_vbuffer is full
2025-06-05 08:51:06.421   913-930   CarPropertyService      com.android.car                      D  mSyncGetSetPropertyOpCount: 0
2025-06-05 08:51:06.447   332-10466 audio_hw_generic_caremu and...hardware.audio.service-caremu  D  audio_vbuffer_write audio_vbuffer is full
2025-06-05 08:51:06.489   332-10466 audio_hw_generic_caremu and...hardware.audio.service-caremu  D  audio_vbuffer_write audio_vbuffer is full
2025-06-05 08:51:06.499  2155-2709  EGL_emulation           com.google.android.apps.maps         D  app_time_stats: avg=72.12ms min=10.09ms max=214.48ms count=14
2025-06-05 08:51:06.548   332-10466 audio_hw_generic_caremu and...hardware.audio.service-caremu  D  audio_vbuffer_write audio_vbuffer is full
2025-06-05 08:51:06.549   913-930   CarPropertyService      com.android.car                      D  mSyncGetSetPropertyOpCount: 1
2025-06-05 08:51:06.574   913-930   CarPropertyService      com.android.car                      D  mSyncGetSetPropertyOpCount: 0
2025-06-05 08:51:06.594   332-10466 audio_hw_generic_caremu and...hardware.audio.service-caremu  D  audio_vbuffer_write audio_vbuffer is full
2025-06-05 08:51:06.643  2155-2874  EGL_emulation           com.google.android.apps.maps         D  app_time_stats: avg=62.97ms min=12.18ms max=212.12ms count=17
2025-06-05 08:51:06.704   332-3708  audio_hw_generic_caremu and...hardware.audio.service-caremu  D  audio_vbuffer_write audio_vbuffer is full
