                                                                                                    	at android.app.servertransaction.TransactionExecutor.executeCallbacks(TransactionExecutor.java:138)
                                                                                                    	at android.app.servertransaction.TransactionExecutor.execute(TransactionExecutor.java:95)
                                                                                                    	at android.app.ActivityThread$H.handleMessage(ActivityThread.java:2307)
                                                                                                    	at android.os.Handler.dispatchMessage(Handler.java:106)
                                                                                                    	at android.os.Looper.loopOnce(Looper.java:201)
                                                                                                    	at android.os.Looper.loop(Looper.java:288)
                                                                                                    	at android.app.ActivityThread.main(ActivityThread.java:7924)
                                                                                                    	at java.lang.reflect.Method.invoke(Native Method)
                                                                                                    	at com.android.internal.os.RuntimeInit$MethodAndArgsCaller.run(RuntimeInit.java:548)
                                                                                                    	at com.android.internal.os.ZygoteInit.main(ZygoteInit.java:936)
                                                                                                    Caused by: java.lang.IllegalStateException: Player not prepared after waiting!
                                                                                                    	at me.wcy.music.service.PlayServiceModule.providerPlayerController(PlayServiceModule.kt:40)
                                                                                                    	at me.wcy.music.service.PlayServiceModule_ProviderPlayerControllerFactory.providerPlayerController(PlayServiceModule_ProviderPlayerControllerFactory.java:43)
                                                                                                    	at me.wcy.music.DaggerMusicApplication_HiltComponents_SingletonC$SingletonCImpl.playerController(DaggerMusicApplication_HiltComponents_SingletonC.java:939)
                                                                                                    	at me.wcy.music.DaggerMusicApplication_HiltComponents_SingletonC$FragmentCImpl.injectDiscoverFragment2(DaggerMusicApplication_HiltComponents_SingletonC.java:542)
                                                                                                    	at me.wcy.music.DaggerMusicApplication_HiltComponents_SingletonC$FragmentCImpl.injectDiscoverFragment(DaggerMusicApplication_HiltComponents_SingletonC.java:436)
                                                                                                    	at me.wcy.music.discover.home.Hilt_DiscoverFragment.inject(Hilt_DiscoverFragment.java:104)
                                                                                                    	at me.wcy.music.discover.home.Hilt_DiscoverFragment.onAttach(Hilt_DiscoverFragment.java:54)
                                                                                                    	at androidx.fragment.app.Fragment.onAttach(Fragment.java:1884)
                                                                                                    	at me.wcy.music.discover.home.Hilt_DiscoverFragment.onAttach(Hilt_DiscoverFragment.java:41)
                                                                                                    	at androidx.fragment.app.Fragment.performAttach(Fragment.java:3071)
                                                                                                    	at androidx.fragment.app.FragmentStateManager.attach(FragmentStateManager.java:502)
                                                                                                    	at androidx.fragment.app.FragmentStateManager.moveToExpectedState(FragmentStateManager.java:271)
                                                                                                    	at androidx.fragment.app.FragmentStore.moveToExpectedState(FragmentStore.java:114)
                                                                                                    	at androidx.fragment.app.FragmentManager.moveToState(FragmentManager.java:1663)
                                                                                                    	at androidx.fragment.app.FragmentManager.dispatchStateChange(FragmentManager.java:3247)
                                                                                                    	at androidx.fragment.app.FragmentManager.dispatchCreate(FragmentManager.java:3154)
                                                                                                    	at androidx.fragment.app.FragmentController.dispatchCreate(FragmentController.java:252)
                                                                                                    	at androidx.fragment.app.FragmentActivity.onCreate(FragmentActivity.java:219)
                                                                                                    	at top.wangchenyan.common.ui.activity.BaseActivity.onCreate(BaseActivity.kt:23)
                                                                                                    	at me.wcy.music.common.BaseMusicActivity.onCreate(BaseMusicActivity.kt:16)
                                                                                                    	at me.wcy.music.main.MainActivity.onCreate(MainActivity.kt:54)
                                                                                                    	at android.app.Activity.performCreate(Activity.java:8342)
                                                                                                    	at android.app.Activity.performCreate(Activity.java:8321)
                                                                                                    	at android.app.Instrumentation.callActivityOnCreate(Instrumentation.java:1417)
                                                                                                    	at android.app.ActivityThread.performLaunchActivity(ActivityThread.java:3626)
                                                                                                    	at android.app.ActivityThread.handleLaunchActivity(ActivityThread.java:3782) 
                                                                                                    	at android.app.servertransaction.LaunchActivityItem.execute(LaunchActivityItem.java:101) 
                                                                                                    	at android.app.servertransaction.TransactionExecutor.executeCallbacks(TransactionExecutor.java:138) 
                                                                                                    	at android.app.servertransaction.TransactionExecutor.execute(TransactionExecutor.java:95) 
                                                                                                    	at android.app.ActivityThread$H.handleMessage(ActivityThread.java:2307) 
                                                                                                    	at android.os.Handler.dispatchMessage(Handler.java:106) 
                                                                                                    	at android.os.Looper.loopOnce(Looper.java:201) 
                                                                                                    	at android.os.Looper.loop(Looper.java:288) 
                                                                                                    	at android.app.ActivityThread.main(ActivityThread.java:7924) 
                                                                                                    	at java.lang.reflect.Method.invoke(Native Method) 
                                                                                                    	at com.android.internal.os.RuntimeInit$MethodAndArgsCaller.run(RuntimeInit.java:548) 
                                                                                                    	at com.android.internal.os.ZygoteInit.main(ZygoteInit.java:936) 
2025-06-05 04:49:43.081   627-18925 DropBoxManagerService   system_server                        I  add tag=data_app_crash isTagEnabled=true flags=0x2
2025-06-05 04:49:43.093   627-2017  ActivityTaskManager     system_server                        W    Force finishing activity me.wcy.music/.main.MainActivity
2025-06-05 04:49:43.130  1094-1094  DistantDis...Controller com.android.systemui                 D  onTaskMovedToFront: TaskInfo{userId=10 taskId=1000700 displayId=0 isRunning=true baseIntent=Intent { act=com.android.car.carlauncher.ACTION_APP_GRID flg=0x34000000 pkg=com.android.car.carlauncher cmp=com.android.car.carlauncher/.AppGridActivity } baseActivity=ComponentInfo{com.android.car.carlauncher/com.android.car.carlauncher.AppGridActivity} topActivity=ComponentInfo{com.android.car.carlauncher/com.android.car.carlauncher.AppGridActivity} origActivity=null realActivity=ComponentInfo{com.android.car.carlauncher/com.android.car.carlauncher.AppGridActivity} numActivities=1 lastActiveTime=28299468 supportsMultiWindow=true resizeMode=1 isResizeable=true minWidth=-1 minHeight=-1 defaultMinSize=220 token=WCT{android.window.IWindowContainerToken$Stub$Proxy@ffb8224} topActivityType=1 pictureInPictureParams=null shouldDockBigOverlays=false launchIntoPipHostTaskId=-1 lastParentTaskIdBeforePip=-1 displayCutoutSafeInsets=null topActivityInfo=ActivityInfo{b95918d com.android.car.carlauncher.AppGridActivity} launchCookies=[] positionInParent=Point(0, 0) parentTaskId=-1 isFocused=false isVisible=false isSleeping=false topActivityInSizeCompat=false topActivityEligibleForLetterboxEducation= false topActivityLetterboxed= false isFromDoubleTap= false topActivityLetterboxVerticalPosition= -1 topActivityLetterboxHorizontalPosition= -1 topActivityLetterboxWidth=-1 topActivityLetterboxHeight=-1 locusId=null displayAreaFeatureId=1 cameraCompatControlState=hidden} token: WCT{android.window.IWindowContainerToken$Stub$Proxy@ffb8224} displayId: 0
2025-06-05 04:49:43.130  1094-1094  DistantDis...Controller com.android.systemui                 D  Calling update button state in onTaskMovedToFront
2025-06-05 04:49:43.139 18893-18893 Process                 me.wcy.music                         I  Sending signal. PID: 18893 SIG: 9
2025-06-05 04:49:43.139   627-690   BroadcastQueue          system_server                        W  Background execution not allowed: receiving Intent { act=android.intent.action.DROPBOX_ENTRY_ADDED flg=0x10 (has extras) } to com.google.android.gms/.stats.service.DropBoxEntryAddedReceiver
2025-06-05 04:49:43.139   627-690   BroadcastQueue          system_server                        W  Background execution not allowed: receiving Intent { act=android.intent.action.DROPBOX_ENTRY_ADDED flg=0x10 (has extras) } to com.google.android.gms/.stats.service.DropBoxEntryAddedReceiver
2025-06-05 04:49:43.156   372-372   BpBinder                surfaceflinger                       I  onLastStrongRef automatically unlinking death recipients: <uncached descriptor>
2025-06-05 04:49:43.178   328-328   Zygote                  pid-328                              I  Process 18893 exited due to signal 9 (Killed)
2025-06-05 04:49:43.195   627-665   ActivityManager         system_server                        I  Process me.wcy.music (pid 18893) has died: fg  TOP 
2025-06-05 04:49:43.202   627-665   ActivityManager         system_server                        W  Scheduling restart of crashed service me.wcy.music/.service.MusicService in 3600000ms for start-requested
2025-06-05 04:49:43.206   627-692   libprocessgroup         system_server                        I  Successfully killed process cgroup uid 1010208 pid 18893 in 0ms
2025-06-05 04:49:43.216  1094-1302  EGL_emulation           com.android.systemui                 D  app_time_stats: avg=11026.19ms min=172.21ms max=43166.96ms count=4
2025-06-05 04:49:43.222   627-665   InputDispatcher         system_server                        W  Focused display #0 does not have a focused window.
2025-06-05 04:49:43.222   627-665   InputDispatcher         system_server                        E  But another display has a focused window
                                                                                                      FocusedWindows:
                                                                                                        displayId=6, name='5b80565 com.android.systemui/com.android.systemui.car.distantdisplay.activity.RootTaskViewWallpaperActivity'
                                                                                                        displayId=3, name='c2a5f96 com.android.systemui/com.android.systemui.car.distantdisplay.activity.DistantDisplayActivity'
                                                                                                        displayId=5, name='dc84093 com.android.systemui/com.android.systemui.car.distantdisplay.activity.NavigationTaskViewWallpaperActivity'
                                                                                                        displayId=2, name='92017ce com.android.car.cluster.osdouble/com.android.car.cluster.osdouble.ClusterOsDoubleActivity'
2025-06-05 04:49:43.231   913-3458  CAR.AM                  com.android.car                      I  onForegroundActivitiesChanged uid 1010118 pid 2127 fg true
2025-06-05 04:49:43.243   627-665   InputManager-JNI        system_server                        W  Input channel object 'a4f3e87 Splash Screen me.wcy.music (client)' was disposed without first being removed with the input manager!
2025-06-05 04:49:43.254   627-3284  WindowManager           system_server                        W  Failed looking up window session=Session{a1d988e 2127:u10a10118} callers=com.android.server.wm.WindowManagerService.windowForClientLocked:6050 com.android.server.wm.Session.setOnBackInvokedCallbackInfo:943 android.view.IWindowSession$Stub.onTransact:1180 
2025-06-05 04:49:43.254   627-3284  WindowManager           system_server                        E  setOnBackInvokedCallback(): No window state for package:com.android.car.carlauncher
2025-06-05 04:49:43.337   913-4689  CarPropertyService      com.android.car                      D  mSyncGetSetPropertyOpCount: 1
2025-06-05 04:49:43.340   913-4689  CarPropertyService      com.android.car                      D  mSyncGetSetPropertyOpCount: 0
2025-06-05 04:49:43.392  1094-1302  EGL_emulation           com.android.systemui                 D  app_time_stats: avg=12224.76ms min=226.34ms max=24223.18ms count=2
2025-06-05 04:49:43.393  2127-2407  OpenGLRenderer          com.android.car.carlauncher          E  Unable to match the desired swap behavior.
2025-06-05 04:49:43.422  2127-2127  CarUxRManager           com.android.car.carlauncher          I  Context returns display ID 0
2025-06-05 04:49:43.446   913-913   CarPackage...gerService com.android.car                      D  onWindowChange event received
2025-06-05 04:49:43.446  1094-1094  DistantDis...Controller com.android.systemui                 D  Task id: 1000713 removed from task stack
2025-06-05 04:49:43.446  1094-1094  DistantDis...Controller com.android.systemui                 D  Task id: 1000713 removed from task stack
2025-06-05 04:49:43.536   913-3458  CarPropertyService      com.android.car                      D  mSyncGetSetPropertyOpCount: 1
2025-06-05 04:49:43.545   913-3458  CarPropertyService      com.android.car                      D  mSyncGetSetPropertyOpCount: 0
2025-06-05 04:49:43.561  2127-2127  FocusParkingView        com.android.car.carlauncher          D  The window of Activity [com.android.car.carlauncher.AppGridActivity@83dbe2c] gained focus
2025-06-05 04:49:43.563  2127-2127  FocusAreaHelper         com.android.car.carlauncher          D  The window of Activity [com.android.car.carlauncher.AppGridActivity@83dbe2c] gained focus
2025-06-05 04:49:43.568  2127-2127  FocusAreaHelper         com.android.car.carlauncher          D  The window of Activity [com.android.car.carlauncher.AppGridActivity@83dbe2c] gained focus
2025-06-05 04:49:43.587   913-913   CarPackage...gerService com.android.car                      D  onWindowChange event received
2025-06-05 04:49:43.607   627-680   ActivityTaskManager     system_server                        W  Activity top resumed state loss timeout for ActivityRecord{e1927d5 u10 me.wcy.music/.main.MainActivity} t-1 f}}
2025-06-05 04:49:43.630  1503-1519  roid.car.rotary         com.android.car.rotary               I  Background young concurrent copying GC freed 26133(1934KB) AllocSpace objects, 0(0B) LOS objects, 47% free, 2178KB/4124KB, paused 25.799ms,62us total 68.114ms
2025-06-05 04:49:43.746  2155-2709  EGL_emulation           com.google.android.apps.maps         D  app_time_stats: avg=31.50ms min=3.58ms max=103.33ms count=29
2025-06-05 04:49:43.939   913-6783  CarPropertyService      com.android.car                      D  mSyncGetSetPropertyOpCount: 1
2025-06-05 04:49:43.947   913-6783  CarPropertyService      com.android.car                      D  mSyncGetSetPropertyOpCount: 0
2025-06-05 04:49:44.025  2155-2874  EGL_emulation           com.google.android.apps.maps         D  app_time_stats: avg=34.03ms min=6.81ms max=49.49ms count=30
2025-06-05 04:49:44.334   913-6783  CarPropertyService      com.android.car                      D  mSyncGetSetPropertyOpCount: 1
2025-06-05 04:49:44.335   913-6783  CarPropertyService      com.android.car                      D  mSyncGetSetPropertyOpCount: 0
2025-06-05 04:49:44.535   913-4689  CarPropertyService      com.android.car                      D  mSyncGetSetPropertyOpCount: 1
2025-06-05 04:49:44.545   913-4689  CarPropertyService      com.android.car                      D  mSyncGetSetPropertyOpCount: 0
2025-06-05 04:49:44.782  2155-2709  EGL_emulation           com.google.android.apps.maps         D  app_time_stats: avg=28.63ms min=2.90ms max=61.51ms count=30
2025-06-05 04:49:44.957   913-4689  CarPropertyService      com.android.car                      D  mSyncGetSetPropertyOpCount: 1
2025-06-05 04:49:44.958   913-4689  CarPropertyService      com.android.car                      D  mSyncGetSetPropertyOpCount: 0
2025-06-05 04:49:45.003  2127-2407  EGL_emulation           com.android.car.carlauncher          D  app_time_stats: avg=165.03ms min=8.91ms max=1199.62ms count=9
2025-06-05 04:49:45.064  2155-2874  EGL_emulation           com.google.android.apps.maps         D  app_time_stats: avg=34.62ms min=21.49ms max=62.77ms count=30
2025-06-05 04:49:45.338   913-4689  CarPropertyService      com.android.car                      D  mSyncGetSetPropertyOpCount: 1
2025-06-05 04:49:45.338   913-4689  CarPropertyService      com.android.car                      D  mSyncGetSetPropertyOpCount: 0
2025-06-05 04:49:45.539   913-6783  CarPropertyService      com.android.car                      D  mSyncGetSetPropertyOpCount: 1
2025-06-05 04:49:45.565   913-6783  CarPropertyService      com.android.car                      D  mSyncGetSetPropertyOpCount: 0
2025-06-05 04:49:45.795  1537-3718  native                  com.google.android.carassistant      W  W0000 00:00:1749070185.888400    3718 lag_detector.cc:36] Pipeline lagging by 2m46.133483879s. Continue processing samples.
2025-06-05 04:49:45.803  2155-2709  EGL_emulation           com.google.android.apps.maps         D  app_time_stats: avg=26.86ms min=3.66ms max=71.90ms count=25
2025-06-05 04:49:45.936   913-17893 CarPropertyService      com.android.car                      D  mSyncGetSetPropertyOpCount: 1
2025-06-05 04:49:45.937   913-17893 CarPropertyService      com.android.car                      D  mSyncGetSetPropertyOpCount: 0
2025-06-05 04:49:46.065  2155-2874  EGL_emulation           com.google.android.apps.maps         D  app_time_stats: avg=35.68ms min=2.62ms max=147.64ms count=28
2025-06-05 04:49:46.144   913-3458  CarPropertyService      com.android.car                      D  mSyncGetSetPropertyOpCount: 1
2025-06-05 04:49:46.148   913-3458  CarPropertyService      com.android.car                      D  mSyncGetSetPropertyOpCount: 0
2025-06-05 04:49:46.554   913-3458  CarPropertyService      com.android.car                      D  mSyncGetSetPropertyOpCount: 1
2025-06-05 04:49:46.561   913-3458  CarPropertyService      com.android.car                      D  mSyncGetSetPropertyOpCount: 0
2025-06-05 04:49:46.736   913-3458  CarPropertyService      com.android.car                      D  mSyncGetSetPropertyOpCount: 1
2025-06-05 04:49:46.737   913-3458  CarPropertyService      com.android.car                      D  mSyncGetSetPropertyOpCount: 0
2025-06-05 04:49:46.782   627-1785  TaskPersister           system_server                        E  File error accessing recents directory (directory doesn't exist?).
2025-06-05 04:49:46.783   627-1785  TaskPersister           system_server                        E  File error accessing recents directory (directory doesn't exist?).
2025-06-05 04:49:46.823  2155-2709  EGL_emulation           com.google.android.apps.maps         D  app_time_stats: avg=29.79ms min=4.05ms max=56.64ms count=31
2025-06-05 04:49:46.939   913-17893 CarPropertyService      com.android.car                      D  mSyncGetSetPropertyOpCount: 1
2025-06-05 04:49:46.941   913-17893 CarPropertyService      com.android.car                      D  mSyncGetSetPropertyOpCount: 0
2025-06-05 04:49:47.065  2155-2874  EGL_emulation           com.google.android.apps.maps         D  app_time_stats: avg=32.99ms min=16.61ms max=47.84ms count=30
2025-06-05 04:49:47.335   913-4689  CarPropertyService      com.android.car                      D  mSyncGetSetPropertyOpCount: 1
2025-06-05 04:49:47.341   913-4689  CarPropertyService      com.android.car                      D  mSyncGetSetPropertyOpCount: 0
2025-06-05 04:49:47.736   913-4689  CarPropertyService      com.android.car                      D  mSyncGetSetPropertyOpCount: 1
2025-06-05 04:49:47.741   913-4689  CarPropertyService      com.android.car                      D  mSyncGetSetPropertyOpCount: 0
2025-06-05 04:49:47.826  2155-2709  EGL_emulation           com.google.android.apps.maps         D  app_time_stats: avg=29.44ms min=2.60ms max=58.70ms count=30
2025-06-05 04:49:47.938   913-4689  CarPropertyService      com.android.car                      D  mSyncGetSetPropertyOpCount: 1
2025-06-05 04:49:47.944   913-4689  CarPropertyService      com.android.car                      D  mSyncGetSetPropertyOpCount: 0
2025-06-05 04:49:48.066  2155-2874  EGL_emulation           com.google.android.apps.maps         D  app_time_stats: avg=33.30ms min=21.66ms max=46.15ms count=30
2025-06-05 04:49:48.139   913-17893 CarPropertyService      com.android.car                      D  mSyncGetSetPropertyOpCount: 1
2025-06-05 04:49:48.141   913-17893 CarPropertyService      com.android.car                      D  mSyncGetSetPropertyOpCount: 0
2025-06-05 04:49:48.542   913-17893 CarPropertyService      com.android.car                      D  mSyncGetSetPropertyOpCount: 1
2025-06-05 04:49:48.555   913-17893 CarPropertyService      com.android.car                      D  mSyncGetSetPropertyOpCount: 0
2025-06-05 04:49:48.840  2155-2709  EGL_emulation           com.google.android.apps.maps         D  app_time_stats: avg=27.04ms min=1.06ms max=75.06ms count=29
2025-06-05 04:49:48.939   913-3458  CarPropertyService      com.android.car                      D  mSyncGetSetPropertyOpCount: 1
2025-06-05 04:49:48.940   913-3458  CarPropertyService      com.android.car                      D  mSyncGetSetPropertyOpCount: 0
2025-06-05 04:49:49.067  2155-2874  EGL_emulation           com.google.android.apps.maps         D  app_time_stats: avg=33.78ms min=4.24ms max=82.41ms count=29
2025-06-05 04:49:49.143   913-4689  CarPropertyService      com.android.car                      D  mSyncGetSetPropertyOpCount: 1
2025-06-05 04:49:49.144   913-4689  CarPropertyService      com.android.car                      D  mSyncGetSetPropertyOpCount: 0
2025-06-05 04:49:49.537   913-6783  CarPropertyService      com.android.car                      D  mSyncGetSetPropertyOpCount: 1
2025-06-05 04:49:49.540   913-6783  CarPropertyService      com.android.car                      D  mSyncGetSetPropertyOpCount: 0
2025-06-05 04:49:49.735   913-4689  CarPropertyService      com.android.car                      D  mSyncGetSetPropertyOpCount: 1
2025-06-05 04:49:49.736   913-4689  CarPropertyService      com.android.car                      D  mSyncGetSetPropertyOpCount: 0
2025-06-05 04:49:49.857  2155-2709  EGL_emulation           com.google.android.apps.maps         D  app_time_stats: avg=23.85ms min=2.78ms max=59.68ms count=30
2025-06-05 04:49:49.939   913-17893 CarPropertyService      com.android.car                      D  mSyncGetSetPropertyOpCount: 1
2025-06-05 04:49:49.941   913-17893 CarPropertyService      com.android.car                      D  mSyncGetSetPropertyOpCount: 0
2025-06-05 04:49:50.094  2155-2874  EGL_emulation           com.google.android.apps.maps         D  app_time_stats: avg=34.07ms min=15.99ms max=57.35ms count=30
2025-06-05 04:49:50.335   913-17893 CarPropertyService      com.android.car                      D  mSyncGetSetPropertyOpCount: 1
2025-06-05 04:49:50.340   913-17893 CarPropertyService      com.android.car                      D  mSyncGetSetPropertyOpCount: 0
2025-06-05 04:49:50.473  2155-18946 cr_CronetU...estContext com.google.android.apps.maps         I  destroyNativeStreamLocked org.chromium.net.impl.CronetBidirectionalStream@a9bd5e6
2025-06-05 04:49:50.551   913-17893 CarPropertyService      com.android.car                      D  mSyncGetSetPropertyOpCount: 1
2025-06-05 04:49:50.552   913-17893 CarPropertyService      com.android.car                      D  mSyncGetSetPropertyOpCount: 0
2025-06-05 04:49:50.896  2155-2709  EGL_emulation           com.google.android.apps.maps         D  app_time_stats: avg=24.37ms min=2.70ms max=124.68ms count=27
2025-06-05 04:49:50.939   913-17893 CarPropertyService      com.android.car                      D  mSyncGetSetPropertyOpCount: 1
2025-06-05 04:49:50.943   913-17893 CarPropertyService      com.android.car                      D  mSyncGetSetPropertyOpCount: 0
2025-06-05 04:49:51.098  2155-2874  EGL_emulation           com.google.android.apps.maps         D  app_time_stats: avg=35.69ms min=7.95ms max=88.99ms count=28
2025-06-05 04:49:51.335   913-3458  CarPropertyService      com.android.car                      D  mSyncGetSetPropertyOpCount: 1
2025-06-05 04:49:51.336   913-3458  CarPropertyService      com.android.car                      D  mSyncGetSetPropertyOpCount: 0
2025-06-05 04:49:51.539   913-6783  CarPropertyService      com.android.car                      D  mSyncGetSetPropertyOpCount: 1
2025-06-05 04:49:51.543   913-6783  CarPropertyService      com.android.car                      D  mSyncGetSetPropertyOpCount: 0
2025-06-05 04:49:51.710   182-200   EmulatedVehicleHardware and...e.vehicle@V1-emulator-service  D  Set value for property ID: 290459441
2025-06-05 04:49:51.727  2734-2747  e.process.gapps         com.google.process.gapps             W  Reducing the number of considered missed Gc histogram windows from 167 to 100
2025-06-05 04:49:51.897  2155-2709  EGL_emulation           com.google.android.apps.maps         D  app_time_stats: avg=32.70ms min=21.24ms max=42.55ms count=30
2025-06-05 04:49:51.938   913-4689  CarPropertyService      com.android.car                      D  mSyncGetSetPropertyOpCount: 1
2025-06-05 04:49:51.939   913-4689  CarPropertyService      com.android.car                      D  mSyncGetSetPropertyOpCount: 0
2025-06-05 04:49:52.099  2155-2874  EGL_emulation           com.google.android.apps.maps         D  app_time_stats: avg=33.25ms min=24.91ms max=41.70ms count=30
2025-06-05 04:49:52.338   913-3458  CarPropertyService      com.android.car                      D  mSyncGetSetPropertyOpCount: 1
2025-06-05 04:49:52.339   913-3458  CarPropertyService      com.android.car                      D  mSyncGetSetPropertyOpCount: 0
2025-06-05 04:49:52.535   913-6783  CarPropertyService      com.android.car                      D  mSyncGetSetPropertyOpCount: 1
2025-06-05 04:49:52.535   913-6783  CarPropertyService      com.android.car                      D  mSyncGetSetPropertyOpCount: 0
2025-06-05 04:49:52.736   913-3458  CarPropertyService      com.android.car                      D  mSyncGetSetPropertyOpCount: 1
2025-06-05 04:49:52.737   913-3458  CarPropertyService      com.android.car                      D  mSyncGetSetPropertyOpCount: 0
2025-06-05 04:49:52.913  2155-2709  EGL_emulation           com.google.android.apps.maps         D  app_time_stats: avg=30.22ms min=1.57ms max=46.53ms count=30
2025-06-05 04:49:53.115  2155-2874  EGL_emulation           com.google.android.apps.maps         D  app_time_stats: avg=33.24ms min=17.20ms max=46.94ms count=30
2025-06-05 04:49:53.134   913-6783  CarPropertyService      com.android.car                      D  mSyncGetSetPropertyOpCount: 1
2025-06-05 04:49:53.134   913-6783  CarPropertyService      com.android.car                      D  mSyncGetSetPropertyOpCount: 0
2025-06-05 04:49:53.196  1094-1302  EGL_emulation           com.android.systemui                 D  app_time_stats: avg=9979.64ms min=9979.64ms max=9979.64ms count=1
2025-06-05 04:49:53.337   913-17893 CarPropertyService      com.android.car                      D  mSyncGetSetPropertyOpCount: 1
2025-06-05 04:49:53.344   913-17893 CarPropertyService      com.android.car                      D  mSyncGetSetPropertyOpCount: 0
2025-06-05 04:49:53.736   913-4689  CarPropertyService      com.android.car                      D  mSyncGetSetPropertyOpCount: 1
2025-06-05 04:49:53.737   913-4689  CarPropertyService      com.android.car                      D  mSyncGetSetPropertyOpCount: 0
2025-06-05 04:49:53.939   913-17893 CarPropertyService      com.android.car                      D  mSyncGetSetPropertyOpCount: 1
2025-06-05 04:49:53.944   913-17893 CarPropertyService      com.android.car                      D  mSyncGetSetPropertyOpCount: 0
2025-06-05 04:49:53.949  2155-2709  EGL_emulation           com.google.android.apps.maps         D  app_time_stats: avg=22.73ms min=1.58ms max=43.74ms count=29
2025-06-05 04:49:54.136   913-4689  CarPropertyService      com.android.car                      D  mSyncGetSetPropertyOpCount: 1
2025-06-05 04:49:54.137   913-4689  CarPropertyService      com.android.car                      D  mSyncGetSetPropertyOpCount: 0
2025-06-05 04:49:54.146  2155-2874  EGL_emulation           com.google.android.apps.maps         D  app_time_stats: avg=34.88ms min=14.66ms max=62.98ms count=29
2025-06-05 04:49:54.340   913-4689  CarPropertyService      com.android.car                      D  mSyncGetSetPropertyOpCount: 1
2025-06-05 04:49:54.346   913-4689  CarPropertyService      com.android.car                      D  mSyncGetSetPropertyOpCount: 0
2025-06-05 04:49:54.739   913-17893 CarPropertyService      com.android.car                      D  mSyncGetSetPropertyOpCount: 1
2025-06-05 04:49:54.742   913-17893 CarPropertyService      com.android.car                      D  mSyncGetSetPropertyOpCount: 0
2025-06-05 04:49:55.005  2155-2709  EGL_emulation           com.google.android.apps.maps         D  app_time_stats: avg=20.15ms min=4.91ms max=46.25ms count=27
2025-06-05 04:49:55.140   913-6783  CarPropertyService      com.android.car                      D  mSyncGetSetPropertyOpCount: 1
2025-06-05 04:49:55.145   913-6783  CarPropertyService      com.android.car                      D  mSyncGetSetPropertyOpCount: 0
2025-06-05 04:49:55.167  2155-2874  EGL_emulation           com.google.android.apps.maps         D  app_time_stats: avg=37.31ms min=13.04ms max=92.57ms count=27
2025-06-05 04:49:55.543   913-4689  CarPropertyService      com.android.car                      D  mSyncGetSetPropertyOpCount: 1
2025-06-05 04:49:55.557   913-4689  CarPropertyService      com.android.car                      D  mSyncGetSetPropertyOpCount: 0
2025-06-05 04:49:55.752   913-17893 CarPropertyService      com.android.car                      D  mSyncGetSetPropertyOpCount: 1
2025-06-05 04:49:55.761   913-17893 CarPropertyService      com.android.car                      D  mSyncGetSetPropertyOpCount: 0
2025-06-05 04:49:55.792  1537-3718  native                  com.google.android.carassistant      W  W0000 00:00:1749070195.902197    3718 lag_detector.cc:36] Pipeline lagging by 2m46.167281453s. Continue processing samples.
2025-06-05 04:49:55.940   913-3458  CarPropertyService      com.android.car                      D  mSyncGetSetPropertyOpCount: 1
2025-06-05 04:49:55.962   913-3458  CarPropertyService      com.android.car                      D  mSyncGetSetPropertyOpCount: 0
2025-06-05 04:49:56.057  2155-2709  EGL_emulation           com.google.android.apps.maps         D  app_time_stats: avg=31.27ms min=2.75ms max=63.75ms count=28
2025-06-05 04:49:56.138   913-6783  CarPropertyService      com.android.car                      D  mSyncGetSetPropertyOpCount: 1
2025-06-05 04:49:56.139   913-6783  CarPropertyService      com.android.car                      D  mSyncGetSetPropertyOpCount: 0
2025-06-05 04:49:56.186  2155-2874  EGL_emulation           com.google.android.apps.maps         D  app_time_stats: avg=33.66ms min=15.69ms max=60.09ms count=30
2025-06-05 04:49:56.344   913-3458  CarPropertyService      com.android.car                      D  mSyncGetSetPropertyOpCount: 1
2025-06-05 04:49:56.354   913-3458  CarPropertyService      com.android.car                      D  mSyncGetSetPropertyOpCount: 0
2025-06-05 04:49:56.476   627-697   BatteryExt...tatsWorker system_server                        W  error reading Bluetooth stats: 9
2025-06-05 04:49:56.495   627-3755  TelephonyManager        system_server                        D  requestModemActivityInfo: Sending result to app: ModemActivityInfo{ mTimestamp=28360552 mSleepTimeMs=0 mIdleTimeMs=27641469 mActivityStatsTechSpecificInfo=[{mRat=UNKNOWN,mFrequencyRange=UNKNOWN,mTxTimeMs[]=[0, 0, 0, 0, 0],mRxTimeMs=0}]}
2025-06-05 04:49:56.740   913-4689  CarPropertyService      com.android.car                      D  mSyncGetSetPropertyOpCount: 1
2025-06-05 04:49:56.749   913-4689  CarPropertyService      com.android.car                      D  mSyncGetSetPropertyOpCount: 0
2025-06-05 04:49:57.078  2155-2709  EGL_emulation           com.google.android.apps.maps         D  app_time_stats: avg=26.20ms min=5.56ms max=52.13ms count=30
2025-06-05 04:49:57.139   913-3458  CarPropertyService      com.android.car                      D  mSyncGetSetPropertyOpCount: 1
2025-06-05 04:49:57.145   913-3458  CarPropertyService      com.android.car                      D  mSyncGetSetPropertyOpCount: 0
2025-06-05 04:49:57.220  2155-2874  EGL_emulation           com.google.android.apps.maps         D  app_time_stats: avg=33.25ms min=16.25ms max=49.31ms count=31
2025-06-05 04:49:57.536   913-6783  CarPropertyService      com.android.car                      D  mSyncGetSetPropertyOpCount: 1
2025-06-05 04:49:57.537   913-6783  CarPropertyService      com.android.car                      D  mSyncGetSetPropertyOpCount: 0
2025-06-05 04:49:57.738   913-3458  CarPropertyService      com.android.car                      D  mSyncGetSetPropertyOpCount: 1
2025-06-05 04:49:57.748   913-3458  CarPropertyService      com.android.car                      D  mSyncGetSetPropertyOpCount: 0
2025-06-05 04:49:58.107  2155-2709  EGL_emulation           com.google.android.apps.maps         D  app_time_stats: avg=32.32ms min=18.74ms max=40.96ms count=31
2025-06-05 04:49:58.138   913-3458  CarPropertyService      com.android.car                      D  mSyncGetSetPropertyOpCount: 1
2025-06-05 04:49:58.143   913-3458  CarPropertyService      com.android.car                      D  mSyncGetSetPropertyOpCount: 0
2025-06-05 04:49:58.248  2155-2874  EGL_emulation           com.google.android.apps.maps         D  app_time_stats: avg=33.00ms min=23.28ms max=39.36ms count=31
2025-06-05 04:49:58.535   913-3458  CarPropertyService      com.android.car                      D  mSyncGetSetPropertyOpCount: 1
2025-06-05 04:49:58.537   913-3458  CarPropertyService      com.android.car                      D  mSyncGetSetPropertyOpCount: 0
2025-06-05 04:49:58.737   913-4689  CarPropertyService      com.android.car                      D  mSyncGetSetPropertyOpCount: 1
2025-06-05 04:49:58.738   913-4689  CarPropertyService      com.android.car                      D  mSyncGetSetPropertyOpCount: 0
2025-06-05 04:49:59.107  2155-2709  EGL_emulation           com.google.android.apps.maps         D  app_time_stats: avg=32.78ms min=17.13ms max=45.25ms count=30
2025-06-05 04:49:59.135   913-4689  CarPropertyService      com.android.car                      D  mSyncGetSetPropertyOpCount: 1
2025-06-05 04:49:59.136   913-4689  CarPropertyService      com.android.car                      D  mSyncGetSetPropertyOpCount: 0
2025-06-05 04:49:59.252  2155-2874  EGL_emulation           com.google.android.apps.maps         D  app_time_stats: avg=33.40ms min=28.39ms max=37.43ms count=30
2025-06-05 04:49:59.335   913-6783  CarPropertyService      com.android.car                      D  mSyncGetSetPropertyOpCount: 1
2025-06-05 04:49:59.337   913-6783  CarPropertyService      com.android.car                      D  mSyncGetSetPropertyOpCount: 0
2025-06-05 04:49:59.539   913-4689  CarPropertyService      com.android.car                      D  mSyncGetSetPropertyOpCount: 1
2025-06-05 04:49:59.540   913-4689  CarPropertyService      com.android.car                      D  mSyncGetSetPropertyOpCount: 0
2025-06-05 04:49:59.935   913-3458  CarPropertyService      com.android.car                      D  mSyncGetSetPropertyOpCount: 1
2025-06-05 04:49:59.936   913-3458  CarPropertyService      com.android.car                      D  mSyncGetSetPropertyOpCount: 0
2025-06-05 04:50:00.033  1094-1302  EGL_emulation           com.android.systemui                 D  app_time_stats: avg=6836.02ms min=6836.02ms max=6836.02ms count=1
2025-06-05 04:50:00.136   913-17893 CarPropertyService      com.android.car                      D  mSyncGetSetPropertyOpCount: 1
2025-06-05 04:50:00.144   913-17893 CarPropertyService      com.android.car                      D  mSyncGetSetPropertyOpCount: 0
2025-06-05 04:50:00.145  2155-2709  EGL_emulation           com.google.android.apps.maps         D  app_time_stats: avg=33.30ms min=21.11ms max=42.13ms count=31
2025-06-05 04:50:00.259  2155-2874  EGL_emulation           com.google.android.apps.maps         D  app_time_stats: avg=33.48ms min=30.06ms max=40.02ms count=30
2025-06-05 04:50:00.538   913-6783  CarPropertyService      com.android.car                      D  mSyncGetSetPropertyOpCount: 1
2025-06-05 04:50:00.544   913-6783  CarPropertyService      com.android.car                      D  mSyncGetSetPropertyOpCount: 0
2025-06-05 04:50:00.936   913-6783  CarPropertyService      com.android.car                      D  mSyncGetSetPropertyOpCount: 1
2025-06-05 04:50:00.942   913-6783  CarPropertyService      com.android.car                      D  mSyncGetSetPropertyOpCount: 0
2025-06-05 04:50:01.138   913-17893 CarPropertyService      com.android.car                      D  mSyncGetSetPropertyOpCount: 1
2025-06-05 04:50:01.142   913-17893 CarPropertyService      com.android.car                      D  mSyncGetSetPropertyOpCount: 0
2025-06-05 04:50:01.171  2155-2709  EGL_emulation           com.google.android.apps.maps         D  app_time_stats: avg=30.85ms min=3.72ms max=45.45ms count=31
2025-06-05 04:50:01.287  2155-2874  EGL_emulation           com.google.android.apps.maps         D  app_time_stats: avg=32.88ms min=28.05ms max=35.10ms count=31
2025-06-05 04:50:01.535   913-17893 CarPropertyService      com.android.car                      D  mSyncGetSetPropertyOpCount: 1
2025-06-05 04:50:01.540   913-17893 CarPropertyService      com.android.car                      D  mSyncGetSetPropertyOpCount: 0
2025-06-05 04:50:01.738   913-6783  CarPropertyService      com.android.car                      D  mSyncGetSetPropertyOpCount: 1
2025-06-05 04:50:01.739   913-6783  CarPropertyService      com.android.car                      D  mSyncGetSetPropertyOpCount: 0
2025-06-05 04:50:02.136   913-3458  CarPropertyService      com.android.car                      D  mSyncGetSetPropertyOpCount: 1
2025-06-05 04:50:02.138   913-3458  CarPropertyService      com.android.car                      D  mSyncGetSetPropertyOpCount: 0
2025-06-05 04:50:02.172  2155-2709  EGL_emulation           com.google.android.apps.maps         D  app_time_stats: avg=33.09ms min=16.10ms max=43.57ms count=30
2025-06-05 04:50:02.315  2155-2874  EGL_emulation           com.google.android.apps.maps         D  app_time_stats: avg=33.03ms min=28.22ms max=35.47ms count=31
2025-06-05 04:50:02.339   913-4689  CarPropertyService      com.android.car                      D  mSyncGetSetPropertyOpCount: 1
2025-06-05 04:50:02.347   913-4689  CarPropertyService      com.android.car                      D  mSyncGetSetPropertyOpCount: 0
2025-06-05 04:50:02.743   913-3458  CarPropertyService      com.android.car                      D  mSyncGetSetPropertyOpCount: 1
2025-06-05 04:50:02.743   913-3458  CarPropertyService      com.android.car                      D  mSyncGetSetPropertyOpCount: 0
2025-06-05 04:50:03.075  1537-3718  native                  com.google.android.carassistant      I  I0000 00:00:1749070203.145532    3718 soda_async_impl.cc:1594] Current audio timestamp: 1749070037044915
2025-06-05 04:50:03.135   913-17893 CarPropertyService      com.android.car                      D  mSyncGetSetPropertyOpCount: 1
2025-06-05 04:50:03.136   913-17893 CarPropertyService      com.android.car                      D  mSyncGetSetPropertyOpCount: 0
2025-06-05 04:50:03.206  2155-2709  EGL_emulation           com.google.android.apps.maps         D  app_time_stats: avg=33.25ms min=25.12ms max=41.02ms count=31
2025-06-05 04:50:03.316  2155-2874  EGL_emulation           com.google.android.apps.maps         D  app_time_stats: avg=33.08ms min=26.80ms max=38.27ms count=30
2025-06-05 04:50:03.343   913-6783  CarPropertyService      com.android.car                      D  mSyncGetSetPropertyOpCount: 1
2025-06-05 04:50:03.343   913-6783  CarPropertyService      com.android.car                      D  mSyncGetSetPropertyOpCount: 0
2025-06-05 04:50:03.749   913-6783  CarPropertyService      com.android.car                      D  mSyncGetSetPropertyOpCount: 1
2025-06-05 04:50:03.756   913-6783  CarPropertyService      com.android.car                      D  mSyncGetSetPropertyOpCount: 0
2025-06-05 04:50:04.138   913-17893 CarPropertyService      com.android.car                      D  mSyncGetSetPropertyOpCount: 1
2025-06-05 04:50:04.139   913-17893 CarPropertyService      com.android.car                      D  mSyncGetSetPropertyOpCount: 0
2025-06-05 04:50:04.249  2155-2709  EGL_emulation           com.google.android.apps.maps         D  app_time_stats: avg=33.53ms min=22.49ms max=46.41ms count=31
2025-06-05 04:50:04.348  2155-2874  EGL_emulation           com.google.android.apps.maps         D  app_time_stats: avg=33.23ms min=21.53ms max=44.29ms count=31
2025-06-05 04:50:04.538   913-17893 CarPropertyService      com.android.car                      D  mSyncGetSetPropertyOpCount: 1
2025-06-05 04:50:04.540   913-17893 CarPropertyService      com.android.car                      D  mSyncGetSetPropertyOpCount: 0
2025-06-05 04:50:04.935   913-6783  CarPropertyService      com.android.car                      D  mSyncGetSetPropertyOpCount: 1
2025-06-05 04:50:04.936   913-6783  CarPropertyService      com.android.car                      D  mSyncGetSetPropertyOpCount: 0
2025-06-05 04:50:05.142   913-4689  CarPropertyService      com.android.car                      D  mSyncGetSetPropertyOpCount: 1
2025-06-05 04:50:05.144   913-4689  CarPropertyService      com.android.car                      D  mSyncGetSetPropertyOpCount: 0
2025-06-05 04:50:05.271  2155-2709  EGL_emulation           com.google.android.apps.maps         D  app_time_stats: avg=32.98ms min=16.46ms max=66.04ms count=30
2025-06-05 04:50:05.343   913-4689  CarPropertyService      com.android.car                      D  mSyncGetSetPropertyOpCount: 1
2025-06-05 04:50:05.344   913-4689  CarPropertyService      com.android.car                      D  mSyncGetSetPropertyOpCount: 0
2025-06-05 04:50:05.365  2155-2874  EGL_emulation           com.google.android.apps.maps         D  app_time_stats: avg=33.86ms min=25.61ms max=49.45ms count=30
2025-06-05 04:50:05.744   913-17893 CarPropertyService      com.android.car                      D  mSyncGetSetPropertyOpCount: 1
2025-06-05 04:50:05.746   913-17893 CarPropertyService      com.android.car                      D  mSyncGetSetPropertyOpCount: 0
2025-06-05 04:50:05.796  1537-3718  native                  com.google.android.carassistant      W  W0000 00:00:1749070205.796426    3718 lag_detector.cc:36] Pipeline lagging by 2m46.0415043s. Continue processing samples.
2025-06-05 04:50:06.134   913-17893 CarPropertyService      com.android.car                      D  mSyncGetSetPropertyOpCount: 1
2025-06-05 04:50:06.138   913-17893 CarPropertyService      com.android.car                      D  mSyncGetSetPropertyOpCount: 0
2025-06-05 04:50:06.286  2155-2709  EGL_emulation           com.google.android.apps.maps         D  app_time_stats: avg=32.57ms min=15.65ms max=38.83ms count=31
2025-06-05 04:50:06.335   913-6783  CarPropertyService      com.android.car                      D  mSyncGetSetPropertyOpCount: 1
2025-06-05 04:50:06.340   913-6783  CarPropertyService      com.android.car                      D  mSyncGetSetPropertyOpCount: 0
2025-06-05 04:50:06.366  2155-2874  EGL_emulation           com.google.android.apps.maps         D  app_time_stats: avg=33.22ms min=28.82ms max=37.80ms count=30
2025-06-05 04:50:06.538   913-6783  CarPropertyService      com.android.car                      D  mSyncGetSetPropertyOpCount: 1
2025-06-05 04:50:06.544   913-6783  CarPropertyService      com.android.car                      D  mSyncGetSetPropertyOpCount: 0
2025-06-05 04:50:06.939   913-4689  CarPropertyService      com.android.car                      D  mSyncGetSetPropertyOpCount: 1
2025-06-05 04:50:06.941   913-4689  CarPropertyService      com.android.car                      D  mSyncGetSetPropertyOpCount: 0
2025-06-05 04:50:07.320  2155-2709  EGL_emulation           com.google.android.apps.maps         D  app_time_stats: avg=33.12ms min=26.59ms max=40.60ms count=31
2025-06-05 04:50:07.340   913-4689  CarPropertyService      com.android.car                      D  mSyncGetSetPropertyOpCount: 1
2025-06-05 04:50:07.345   913-4689  CarPropertyService      com.android.car                      D  mSyncGetSetPropertyOpCount: 0
2025-06-05 04:50:07.398  2155-2874  EGL_emulation           com.google.android.apps.maps         D  app_time_stats: avg=33.19ms min=24.62ms max=42.08ms count=31
2025-06-05 04:50:07.541   913-4689  CarPropertyService      com.android.car                      D  mSyncGetSetPropertyOpCount: 1
2025-06-05 04:50:07.547   913-4689  CarPropertyService      com.android.car                      D  mSyncGetSetPropertyOpCount: 0
2025-06-05 04:50:07.936   913-3458  CarPropertyService      com.android.car                      D  mSyncGetSetPropertyOpCount: 1
2025-06-05 04:50:07.942   913-3458  CarPropertyService      com.android.car                      D  mSyncGetSetPropertyOpCount: 0
2025-06-05 04:50:08.328  2155-2709  EGL_emulation           com.google.android.apps.maps         D  app_time_stats: avg=33.40ms min=25.62ms max=42.64ms count=30
2025-06-05 04:50:08.338   913-3458  CarPropertyService      com.android.car                      D  mSyncGetSetPropertyOpCount: 1
2025-06-05 04:50:08.342   913-3458  CarPropertyService      com.android.car                      D  mSyncGetSetPropertyOpCount: 0
2025-06-05 04:50:08.399  2155-2874  EGL_emulation           com.google.android.apps.maps         D  app_time_stats: avg=33.23ms min=30.40ms max=36.60ms count=30
2025-06-05 04:50:08.737   913-3458  CarPropertyService      com.android.car                      D  mSyncGetSetPropertyOpCount: 1
2025-06-05 04:50:08.740   913-3458  CarPropertyService      com.android.car                      D  mSyncGetSetPropertyOpCount: 0
2025-06-05 04:50:09.135   913-4689  CarPropertyService      com.android.car                      D  mSyncGetSetPropertyOpCount: 1
2025-06-05 04:50:09.136   913-4689  CarPropertyService      com.android.car                      D  mSyncGetSetPropertyOpCount: 0
2025-06-05 04:50:09.336   913-17893 CarPropertyService      com.android.car                      D  mSyncGetSetPropertyOpCount: 1
2025-06-05 04:50:09.339   913-17893 CarPropertyService      com.android.car                      D  mSyncGetSetPropertyOpCount: 0
2025-06-05 04:50:09.363  2155-2709  EGL_emulation           com.google.android.apps.maps         D  app_time_stats: avg=32.57ms min=20.76ms max=46.12ms count=31
2025-06-05 04:50:09.403  2155-2874  EGL_emulation           com.google.android.apps.maps         D  app_time_stats: avg=33.38ms min=29.17ms max=39.57ms count=30
