2025-06-05 08:50:55.158 27211-27306 MusicHttp               me.wcy.music                         W  │ CCF211EE8BE850D4529D23B534E77B5D7043577DCFE3F0327FE687017BFAAFAE643D0471939B70A61FEEEB85CC3B03DC5A8B763FEFB85B
2025-06-05 08:50:55.159 27211-27306 MusicHttp               me.wcy.music                         W  │ 52FA5028760F5D56EB2CAC969F9DF8BD9DC2BB6F49E26760A31CBBBC05E6FD153669ABC084DE4ACDA7287E0B29F2C7AF; Max-Age=1555
2025-06-05 08:50:55.160 27211-27306 MusicHttp               me.wcy.music                         W  │ 2000; Expires=Sat, 29 Nov 2025 12:18:05 GMT; Path=\/; HTTPOnly;MUSIC_A_T=1745806254313; Max-Age=2147483647; Ex
2025-06-05 08:50:55.161 27211-27306 MusicHttp               me.wcy.music                         W  │ pires=Sat, 20 Jun 2093 15:32:12 GMT; Path=\/eapi\/feedback; HTTPOnly;MUSIC_R_T=1745806254456; Max-Age=21474836
2025-06-05 08:50:55.161 27211-27306 MusicHttp               me.wcy.music                         W  │ 47; Expires=Sat, 20 Jun 2093 15:32:12 GMT; Path=\/eapi\/clientlog; HTTPOnly;MUSIC_A_T=1745806254313; Max-Age=2
2025-06-05 08:50:55.162 27211-27306 MusicHttp               me.wcy.music                         W  │ 147483647; Expires=Sat, 20 Jun 2093 15:32:12 GMT; Path=\/eapi\/clientlog; HTTPOnly;MUSIC_A_T=1745806254313; Ma
2025-06-05 08:50:55.162 27211-27306 MusicHttp               me.wcy.music                         W  │ x-Age=2147483647; Expires=Sat, 20 Jun 2093 15:32:12 GMT; Path=\/neapi\/feedback; HTTPOnly;MUSIC_R_T=1745806254
2025-06-05 08:50:55.162 27211-27306 MusicHttp               me.wcy.music                         W  │ 456; Max-Age=2147483647; Expires=Sat, 20 Jun 2093 15:32:12 GMT; Path=\/weapi\/clientlog; HTTPOnly;MUSIC_A_T=17
2025-06-05 08:50:55.162 27211-27306 MusicHttp               me.wcy.music                         W  │ 45806254313; Max-Age=2147483647; Expires=Sat, 20 Jun 2093 15:32:12 GMT; Path=\/openapi\/clientlog; HTTPOnly;MU
2025-06-05 08:50:55.164 27211-27306 MusicHttp               me.wcy.music                         W  │ SIC_A_T=1745806254313; Max-Age=2147483647; Expires=Sat, 20 Jun 2093 15:32:12 GMT; Path=\/api\/feedback; HTTPOn
2025-06-05 08:50:55.164 27211-27306 MusicHttp               me.wcy.music                         W  │ ly;MUSIC_A_T=1745806254313; Max-Age=2147483647; Expires=Sat, 20 Jun 2093 15:32:12 GMT; Path=\/weapi\/clientlog
2025-06-05 08:50:55.164 27211-27306 MusicHttp               me.wcy.music                         W  │ ; HTTPOnly;MUSIC_A_T=1745806254313; Max-Age=2147483647; Expires=Sat, 20 Jun 2093 15:32:12 GMT; Path=\/api\/cli
2025-06-05 08:50:55.164 27211-27306 MusicHttp               me.wcy.music                         W  │ entlog; HTTPOnly;MUSIC_R_T=1745806254456; Max-Age=2147483647; Expires=Sat, 20 Jun 2093 15:32:12 GMT; Path=\/we
2025-06-05 08:50:55.164 27211-27306 MusicHttp               me.wcy.music                         W  │ api\/feedback; HTTPOnly;MUSIC_A_T=1745806254313; Max-Age=2147483647; Expires=Sat, 20 Jun 2093 15:32:12 GMT; Pa
2025-06-05 08:50:55.164 27211-27306 MusicHttp               me.wcy.music                         W  │ th=\/wapi\/clientlog; HTTPOnly;MUSIC_R_T=1745806254456; Max-Age=2147483647; Expires=Sat, 20 Jun 2093 15:32:12 
2025-06-05 08:50:55.164 27211-27306 MusicHttp               me.wcy.music                         W  │ GMT; Path=\/api\/feedback; HTTPOnly;__csrf=fc25b41f1dc18b5c529d2baefef75f25; Max-Age=1296010; Expires=Tue, 17 
2025-06-05 08:50:55.164 27211-27306 MusicHttp               me.wcy.music                         W  │ Jun 2025 12:18:15 GMT; Path=\/;;MUSIC_R_T=1745806254456; Max-Age=2147483647; Expires=Sat, 20 Jun 2093 15:32:12
2025-06-05 08:50:55.164 27211-27306 MusicHttp               me.wcy.music                         W  │  GMT; Path=\/api\/clientlog; HTTPOnly;MUSIC_A_T=1745806254313; Max-Age=2147483647; Expires=Sat, 20 Jun 2093 15
2025-06-05 08:50:55.164 27211-27306 MusicHttp               me.wcy.music                         W  │ :32:12 GMT; Path=\/wapi\/feedback; HTTPOnly;MUSIC_R_T=1745806254456; Max-Age=2147483647; Expires=Sat, 20 Jun 2
2025-06-05 08:50:55.164 27211-27306 MusicHttp               me.wcy.music                         W  │ 093 15:32:12 GMT; Path=\/openapi\/clientlog; HTTPOnly;MUSIC_R_T=1745806254456; Max-Age=2147483647; Expires=Sat
2025-06-05 08:50:55.164 27211-27306 MusicHttp               me.wcy.music                         W  │ , 20 Jun 2093 15:32:12 GMT; Path=\/wapi\/feedback; HTTPOnly;NMTID=00O3rbh7UEK4o4Mw0TbhqBa380P57kAAAGXMJPaPQ; M
2025-06-05 08:50:55.164 27211-27306 MusicHttp               me.wcy.music                         W  │ ax-Age=315360000; Expires=Thu, 31 May 2035 12:18:05 GMT; Path=\/;;MUSIC_A_T=1745806254313; Max-Age=2147483647;
2025-06-05 08:50:55.164 27211-27306 MusicHttp               me.wcy.music                         W  │  Expires=Sat, 20 Jun 2093 15:32:12 GMT; Path=\/neapi\/clientlog; HTTPOnly;MUSIC_R_T=1745806254456; Max-Age=214
2025-06-05 08:50:55.164 27211-27306 MusicHttp               me.wcy.music                         W  │ 7483647; Expires=Sat, 20 Jun 2093 15:32:12 GMT; Path=\/neapi\/feedback; HTTPOnly;MUSIC_A_T=1745806254313; Max-
2025-06-05 08:50:55.164 27211-27306 MusicHttp               me.wcy.music                         W  │ Age=2147483647; Expires=Sat, 20 Jun 2093 15:32:12 GMT; Path=\/weapi\/feedback; HTTPOnly;MUSIC_R_T=174580625445
2025-06-05 08:50:55.164 27211-27306 MusicHttp               me.wcy.music                         W  │ 6; Max-Age=2147483647; Expires=Sat, 20 Jun 2093 15:32:12 GMT; Path=\/wapi\/clientlog; HTTPOnly;MUSIC_SNS=; Max
2025-06-05 08:50:55.164 27211-27306 MusicHttp               me.wcy.music                         W  │ -Age=0; Expires=Mon, 02 Jun 2025 12:18:05 GMT; Path=\/"
2025-06-05 08:50:55.166 27211-27306 MusicHttp               me.wcy.music                         W  │ }
2025-06-05 08:50:55.166 27211-27306 MusicHttp               me.wcy.music                         W  │ 4045-byte body
2025-06-05 08:50:55.166 27211-27306 MusicHttp               me.wcy.music                         W  └───────────────────────────────────────────────────────────────────────────────────────
2025-06-05 08:50:55.170 27211-27211 PlayerControllerImpl    me.wcy.music                         D  持续缓存检查 - 当前位置: 1919ms, 缓存位置: 30040ms, 领先时间: 28121ms
2025-06-05 08:50:55.170 27211-27211 PlayerControllerImpl    me.wcy.music                         D  当前歌曲已完全缓存
2025-06-05 08:50:55.172 27211-27211 AutomotiveNotification  me.wcy.music                         D  createNotification() - 创建标准化Android Automotive媒体通知
2025-06-05 08:50:55.172 27211-27211 AutomotiveNotification  me.wcy.music                         D  buildStandardizedMediaNotification() - 构建标准化媒体通知
2025-06-05 08:50:55.173 27211-27211 AutomotiveNotification  me.wcy.music                         D  addOptimizedPlaybackActions() - 添加优化的播放控制按钮
2025-06-05 08:50:55.178   332-10466 audio_hw_generic_caremu and...hardware.audio.service-caremu  D  audio_vbuffer_write audio_vbuffer is full
2025-06-05 08:50:55.187 27211-27211 AutomotiveNotification  me.wcy.music                         D  addOptimizedPlaybackActions() - 优化的播放控制按钮添加完成，播放状态: true
2025-06-05 08:50:55.187 27211-27211 AutomotiveNotification  me.wcy.music                         D  setupStandardizedMediaStyle() - 设置标准化MediaStyle
2025-06-05 08:50:55.187 27211-27211 AutomotiveNotification  me.wcy.music                         D  setupStandardizedMediaStyle() - 标准化MediaStyle设置完成，系统自动管理
2025-06-05 08:50:55.187 27211-27211 AutomotiveNotification  me.wcy.music                         D  buildStandardizedMediaNotification() - 标准化媒体通知构建完成
2025-06-05 08:50:55.190 27211-27211 AutomotiveNotification  me.wcy.music                         D  createNotification() - 标准化媒体通知创建完成，播放状态: true
2025-06-05 08:50:55.214   332-10466 audio_hw_generic_caremu and...hardware.audio.service-caremu  D  audio_vbuffer_write audio_vbuffer is full
2025-06-05 08:50:55.224   368-521   AudioFlinger            audioserver                          D  mixer(0x72ac701c09a0) throttle end: throttle time(3)
2025-06-05 08:50:55.250 27211-27211 AutomotiveNotification  me.wcy.music                         D  createNotification() - 创建标准化Android Automotive媒体通知
2025-06-05 08:50:55.250 27211-27211 AutomotiveNotification  me.wcy.music                         D  buildStandardizedMediaNotification() - 构建标准化媒体通知
2025-06-05 08:50:55.250 27211-27211 AutomotiveNotification  me.wcy.music                         D  addOptimizedPlaybackActions() - 添加优化的播放控制按钮
2025-06-05 08:50:55.261   332-10466 audio_hw_generic_caremu and...hardware.audio.service-caremu  D  audio_vbuffer_write audio_vbuffer is full
2025-06-05 08:50:55.273  1094-1094  PreprocessingManager    com.android.systemui                 D  -1|android|34|NetworkPolicy:55809203:34|1000 is not a foreground notification.
2025-06-05 08:50:55.275  1094-1302  EGL_emulation           com.android.systemui                 D  app_time_stats: avg=442.05ms min=207.22ms max=806.44ms count=4
2025-06-05 08:50:55.278  1094-1094  PreprocessingManager    com.android.systemui                 D  -1|android|34|NetworkPolicy:55809203:34|1000 is not a foreground notification.
2025-06-05 08:50:55.288 27211-27211 AutomotiveNotification  me.wcy.music                         D  addOptimizedPlaybackActions() - 优化的播放控制按钮添加完成，播放状态: true
2025-06-05 08:50:55.288 27211-27211 AutomotiveNotification  me.wcy.music                         D  setupStandardizedMediaStyle() - 设置标准化MediaStyle
2025-06-05 08:50:55.288 27211-27211 AutomotiveNotification  me.wcy.music                         D  setupStandardizedMediaStyle() - 标准化MediaStyle设置完成，系统自动管理
2025-06-05 08:50:55.288 27211-27211 AutomotiveNotification  me.wcy.music                         D  buildStandardizedMediaNotification() - 标准化媒体通知构建完成
2025-06-05 08:50:55.290 27211-27211 AutomotiveNotification  me.wcy.music                         D  createNotification() - 标准化媒体通知创建完成，播放状态: true
2025-06-05 08:50:55.303   332-10466 audio_hw_generic_caremu and...hardware.audio.service-caremu  D  audio_vbuffer_write audio_vbuffer is full
2025-06-05 08:50:55.339  1094-1094  CarNotificationAdapter  com.android.systemui                 I  Big text style is not supported as a car notification
2025-06-05 08:50:55.341   332-10466 audio_hw_generic_caremu and...hardware.audio.service-caremu  D  audio_vbuffer_write audio_vbuffer is full
2025-06-05 08:50:55.351   913-930   CarPropertyService      com.android.car                      D  mSyncGetSetPropertyOpCount: 1
2025-06-05 08:50:55.358   913-930   CarPropertyService      com.android.car                      D  mSyncGetSetPropertyOpCount: 0
2025-06-05 08:50:55.382   332-10466 audio_hw_generic_caremu and...hardware.audio.service-caremu  D  audio_vbuffer_write audio_vbuffer is full
2025-06-05 08:50:55.412  1094-1094  CarNotificationAdapter  com.android.systemui                 I  Big text style is not supported as a car notification
2025-06-05 08:50:55.414 27211-27306 MusicHttp               me.wcy.music                         W  ┌────── Response ───────────────────────────────────────────────────────────────────────
2025-06-05 08:50:55.414 27211-27306 MusicHttp               me.wcy.music                         W  │ URL: https://ncm.zhenxin.me/song/url/v1?id=1958031074&level=exhigh
2025-06-05 08:50:55.414 27211-27306 MusicHttp               me.wcy.music                         W  │ 
2025-06-05 08:50:55.414 27211-27306 MusicHttp               me.wcy.music                         W  │ /song/url/v1 - [is success : true] - Received in: 237ms
2025-06-05 08:50:55.414 27211-27306 MusicHttp               me.wcy.music                         W  │ 
2025-06-05 08:50:55.414 27211-27306 MusicHttp               me.wcy.music                         W  │ Status Code: 200 / 
2025-06-05 08:50:55.415 27211-27306 MusicHttp               me.wcy.music                         W  │ 
2025-06-05 08:50:55.415 27211-27306 MusicHttp               me.wcy.music                         W  │ Headers:
2025-06-05 08:50:55.415 27211-27306 MusicHttp               me.wcy.music                         W  │ server: openresty
2025-06-05 08:50:55.415 27211-27306 MusicHttp               me.wcy.music                         W  │ date: Thu, 05 Jun 2025 00:51:04 GMT
2025-06-05 08:50:55.415 27211-27306 MusicHttp               me.wcy.music                         W  │ content-type: application/json; charset=utf-8
2025-06-05 08:50:55.415 27211-27306 MusicHttp               me.wcy.music                         W  │ content-length: 1088
2025-06-05 08:50:55.415 27211-27306 MusicHttp               me.wcy.music                         W  │ x-powered-by: Express
2025-06-05 08:50:55.415 27211-27306 MusicHttp               me.wcy.music                         W  │ access-control-allow-credentials: true
2025-06-05 08:50:55.415 27211-27306 MusicHttp               me.wcy.music                         W  │ access-control-allow-origin: *
2025-06-05 08:50:55.415 27211-27306 MusicHttp               me.wcy.music                         W  │ access-control-allow-headers: X-Requested-With,Content-Type
2025-06-05 08:50:55.415 27211-27306 MusicHttp               me.wcy.music                         W  │ access-control-allow-methods: PUT,POST,GET,DELETE,OPTIONS
2025-06-05 08:50:55.415 27211-27306 MusicHttp               me.wcy.music                         W  │ set-cookie: NMTID=00Oe9f1NbNsSvQXw0S1n4-ZF3gTEz4AAAGXPZH0QQ; Max-Age=315360000; Expires=Sun, 03 Jun 2035 00:51
2025-06-05 08:50:55.415 27211-27306 MusicHttp               me.wcy.music                         W  │ :04 GMT; Path=/;; SameSite=None; Secure
2025-06-05 08:50:55.415 27211-27306 MusicHttp               me.wcy.music                         W  │ etag: W/"440-MAmWjk8RUscU0AcslATcNGz7BMA"
2025-06-05 08:50:55.415 27211-27306 MusicHttp               me.wcy.music                         W  │ cache-control: max-age=120
2025-06-05 08:50:55.415 27211-27306 MusicHttp               me.wcy.music                         W  │ strict-transport-security: max-age=31536000
2025-06-05 08:50:55.415 27211-27306 MusicHttp               me.wcy.music                         W  │ alt-svc: h3=":443"; ma=2592000
2025-06-05 08:50:55.415 27211-27306 MusicHttp               me.wcy.music                         W  │ 
2025-06-05 08:50:55.415 27211-27306 MusicHttp               me.wcy.music                         W  │ Body:
2025-06-05 08:50:55.415 27211-27306 MusicHttp               me.wcy.music                         W  │ {
2025-06-05 08:50:55.415 27211-27306 MusicHttp               me.wcy.music                         W  │    "data": [
2025-06-05 08:50:55.415 27211-27306 MusicHttp               me.wcy.music                         W  │       {
2025-06-05 08:50:55.415 27211-27306 MusicHttp               me.wcy.music                         W  │          "id": 1958031074,
2025-06-05 08:50:55.424   332-10466 audio_hw_generic_caremu and...hardware.audio.service-caremu  D  audio_vbuffer_write audio_vbuffer is full
2025-06-05 08:50:55.424 27211-27306 MusicHttp               me.wcy.music                         W  │          "url": "http:\/\/m802.music.126.net\/20250605091604\/5c91ca500900694dcf8d72259891607e\/jd-musicrep-ts
2025-06-05 08:50:55.425 27211-27306 MusicHttp               me.wcy.music                         W  │ \/6fe0\/f3a7\/e53a\/f05edf9492f127cd0fd756dbd60c1638.mp3?vuutv=gmZABpW3kZOEnVTpsoeii4k3wyb\/90Q\/VwkTfrDfOqoV2
2025-06-05 08:50:55.425 27211-27306 MusicHttp               me.wcy.music                         W  │ hqCxije2dfvqFHWTNFxBSqYy9P2f6swqf+lWy9NnxgiLy25E3nyeOipb4AXMUk=",
2025-06-05 08:50:55.425 27211-27306 MusicHttp               me.wcy.music                         W  │          "br": 128012,
2025-06-05 08:50:55.425 27211-27306 MusicHttp               me.wcy.music                         W  │          "size": 481115,
2025-06-05 08:50:55.425 27211-27306 MusicHttp               me.wcy.music                         W  │          "md5": "f05edf9492f127cd0fd756dbd60c1638",
2025-06-05 08:50:55.425 27211-27306 MusicHttp               me.wcy.music                         W  │          "code": 200,
2025-06-05 08:50:55.425 27211-27306 MusicHttp               me.wcy.music                         W  │          "expi": 1200,
2025-06-05 08:50:55.425 27211-27306 MusicHttp               me.wcy.music                         W  │          "type": "mp3",
2025-06-05 08:50:55.425 27211-27306 MusicHttp               me.wcy.music                         W  │          "gain": 0,
2025-06-05 08:50:55.436  1094-1094  PreprocessingManager    com.android.systemui                 D  -1|android|34|NetworkPolicy:55809203:34|1000 is not a foreground notification.
2025-06-05 08:50:55.449 27211-27306 MusicHttp               me.wcy.music                         W  │          "peak": 0,
2025-06-05 08:50:55.449 27211-27306 MusicHttp               me.wcy.music                         W  │          "closedGain": 0,
2025-06-05 08:50:55.449 27211-27306 MusicHttp               me.wcy.music                         W  │          "closedPeak": 0,
2025-06-05 08:50:55.466 27211-27306 MusicHttp               me.wcy.music                         W  │          "fee": 1,
2025-06-05 08:50:55.466 27211-27306 MusicHttp               me.wcy.music                         W  │          "uf": null,
2025-06-05 08:50:55.467 27211-27306 MusicHttp               me.wcy.music                         W  │          "payed": 0,
2025-06-05 08:50:55.467 27211-27306 MusicHttp               me.wcy.music                         W  │          "flag": 1284,
2025-06-05 08:50:55.467 27211-27306 MusicHttp               me.wcy.music                         W  │          "canExtend": false,
2025-06-05 08:50:55.468 27211-27306 MusicHttp               me.wcy.music                         W  │          "freeTrialInfo": {
2025-06-05 08:50:55.468 27211-27306 MusicHttp               me.wcy.music                         W  │             "fragmentType": -1,
2025-06-05 08:50:55.468 27211-27306 MusicHttp               me.wcy.music                         W  │             "start": 0,
2025-06-05 08:50:55.468 27211-27306 MusicHttp               me.wcy.music                         W  │             "end": 30,
2025-06-05 08:50:55.469 27211-27306 MusicHttp               me.wcy.music                         W  │             "algData": {
2025-06-05 08:50:55.469 27211-27306 MusicHttp               me.wcy.music                         W  │                "fragSource": "singleFrag"
2025-06-05 08:50:55.469 27211-27306 MusicHttp               me.wcy.music                         W  │             }
2025-06-05 08:50:55.469 27211-27306 MusicHttp               me.wcy.music                         W  │          },
2025-06-05 08:50:55.470 27211-27306 MusicHttp               me.wcy.music                         W  │          "level": "standard",
2025-06-05 08:50:55.470 27211-27306 MusicHttp               me.wcy.music                         W  │          "encodeType": "mp3",
2025-06-05 08:50:55.470 27211-27306 MusicHttp               me.wcy.music                         W  │          "channelLayout": null,
2025-06-05 08:50:55.470 27211-27306 MusicHttp               me.wcy.music                         W  │          "freeTrialPrivilege": {
2025-06-05 08:50:55.470 27211-27306 MusicHttp               me.wcy.music                         W  │             "resConsumable": false,
2025-06-05 08:50:55.470 27211-27306 MusicHttp               me.wcy.music                         W  │             "userConsumable": false,
2025-06-05 08:50:55.470 27211-27306 MusicHttp               me.wcy.music                         W  │             "listenType": 0,
2025-06-05 08:50:55.470 27211-27306 MusicHttp               me.wcy.music                         W  │             "cannotListenReason": 1,
2025-06-05 08:50:55.470 27211-27306 MusicHttp               me.wcy.music                         W  │             "playReason": null,
2025-06-05 08:50:55.470 27211-27306 MusicHttp               me.wcy.music                         W  │             "freeLimitTagType": null
2025-06-05 08:50:55.470 27211-27306 MusicHttp               me.wcy.music                         W  │          },
2025-06-05 08:50:55.470 27211-27306 MusicHttp               me.wcy.music                         W  │          "freeTimeTrialPrivilege": {
2025-06-05 08:50:55.470 27211-27306 MusicHttp               me.wcy.music                         W  │             "resConsumable": false,
2025-06-05 08:50:55.470 27211-27306 MusicHttp               me.wcy.music                         W  │             "userConsumable": false,
2025-06-05 08:50:55.470 27211-27306 MusicHttp               me.wcy.music                         W  │             "type": 0,
2025-06-05 08:50:55.470 27211-27306 MusicHttp               me.wcy.music                         W  │             "remainTime": 0
2025-06-05 08:50:55.470 27211-27306 MusicHttp               me.wcy.music                         W  │          },
2025-06-05 08:50:55.472 27211-27306 MusicHttp               me.wcy.music                         W  │          "urlSource": 0,
2025-06-05 08:50:55.473 27211-27306 MusicHttp               me.wcy.music                         W  │          "rightSource": 0,
2025-06-05 08:50:55.475 27211-27306 MusicHttp               me.wcy.music                         W  │          "podcastCtrp": null,
2025-06-05 08:50:55.475 27211-27306 MusicHttp               me.wcy.music                         W  │          "effectTypes": null,
2025-06-05 08:50:55.475   332-10466 audio_hw_generic_caremu and...hardware.audio.service-caremu  D  audio_vbuffer_write audio_vbuffer is full
2025-06-05 08:50:55.486  1094-1094  PreprocessingManager    com.android.systemui                 D  -1|android|34|NetworkPolicy:55809203:34|1000 is not a foreground notification.
2025-06-05 08:50:55.497 27211-27306 MusicHttp               me.wcy.music                         W  │          "time": 30040,
2025-06-05 08:50:55.501 27211-27306 MusicHttp               me.wcy.music                         W  │          "message": null,
2025-06-05 08:50:55.501 27211-27306 MusicHttp               me.wcy.music                         W  │          "levelConfuse": null,
2025-06-05 08:50:55.502 27211-27306 MusicHttp               me.wcy.music                         W  │          "musicId": "9236369099",
2025-06-05 08:50:55.504 27211-27306 MusicHttp               me.wcy.music                         W  │          "accompany": null,
2025-06-05 08:50:55.505 27211-27306 MusicHttp               me.wcy.music                         W  │          "sr": 44100,
2025-06-05 08:50:55.512 27211-27306 MusicHttp               me.wcy.music                         W  │          "auEff": null
2025-06-05 08:50:55.512 27211-27306 MusicHttp               me.wcy.music                         W  │       }
2025-06-05 08:50:55.512 27211-27306 MusicHttp               me.wcy.music                         W  │    ],
2025-06-05 08:50:55.512 27211-27306 MusicHttp               me.wcy.music                         W  │    "code": 200
2025-06-05 08:50:55.512 27211-27306 MusicHttp               me.wcy.music                         W  │ }
2025-06-05 08:50:55.512 27211-27306 MusicHttp               me.wcy.music                         W  └───────────────────────────────────────────────────────────────────────────────────────
2025-06-05 08:50:55.514   332-10466 audio_hw_generic_caremu and...hardware.audio.service-caremu  D  audio_vbuffer_write audio_vbuffer is full
2025-06-05 08:50:55.535  1094-1302  EGL_emulation           com.android.systemui                 D  app_time_stats: avg=272.41ms min=44.88ms max=824.07ms count=4
2025-06-05 08:50:55.544 27211-27306 MusicHttp               me.wcy.music                         W  ┌────── Request ────────────────────────────────────────────────────────────────────────
2025-06-05 08:50:55.551   332-10466 audio_hw_generic_caremu and...hardware.audio.service-caremu  D  audio_vbuffer_write audio_vbuffer is full
2025-06-05 08:50:55.554 27211-27306 MusicHttp               me.wcy.music                         W  │ URL: http://m802.music.126.net/20250605091604/5c91ca500900694dcf8d72259891607e/jd-musicrep-ts/6fe0/f3a7/e53a/f05edf9492f127cd0fd756dbd60c1638.mp3?vuutv=gmZABpW3kZOEnVTpsoeii4k3wyb/90Q/VwkTfrDfOqoV2hqCxije2dfvqFHWTNFxBSqYy9P2f6swqf+lWy9NnxgiLy25E3nyeOipb4AXMUk=
2025-06-05 08:50:55.554 27211-27306 MusicHttp               me.wcy.music                         W  │ 
2025-06-05 08:50:55.555 27211-27306 MusicHttp               me.wcy.music                         W  │ Method: @GET
2025-06-05 08:50:55.556 27211-27306 MusicHttp               me.wcy.music                         W  │ 
2025-06-05 08:50:55.556 27211-27306 MusicHttp               me.wcy.music                         W  │ Headers:
2025-06-05 08:50:55.556 27211-27306 MusicHttp               me.wcy.music                         W  │ Icy-MetaData: 1
2025-06-05 08:50:55.556 27211-27306 MusicHttp               me.wcy.music                         W  │ Accept-Encoding: identity
2025-06-05 08:50:55.556  1094-1094  CarNotificationAdapter  com.android.systemui                 I  Big text style is not supported as a car notification
2025-06-05 08:50:55.556 27211-27306 MusicHttp               me.wcy.music                         W  │ 
2025-06-05 08:50:55.556 27211-27306 MusicHttp               me.wcy.music                         W  └───────────────────────────────────────────────────────────────────────────────────────
2025-06-05 08:50:55.573  1094-1094  CarNotificationAdapter  com.android.systemui                 I  Big text style is not supported as a car notification
2025-06-05 08:50:55.579 27211-27241 EGL_emulation           me.wcy.music                         D  app_time_stats: avg=46.28ms min=6.68ms max=220.65ms count=23
2025-06-05 08:50:55.604   332-10466 audio_hw_generic_caremu and...hardware.audio.service-caremu  D  audio_vbuffer_write audio_vbuffer is full
2025-06-05 08:50:55.610   368-521   AF::Track               audioserver                          D  interceptBuffer: took 3667us to intercept 0 tracks
2025-06-05 08:50:55.650   332-10466 audio_hw_generic_caremu and...hardware.audio.service-caremu  D  audio_vbuffer_write audio_vbuffer is full
2025-06-05 08:50:55.660   332-3708  audio_hw_generic_caremu and...hardware.audio.service-caremu  D  audio_vbuffer_write audio_vbuffer is full
2025-06-05 08:50:55.660   332-3708  audio_hw_generic_caremu and...hardware.audio.service-caremu  W  in_read_worker only could write 0 / 240 frames
2025-06-05 08:50:55.739   332-10466 audio_hw_generic_caremu and...hardware.audio.service-caremu  D  audio_vbuffer_write audio_vbuffer is full
2025-06-05 08:50:55.790   332-10466 audio_hw_generic_caremu and...hardware.audio.service-caremu  D  audio_vbuffer_write audio_vbuffer is full
2025-06-05 08:50:55.794   913-933   CarPropertyService      com.android.car                      D  mSyncGetSetPropertyOpCount: 1
2025-06-05 08:50:55.809   913-933   CarPropertyService      com.android.car                      D  mSyncGetSetPropertyOpCount: 0
2025-06-05 08:50:55.878 27211-27306 MusicHttp               me.wcy.music                         W  ┌────── Response ───────────────────────────────────────────────────────────────────────
2025-06-05 08:50:55.878 27211-27306 MusicHttp               me.wcy.music                         W  │ URL: http://m802.music.126.net/20250605091604/5c91ca500900694dcf8d72259891607e/jd-musicrep-ts/6fe0/f3a7/e53a/f
2025-06-05 08:50:55.878 27211-27306 MusicHttp               me.wcy.music                         W  │ 05edf9492f127cd0fd756dbd60c1638.mp3?vuutv=gmZABpW3kZOEnVTpsoeii4k3wyb/90Q/VwkTfrDfOqoV2hqCxije2dfvqFHWTNFxBSqY
2025-06-05 08:50:55.878 27211-27306 MusicHttp               me.wcy.music                         W  │ y9P2f6swqf+lWy9NnxgiLy25E3nyeOipb4AXMUk=
2025-06-05 08:50:55.878 27211-27306 MusicHttp               me.wcy.music                         W  │ 
2025-06-05 08:50:55.879 27211-27306 MusicHttp               me.wcy.music                         W  │ /20250605091604/5c91ca500900694dcf8d72259891607e/jd-musicrep-ts/6fe0/f3a7/e53a/f05edf9492f127cd0fd756dbd60c163
2025-06-05 08:50:55.879 27211-27306 MusicHttp               me.wcy.music                         W  │ 8.mp3 - [is success : true] - Received in: 79ms
2025-06-05 08:50:55.879 27211-27306 MusicHttp               me.wcy.music                         W  │ 
2025-06-05 08:50:55.879 27211-27306 MusicHttp               me.wcy.music                         W  │ Status Code: 200 / OK
2025-06-05 08:50:55.879 27211-27306 MusicHttp               me.wcy.music                         W  │ 
2025-06-05 08:50:55.879 27211-27306 MusicHttp               me.wcy.music                         W  │ Headers:
2025-06-05 08:50:55.879 27211-27306 MusicHttp               me.wcy.music                         W  │ Server: Tengine
2025-06-05 08:50:55.879 27211-27306 MusicHttp               me.wcy.music                         W  │ Content-Type: audio/mpeg;charset=UTF-8
2025-06-05 08:50:55.879 27211-27306 MusicHttp               me.wcy.music                         W  │ Content-Length: 481115
2025-06-05 08:50:55.879 27211-27306 MusicHttp               me.wcy.music                         W  │ Connection: keep-alive
2025-06-05 08:50:55.880 27211-27306 MusicHttp               me.wcy.music                         W  │ Date: Wed, 18 Dec 2024 10:50:03 GMT
2025-06-05 08:50:55.880 27211-27306 MusicHttp               me.wcy.music                         W  │ Content-Disposition: inline; filename="6fe0%2Ff3a7%2Fe53a%2Ff05edf9492f127cd0fd756dbd60c1638.mp3"
2025-06-05 08:50:55.894   332-10466 audio_hw_generic_caremu and...hardware.audio.service-caremu  D  audio_vbuffer_write audio_vbuffer is full
2025-06-05 08:50:55.910 27211-27306 MusicHttp               me.wcy.music                         W  │ Etag: "f05edf9492f127cd0fd756dbd60c1638"
2025-06-05 08:50:55.911 27211-27306 MusicHttp               me.wcy.music                         W  │ Last-Modified: Wed, 16 Oct 2024 22:19:36 GMT
2025-06-05 08:50:55.912 27211-27306 MusicHttp               me.wcy.music                         W  │ X-Nos-Meta-Origin-Md5: f05edf9492f127cd0fd756dbd60c1638
2025-06-05 08:50:55.912 27211-27306 MusicHttp               me.wcy.music                         W  │ X-Nos-Object-Name: 6fe0%2Ff3a7%2Fe53a%2Ff05edf9492f127cd0fd756dbd60c1638.mp3
2025-06-05 08:50:55.913 27211-27306 MusicHttp               me.wcy.music                         W  │ X-Nos-Request-Id: 8880cc3e-faac-4f4d-8985-35b3988a8921
2025-06-05 08:50:55.913 27211-27306 MusicHttp               me.wcy.music                         W  │ X-Nos-Requesttype: GetObject
2025-06-05 08:50:55.926 27211-27306 MusicHttp               me.wcy.music                         W  │ X-Nos-Storage-Class: STANDARD
2025-06-05 08:50:55.926 27211-27306 MusicHttp               me.wcy.music                         W  │ Via: cache51.l2cn8060[0,1,206-0,H], cache6.l2cn8060[3,0], cache6.cn3062[0,0,200-0,H], cache9.cn3062[4,0]
2025-06-05 08:50:55.926 27211-27306 MusicHttp               me.wcy.music                         W  │ Age: 14565662
2025-06-05 08:50:55.926 27211-27306 MusicHttp               me.wcy.music                         W  │ Ali-Swift-Global-Savetime: 1734519003
2025-06-05 08:50:55.926 27211-27306 MusicHttp               me.wcy.music                         W  │ X-Cache: HIT TCP_HIT dirn:10:57241891
2025-06-05 08:50:55.926 27211-27306 MusicHttp               me.wcy.music                         W  │ X-Swift-SaveTime: Sat, 01 Mar 2025 09:24:38 GMT
2025-06-05 08:50:55.926 27211-27306 MusicHttp               me.wcy.music                         W  │ X-Swift-CacheTime: 25233925
2025-06-05 08:50:55.927 27211-27306 MusicHttp               me.wcy.music                         W  │ cdn-user-ip: 2001:250:3c0a:1::1:2
2025-06-05 08:50:55.927 27211-27306 MusicHttp               me.wcy.music                         W  │ cdn-ip: 240e:97e:1000:900:3::3eb
2025-06-05 08:50:55.927 27211-27306 MusicHttp               me.wcy.music                         W  │ cdn-source: ali
2025-06-05 08:50:55.927 27211-27306 MusicHttp               me.wcy.music                         W  │ Access-Control-Allow-Methods: GET,POST,OPTIONS
2025-06-05 08:50:55.927 27211-27306 MusicHttp               me.wcy.music                         W  │ Access-Control-Allow-Credentials: true
2025-06-05 08:50:55.927 27211-27306 MusicHttp               me.wcy.music                         W  │ Access-Control-Allow-Headers: DNT,X-CustomHeader,Keep-Alive,User-Agent,X-Requested-With,If-Modified-Since,Cach
2025-06-05 08:50:55.928 27211-27306 MusicHttp               me.wcy.music                         W  │ e-Control,Content-Type
2025-06-05 08:50:55.928 27211-27306 MusicHttp               me.wcy.music                         W  │ Access-Control-Allow-Origin: *
2025-06-05 08:50:55.928 27211-27306 MusicHttp               me.wcy.music                         W  │ Timing-Allow-Origin: *
2025-06-05 08:50:55.929 27211-27306 MusicHttp               me.wcy.music                         W  │ EagleId: 7171659f17490846651318698e
2025-06-05 08:50:55.929 27211-27306 MusicHttp               me.wcy.music                         W  │ 
2025-06-05 08:50:55.930 27211-27306 MusicHttp               me.wcy.music                         W  │ Body:
2025-06-05 08:50:55.930 27211-27306 MusicHttp               me.wcy.music                         W  │ End request - binary 481115:byte body omitted
2025-06-05 08:50:55.930 27211-27306 MusicHttp               me.wcy.music                         W  └───────────────────────────────────────────────────────────────────────────────────────
2025-06-05 08:50:55.941   332-10466 audio_hw_generic_caremu and...hardware.audio.service-caremu  D  audio_vbuffer_write audio_vbuffer is full
2025-06-05 08:50:55.971  2155-2709  EGL_emulation           com.google.android.apps.maps         D  app_time_stats: avg=36.70ms min=7.04ms max=160.16ms count=25
2025-06-05 08:50:55.981   627-766   ActivityManager         system_server                        D  freezing 21287 com.google.android.carassistant:search
2025-06-05 08:50:55.987   332-10466 audio_hw_generic_caremu and...hardware.audio.service-caremu  D  audio_vbuffer_write audio_vbuffer is full
2025-06-05 08:50:56.012 27211-27211 AutomotiveNotification  me.wcy.music                         D  createNotification() - 创建标准化Android Automotive媒体通知
2025-06-05 08:50:56.012 27211-27211 AutomotiveNotification  me.wcy.music                         D  buildStandardizedMediaNotification() - 构建标准化媒体通知
2025-06-05 08:50:56.012 27211-27211 AutomotiveNotification  me.wcy.music                         D  addOptimizedPlaybackActions() - 添加优化的播放控制按钮
2025-06-05 08:50:56.022   332-10466 audio_hw_generic_caremu and...hardware.audio.service-caremu  D  audio_vbuffer_write audio_vbuffer is full
2025-06-05 08:50:56.029 27211-27211 AutomotiveNotification  me.wcy.music                         D  addOptimizedPlaybackActions() - 优化的播放控制按钮添加完成，播放状态: true
2025-06-05 08:50:56.029 27211-27211 AutomotiveNotification  me.wcy.music                         D  setupStandardizedMediaStyle() - 设置标准化MediaStyle
2025-06-05 08:50:56.029 27211-27211 AutomotiveNotification  me.wcy.music                         D  setupStandardizedMediaStyle() - 标准化MediaStyle设置完成，系统自动管理
2025-06-05 08:50:56.029 27211-27211 AutomotiveNotification  me.wcy.music                         D  buildStandardizedMediaNotification() - 标准化媒体通知构建完成
2025-06-05 08:50:56.032 27211-27211 AutomotiveNotification  me.wcy.music                         D  createNotification() - 标准化媒体通知创建完成，播放状态: true
2025-06-05 08:50:56.064   332-10466 audio_hw_generic_caremu and...hardware.audio.service-caremu  D  audio_vbuffer_write audio_vbuffer is full
2025-06-05 08:50:56.118   332-10466 audio_hw_generic_caremu and...hardware.audio.service-caremu  D  audio_vbuffer_write audio_vbuffer is full
2025-06-05 08:50:56.130  1094-1094  PreprocessingManager    com.android.systemui                 D  -1|android|34|NetworkPolicy:55809203:34|1000 is not a foreground notification.
2025-06-05 08:50:56.140   913-1199  CarPropertyService      com.android.car                      D  mSyncGetSetPropertyOpCount: 1
2025-06-05 08:50:56.144  2155-2874  EGL_emulation           com.google.android.apps.maps         D  app_time_stats: avg=41.05ms min=5.78ms max=216.56ms count=25
2025-06-05 08:50:56.148   913-1199  CarPropertyService      com.android.car                      D  mSyncGetSetPropertyOpCount: 0
2025-06-05 08:50:56.157  1094-1094  PreprocessingManager    com.android.systemui                 D  -1|android|34|NetworkPolicy:55809203:34|1000 is not a foreground notification.
2025-06-05 08:50:56.161   332-10466 audio_hw_generic_caremu and...hardware.audio.service-caremu  D  audio_vbuffer_write audio_vbuffer is full
2025-06-05 08:50:56.179 27211-27211 PlayerControllerImpl    me.wcy.music                         D  持续缓存检查 - 当前位置: 2928ms, 缓存位置: 30040ms, 领先时间: 27112ms
2025-06-05 08:50:56.179 27211-27211 PlayerControllerImpl    me.wcy.music                         D  当前歌曲已完全缓存
2025-06-05 08:50:56.194   332-10466 audio_hw_generic_caremu and...hardware.audio.service-caremu  D  audio_vbuffer_write audio_vbuffer is full
2025-06-05 08:50:56.207  1094-1094  CarNotificationAdapter  com.android.systemui                 I  Big text style is not supported as a car notification
2025-06-05 08:50:56.248  1094-1094  CarNotificationAdapter  com.android.systemui                 I  Big text style is not supported as a car notification
2025-06-05 08:50:56.251   332-10466 audio_hw_generic_caremu and...hardware.audio.service-caremu  D  audio_vbuffer_write audio_vbuffer is full
2025-06-05 08:50:56.252 27211-27211 KeyboardUtils           me.wcy.music                         D  getDecorViewInvisibleHeight: -99400
2025-06-05 08:50:56.273  1094-1094  CarNotificationAdapter  com.android.systemui                 I  Big text style is not supported as a car notification
2025-06-05 08:50:56.290   332-10466 audio_hw_generic_caremu and...hardware.audio.service-caremu  D  audio_vbuffer_write audio_vbuffer is full
2025-06-05 08:50:56.332   332-10466 audio_hw_generic_caremu and...hardware.audio.service-caremu  D  audio_vbuffer_write audio_vbuffer is full
2025-06-05 08:50:56.373   332-10466 audio_hw_generic_caremu and...hardware.audio.service-caremu  D  audio_vbuffer_write audio_vbuffer is full
2025-06-05 08:50:56.406 27211-27211 Common-Fragment         me.wcy.music                         D  ArtistDetailFragment -> onPause
2025-06-05 08:50:56.411   372-372   BpBinder                surfaceflinger                       I  onLastStrongRef automatically unlinking death recipients: <uncached descriptor>
2025-06-05 08:50:56.415   332-10466 audio_hw_generic_caremu and...hardware.audio.service-caremu  D  audio_vbuffer_write audio_vbuffer is full
2025-06-05 08:50:56.424  1907-1918  ndroid.systemui         com.android.systemui                 W  Reducing the number of considered missed Gc histogram windows from 1052 to 100
2025-06-05 08:50:56.464   332-10466 audio_hw_generic_caremu and...hardware.audio.service-caremu  D  audio_vbuffer_write audio_vbuffer is full
2025-06-05 08:50:56.482 27211-27211 OnBackInvokedCallback   me.wcy.music                         W  OnBackInvokedCallback is not enabled for the application.
                                                                                                    Set 'android:enableOnBackInvokedCallback="true"' in the application manifest.
2025-06-05 08:50:56.486   332-10466 audio_hw_generic_caremu and...hardware.audio.service-caremu  W  Not supplying enough data to HAL, expected position 522098238 , only wrote 522097920
2025-06-05 08:50:56.487   332-10466 audio_hw_generic_caremu and...hardware.audio.service-caremu  W  Not supplying enough data to HAL, expected position 522097986 , only wrote 522097920
2025-06-05 08:50:56.495 27211-27211 Common-Fragment         me.wcy.music                         D  SearchFragment -> onResume
2025-06-05 08:50:56.496 27211-27211 Common-Fragment         me.wcy.music                         D  SearchArtistFragment -> onResume
2025-06-05 08:50:56.498   332-10466 audio_hw_generic_caremu and...hardware.audio.service-caremu  W  Not supplying enough data to HAL, expected position 522098429 , only wrote 522098400
2025-06-05 08:50:56.525 27211-27291 TrafficStats            me.wcy.music                         D  tagSocket(141) with statsTag=0xffffffff, statsUid=-1
2025-06-05 08:50:56.547   332-10466 audio_hw_generic_caremu and...hardware.audio.service-caremu  D  audio_vbuffer_write audio_vbuffer is full
2025-06-05 08:50:56.554   913-1199  CarPropertyService      com.android.car                      D  mSyncGetSetPropertyOpCount: 1
2025-06-05 08:50:56.559   913-1199  CarPropertyService      com.android.car                      D  mSyncGetSetPropertyOpCount: 0
2025-06-05 08:50:56.575   368-521   AudioFlinger            audioserver                          D  mixer(0x72ac701c09a0) throttle end: throttle time(1)
2025-06-05 08:50:56.596 27211-27241 OpenGLRenderer          me.wcy.music                         E  Unable to match the desired swap behavior.
2025-06-05 08:50:56.649  1094-1302  EGL_emulation           com.android.systemui                 D  app_time_stats: avg=228.95ms min=53.90ms max=582.89ms count=6
2025-06-05 08:50:56.670   332-10466 audio_hw_generic_caremu and...hardware.audio.service-caremu  D  audio_vbuffer_write audio_vbuffer is full
2025-06-05 08:50:56.672   627-808   BestClock               system_server                        W  java.time.DateTimeException: Missing NTP fix
2025-06-05 08:50:56.706 27211-27241 EGL_emulation           me.wcy.music                         D  app_time_stats: avg=32.71ms min=2.37ms max=252.94ms count=27
2025-06-05 08:50:56.715   332-10466 audio_hw_generic_caremu and...hardware.audio.service-caremu  D  audio_vbuffer_write audio_vbuffer is full
2025-06-05 08:50:56.742   368-521   AF::Track               audioserver                          D  interceptBuffer: took 11269us to intercept 0 tracks
2025-06-05 08:50:56.742   913-931   CarPropertyService      com.android.car                      D  mSyncGetSetPropertyOpCount: 1
2025-06-05 08:50:56.750   182-182   EmulatedVehicleHardware and...e.vehicle@V1-emulator-service  D  Set value for property ID: 290459441
2025-06-05 08:50:56.754   332-10466 audio_hw_generic_caremu and...hardware.audio.service-caremu  D  audio_vbuffer_write audio_vbuffer is full
2025-06-05 08:50:56.760   913-931   CarPropertyService      com.android.car                      D  mSyncGetSetPropertyOpCount: 0
2025-06-05 08:50:56.767   627-808   BestClock               system_server                        W  java.time.DateTimeException: Missing NTP fix
2025-06-05 08:50:56.788   368-521   AudioFlinger            audioserver                          D  mixer(0x72ac701c09a0) throttle end: throttle time(3)
2025-06-05 08:50:56.810   368-521   AF::Track               audioserver                          D  interceptBuffer: took 831us to intercept 0 tracks
2025-06-05 08:50:56.826   913-913   CarPackage...gerService com.android.car                      D  onWindowChange event received
2025-06-05 08:50:56.843   332-10466 audio_hw_generic_caremu and...hardware.audio.service-caremu  D  audio_vbuffer_write audio_vbuffer is full
2025-06-05 08:50:56.879 27211-27211 Glide                   me.wcy.music                         W  Load failed for https://p1.music.126.net/109951170507596130/109951170507596130.jpg?param=200y200 with size [41x41]
                                                                                                    class com.bumptech.glide.load.engine.GlideException: Failed to load resource
                                                                                                    There was 1 root cause:
                                                                                                    com.bumptech.glide.load.HttpException(Failed to connect or obtain data, status code: 404)
                                                                                                     call GlideException#logRootCauses(String) for more detail
                                                                                                      Cause (1 of 1): class com.bumptech.glide.load.engine.GlideException: Fetching data failed, class java.io.InputStream, REMOTE
                                                                                                    There was 1 root cause:
                                                                                                    com.bumptech.glide.load.HttpException(Failed to connect or obtain data, status code: 404)
                                                                                                     call GlideException#logRootCauses(String) for more detail
                                                                                                        Cause (1 of 1): class com.bumptech.glide.load.engine.GlideException: Fetch failed
                                                                                                    There was 1 root cause:
                                                                                                    com.bumptech.glide.load.HttpException(Failed to connect or obtain data, status code: 404)
                                                                                                     call GlideException#logRootCauses(String) for more detail
                                                                                                          Cause (1 of 1): class com.bumptech.glide.load.HttpException: Failed to connect or obtain data, status code: 404
2025-06-05 08:50:56.884   332-10466 audio_hw_generic_caremu and...hardware.audio.service-caremu  D  audio_vbuffer_write audio_vbuffer is full
2025-06-05 08:50:56.893 27211-27211 Glide                   me.wcy.music                         I  Root cause (1 of 1) (Ask Gemini)
                                                                                                    com.bumptech.glide.load.HttpException: Failed to connect or obtain data, status code: 404
                                                                                                    	at com.bumptech.glide.load.data.HttpUrlFetcher.loadDataWithRedirects(HttpUrlFetcher.java:98)
                                                                                                    	at com.bumptech.glide.load.data.HttpUrlFetcher.loadData(HttpUrlFetcher.java:58)
                                                                                                    	at com.bumptech.glide.load.model.MultiModelLoader$MultiFetcher.loadData(MultiModelLoader.java:100)
                                                                                                    	at com.bumptech.glide.load.engine.SourceGenerator.startNextLoad(SourceGenerator.java:95)
                                                                                                    	at com.bumptech.glide.load.engine.SourceGenerator.startNext(SourceGenerator.java:88)
                                                                                                    	at com.bumptech.glide.load.engine.DecodeJob.runGenerators(DecodeJob.java:311)
                                                                                                    	at com.bumptech.glide.load.engine.DecodeJob.runWrapped(DecodeJob.java:280)
                                                                                                    	at com.bumptech.glide.load.engine.DecodeJob.run(DecodeJob.java:235)
                                                                                                    	at java.util.concurrent.ThreadPoolExecutor.runWorker(ThreadPoolExecutor.java:1137)
                                                                                                    	at java.util.concurrent.ThreadPoolExecutor$Worker.run(ThreadPoolExecutor.java:637)
                                                                                                    	at com.bumptech.glide.load.engine.executor.GlideExecutor$DefaultThreadFactory$1.run(GlideExecutor.java:413)
                                                                                                    	at java.lang.Thread.run(Thread.java:1012)
                                                                                                    	at com.bumptech.glide.load.engine.executor.GlideExecutor$DefaultPriorityThreadFactory$1.run(GlideExecutor.java:372)
                                                                                                    Caused by: java.io.FileNotFoundException: https://p1.music.126.net/109951170507596130/109951170507596130.jpg?param=200y200
                                                                                                    	at com.android.okhttp.internal.huc.HttpURLConnectionImpl.getInputStream(HttpURLConnectionImpl.java:255)
                                                                                                    	at com.android.okhttp.internal.huc.DelegatingHttpsURLConnection.getInputStream(DelegatingHttpsURLConnection.java:211)
                                                                                                    	at com.android.okhttp.internal.huc.HttpsURLConnectionImpl.getInputStream(HttpsURLConnectionImpl.java:30)
                                                                                                    	at com.bumptech.glide.load.data.HttpUrlFetcher.loadDataWithRedirects(HttpUrlFetcher.java:95)
                                                                                                    	at com.bumptech.glide.load.data.HttpUrlFetcher.loadData(HttpUrlFetcher.java:58) 
                                                                                                    	at com.bumptech.glide.load.model.MultiModelLoader$MultiFetcher.loadData(MultiModelLoader.java:100) 
