                                                                                                    	at com.bumptech.glide.load.engine.SourceGenerator.startNextLoad(SourceGenerator.java:95) 
                                                                                                    	at com.bumptech.glide.load.engine.SourceGenerator.startNext(SourceGenerator.java:88) 
                                                                                                    	at com.bumptech.glide.load.engine.DecodeJob.runGenerators(DecodeJob.java:311) 
                                                                                                    	at com.bumptech.glide.load.engine.DecodeJob.runWrapped(DecodeJob.java:280) 
                                                                                                    	at com.bumptech.glide.load.engine.DecodeJob.run(DecodeJob.java:235) 
                                                                                                    	at java.util.concurrent.ThreadPoolExecutor.runWorker(ThreadPoolExecutor.java:1137) 
                                                                                                    	at java.util.concurrent.ThreadPoolExecutor$Worker.run(ThreadPoolExecutor.java:637) 
                                                                                                    	at com.bumptech.glide.load.engine.executor.GlideExecutor$DefaultThreadFactory$1.run(GlideExecutor.java:413) 
                                                                                                    	at java.lang.Thread.run(Thread.java:1012) 
                                                                                                    	at com.bumptech.glide.load.engine.executor.GlideExecutor$DefaultPriorityThreadFactory$1.run(GlideExecutor.java:372) 
2025-06-05 08:50:56.911   368-521   AudioFlinger            audioserver                          D  mixer(0x72ac701c09a0) throttle end: throttle time(1)
2025-06-05 08:50:56.945   913-930   CarPropertyService      com.android.car                      D  mSyncGetSetPropertyOpCount: 1
2025-06-05 08:50:56.950   913-930   CarPropertyService      com.android.car                      D  mSyncGetSetPropertyOpCount: 0
2025-06-05 08:50:56.964   332-10466 audio_hw_generic_caremu and...hardware.audio.service-caremu  D  audio_vbuffer_write audio_vbuffer is full
2025-06-05 08:50:57.004   913-913   CarPackage...gerService com.android.car                      D  onWindowChange event received
2025-06-05 08:50:57.019   332-10466 audio_hw_generic_caremu and...hardware.audio.service-caremu  W  Not supplying enough data to HAL, expected position 522123431 , only wrote 522122400
2025-06-05 08:50:57.019   332-10466 audio_hw_generic_caremu and...hardware.audio.service-caremu  W  Not supplying enough data to HAL, expected position 522122408 , only wrote 522122400
2025-06-05 08:50:57.029  2155-2709  EGL_emulation           com.google.android.apps.maps         D  app_time_stats: avg=43.47ms min=4.87ms max=101.18ms count=22
2025-06-05 08:50:57.052   332-10466 audio_hw_generic_caremu and...hardware.audio.service-caremu  D  audio_vbuffer_write audio_vbuffer is full
2025-06-05 08:50:57.062   332-10466 audio_hw_generic_caremu and...hardware.audio.service-caremu  W  Not supplying enough data to HAL, expected position 522124438 , only wrote 522124320
2025-06-05 08:50:57.062   332-10466 audio_hw_generic_caremu and...hardware.audio.service-caremu  W  Not supplying enough data to HAL, expected position 522124331 , only wrote 522124320
2025-06-05 08:50:57.073   332-10466 audio_hw_generic_caremu and...hardware.audio.service-caremu  W  Not supplying enough data to HAL, expected position 522124820 , only wrote 522124800
2025-06-05 08:50:57.094   332-10466 audio_hw_generic_caremu and...hardware.audio.service-caremu  D  audio_vbuffer_write audio_vbuffer is full
2025-06-05 08:50:57.120   332-3708  audio_hw_generic_caremu and...hardware.audio.service-caremu  D  audio_vbuffer_write audio_vbuffer is full
2025-06-05 08:50:57.120   332-3708  audio_hw_generic_caremu and...hardware.audio.service-caremu  W  in_read_worker only could write 0 / 240 frames
2025-06-05 08:50:57.131   332-10466 audio_hw_generic_caremu and...hardware.audio.service-caremu  D  audio_vbuffer_write audio_vbuffer is full
2025-06-05 08:50:57.175   332-10466 audio_hw_generic_caremu and...hardware.audio.service-caremu  D  audio_vbuffer_write audio_vbuffer is full
2025-06-05 08:50:57.194  2155-2874  EGL_emulation           com.google.android.apps.maps         D  app_time_stats: avg=37.81ms min=6.99ms max=77.45ms count=27
2025-06-05 08:50:57.221   332-10466 audio_hw_generic_caremu and...hardware.audio.service-caremu  D  audio_vbuffer_write audio_vbuffer is full
2025-06-05 08:50:57.243   368-521   AudioFlinger            audioserver                          D  mixer(0x72ac701c09a0) throttle end: throttle time(6)
2025-06-05 08:50:57.263   332-10466 audio_hw_generic_caremu and...hardware.audio.service-caremu  D  audio_vbuffer_write audio_vbuffer is full
2025-06-05 08:50:57.296 27211-27211 PlayerControllerImpl    me.wcy.music                         D  持续缓存检查 - 当前位置: 4045ms, 缓存位置: 30040ms, 领先时间: 25995ms
2025-06-05 08:50:57.296 27211-27211 PlayerControllerImpl    me.wcy.music                         D  当前歌曲已完全缓存
2025-06-05 08:50:57.296 27211-27211 PlayerControllerImpl    me.wcy.music                         D  缓存状态 - 当前位置: 4045ms, 缓存位置: 30040ms, 领先时间: 25995ms, 歌曲总长: 30040ms
2025-06-05 08:50:57.309   332-10466 audio_hw_generic_caremu and...hardware.audio.service-caremu  D  audio_vbuffer_write audio_vbuffer is full
2025-06-05 08:50:57.310   332-3708  audio_hw_generic_caremu and...hardware.audio.service-caremu  D  audio_vbuffer_write audio_vbuffer is full
2025-06-05 08:50:57.310   332-3708  audio_hw_generic_caremu and...hardware.audio.service-caremu  W  in_read_worker only could write 0 / 240 frames
2025-06-05 08:50:57.310   332-3708  audio_hw_generic_caremu and...hardware.audio.service-caremu  D  audio_vbuffer_write audio_vbuffer is full
2025-06-05 08:50:57.310   332-3708  audio_hw_generic_caremu and...hardware.audio.service-caremu  W  in_read_worker only could write 0 / 240 frames
2025-06-05 08:50:57.342   913-930   CarPropertyService      com.android.car                      D  mSyncGetSetPropertyOpCount: 1
2025-06-05 08:50:57.351   332-10466 audio_hw_generic_caremu and...hardware.audio.service-caremu  D  audio_vbuffer_write audio_vbuffer is full
2025-06-05 08:50:57.354   913-930   CarPropertyService      com.android.car                      D  mSyncGetSetPropertyOpCount: 0
2025-06-05 08:50:57.385   332-10466 audio_hw_generic_caremu and...hardware.audio.service-caremu  D  audio_vbuffer_write audio_vbuffer is full
2025-06-05 08:50:57.397 27211-27211 me.wcy.music            me.wcy.music                         W  Accessing hidden field Landroid/view/inputmethod/InputMethodManager;->mCurRootView:Landroid/view/ViewRootImpl; (blocked, reflection, denied)
2025-06-05 08:50:57.423   368-521   AudioFlinger            audioserver                          D  mixer(0x72ac701c09a0) throttle end: throttle time(33)
2025-06-05 08:50:57.436 27211-27211 Common-Fragment         me.wcy.music                         D  ArtistDetailFragment -> onLazyDestroy
2025-06-05 08:50:57.442   332-10466 audio_hw_generic_caremu and...hardware.audio.service-caremu  D  audio_vbuffer_write audio_vbuffer is full
2025-06-05 08:50:57.444 27211-27211 Common-Activity         me.wcy.music                         D  MusicFragmentContainerActivity: onDestroy
2025-06-05 08:50:57.455   332-10466 audio_hw_generic_caremu and...hardware.audio.service-caremu  W  Not supplying enough data to HAL, expected position 522143159 , only wrote 522143040
2025-06-05 08:50:57.455   332-10466 audio_hw_generic_caremu and...hardware.audio.service-caremu  W  Not supplying enough data to HAL, expected position 522143047 , only wrote 522143040
2025-06-05 08:50:57.462   627-1912  CoreBackPreview         system_server                        D  Window{ef9f9bd u10 me.wcy.music/me.wcy.music.common.MusicFragmentContainerActivity}: Setting back callback null
2025-06-05 08:50:57.466   332-10466 audio_hw_generic_caremu and...hardware.audio.service-caremu  W  Not supplying enough data to HAL, expected position 522143549 , only wrote 522143520
2025-06-05 08:50:57.466   627-1912  InputManager-JNI        system_server                        W  Input channel object 'ef9f9bd me.wcy.music/me.wcy.music.common.MusicFragmentContainerActivity (client)' was disposed without first being removed with the input manager!
2025-06-05 08:50:57.571   332-10466 audio_hw_generic_caremu and...hardware.audio.service-caremu  D  audio_vbuffer_write audio_vbuffer is full
2025-06-05 08:50:57.599   913-930   CarPropertyService      com.android.car                      D  mSyncGetSetPropertyOpCount: 1
2025-06-05 08:50:57.607   332-10466 audio_hw_generic_caremu and...hardware.audio.service-caremu  D  audio_vbuffer_write audio_vbuffer is full
2025-06-05 08:50:57.607   913-930   CarPropertyService      com.android.car                      D  mSyncGetSetPropertyOpCount: 0
2025-06-05 08:50:57.653   332-10466 audio_hw_generic_caremu and...hardware.audio.service-caremu  D  audio_vbuffer_write audio_vbuffer is full
2025-06-05 08:50:57.677   627-680   ActivityManager         system_server                        I  PendingStartActivityUids startActivity to updateOomAdj delay:1247ms, uid:1010208
2025-06-05 08:50:57.691   332-10466 audio_hw_generic_caremu and...hardware.audio.service-caremu  D  audio_vbuffer_write audio_vbuffer is full
2025-06-05 08:50:57.726 27211-27241 EGL_emulation           me.wcy.music                         D  app_time_stats: avg=49.28ms min=1.56ms max=177.75ms count=19
2025-06-05 08:50:57.730   332-10466 audio_hw_generic_caremu and...hardware.audio.service-caremu  D  audio_vbuffer_write audio_vbuffer is full
2025-06-05 08:50:57.744  1081-1081  TelephonyManager        com.android.phone                    D  requestModemActivityInfo: Sending result to app: ModemActivityInfo{ mTimestamp=42816597 mSleepTimeMs=0 mIdleTimeMs=40664847 mActivityStatsTechSpecificInfo=[{mRat=UNKNOWN,mFrequencyRange=UNKNOWN,mTxTimeMs[]=[0, 0, 0, 0, 0],mRxTimeMs=0}]}
2025-06-05 08:50:57.768   332-10466 audio_hw_generic_caremu and...hardware.audio.service-caremu  D  audio_vbuffer_write audio_vbuffer is full
2025-06-05 08:50:57.774 26960-27061 TrafficStats            com.android.vending                  D  tagSocket(83) with statsTag=0xffffffff, statsUid=-1
2025-06-05 08:50:57.822   332-10466 audio_hw_generic_caremu and...hardware.audio.service-caremu  D  audio_vbuffer_write audio_vbuffer is full
2025-06-05 08:50:57.859   332-10466 audio_hw_generic_caremu and...hardware.audio.service-caremu  D  audio_vbuffer_write audio_vbuffer is full
2025-06-05 08:50:57.900   332-10466 audio_hw_generic_caremu and...hardware.audio.service-caremu  D  audio_vbuffer_write audio_vbuffer is full
2025-06-05 08:50:57.935   913-933   CarPropertyService      com.android.car                      D  mSyncGetSetPropertyOpCount: 1
2025-06-05 08:50:57.938   913-933   CarPropertyService      com.android.car                      D  mSyncGetSetPropertyOpCount: 0
2025-06-05 08:50:57.954   332-10466 audio_hw_generic_caremu and...hardware.audio.service-caremu  D  audio_vbuffer_write audio_vbuffer is full
2025-06-05 08:50:57.990   332-10466 audio_hw_generic_caremu and...hardware.audio.service-caremu  D  audio_vbuffer_write audio_vbuffer is full
2025-06-05 08:50:58.029   332-10466 audio_hw_generic_caremu and...hardware.audio.service-caremu  D  audio_vbuffer_write audio_vbuffer is full
2025-06-05 08:50:58.084  2155-2709  EGL_emulation           com.google.android.apps.maps         D  app_time_stats: avg=34.71ms min=12.15ms max=69.74ms count=28
2025-06-05 08:50:58.084   332-10466 audio_hw_generic_caremu and...hardware.audio.service-caremu  D  audio_vbuffer_write audio_vbuffer is full
2025-06-05 08:50:58.098 27211-27403 BufferPoolAccessor2.0   me.wcy.music                         D  bufferpool2 0x7c622897c058 : 5(40960 size) total buffers - 3(24576 size) used buffers - 200/205 (recycle/alloc) - 6/405 (fetch/transfer)
2025-06-05 08:50:58.099   457-27404 BufferPoolAccessor2.0   mediaswcodec                         D  bufferpool2 0x722e05e7d598 : 4(18432 size) total buffers - 2(9216 size) used buffers - 199/203 (recycle/alloc) - 4/202 (fetch/transfer)
2025-06-05 08:50:58.123   332-10466 audio_hw_generic_caremu and...hardware.audio.service-caremu  D  audio_vbuffer_write audio_vbuffer is full
2025-06-05 08:50:58.137   913-931   CarPropertyService      com.android.car                      D  mSyncGetSetPropertyOpCount: 1
2025-06-05 08:50:58.142   913-931   CarPropertyService      com.android.car                      D  mSyncGetSetPropertyOpCount: 0
2025-06-05 08:50:58.182   332-10466 audio_hw_generic_caremu and...hardware.audio.service-caremu  D  audio_vbuffer_write audio_vbuffer is full
2025-06-05 08:50:58.204   368-521   AudioFlinger            audioserver                          D  mixer(0x72ac701c09a0) throttle end: throttle time(10)
2025-06-05 08:50:58.215   332-10466 audio_hw_generic_caremu and...hardware.audio.service-caremu  W  Not supplying enough data to HAL, expected position 522179487 , only wrote 522178080
2025-06-05 08:50:58.215   332-10466 audio_hw_generic_caremu and...hardware.audio.service-caremu  W  Not supplying enough data to HAL, expected position 522178088 , only wrote 522178080
2025-06-05 08:50:58.226   332-10466 audio_hw_generic_caremu and...hardware.audio.service-caremu  W  Not supplying enough data to HAL, expected position 522178573 , only wrote 522178560
2025-06-05 08:50:58.252   332-10466 audio_hw_generic_caremu and...hardware.audio.service-caremu  D  audio_vbuffer_write audio_vbuffer is full
2025-06-05 08:50:58.319   332-10466 audio_hw_generic_caremu and...hardware.audio.service-caremu  W  Not supplying enough data to HAL, expected position 522183017 , only wrote 522180000
2025-06-05 08:50:58.319   332-10466 audio_hw_generic_caremu and...hardware.audio.service-caremu  W  Not supplying enough data to HAL, expected position 522180007 , only wrote 522180000
2025-06-05 08:50:58.336   332-10466 audio_hw_generic_caremu and...hardware.audio.service-caremu  W  Not supplying enough data to HAL, expected position 522180851 , only wrote 522180480
2025-06-05 08:50:58.346  2155-2874  EGL_emulation           com.google.android.apps.maps         D  app_time_stats: avg=39.34ms min=8.11ms max=212.30ms count=28
2025-06-05 08:50:58.436   368-521   AudioFlinger            audioserver                          D  mixer(0x72ac701c09a0) throttle end: throttle time(10)
2025-06-05 08:50:58.469   332-10466 audio_hw_generic_caremu and...hardware.audio.service-caremu  W  Not supplying enough data to HAL, expected position 522186823 , only wrote 522181920
2025-06-05 08:50:58.469   913-933   CarPropertyService      com.android.car                      D  mSyncGetSetPropertyOpCount: 1
2025-06-05 08:50:58.470   332-3708  audio_hw_generic_caremu and...hardware.audio.service-caremu  D  audio_vbuffer_write audio_vbuffer is full
2025-06-05 08:50:58.470   332-3708  audio_hw_generic_caremu and...hardware.audio.service-caremu  W  in_read_worker only could write 0 / 240 frames
2025-06-05 08:50:58.470   332-3708  audio_hw_generic_caremu and...hardware.audio.service-caremu  D  audio_vbuffer_write audio_vbuffer is full
2025-06-05 08:50:58.470   332-3708  audio_hw_generic_caremu and...hardware.audio.service-caremu  W  in_read_worker only could write 0 / 240 frames
2025-06-05 08:50:58.470   332-3708  audio_hw_generic_caremu and...hardware.audio.service-caremu  D  audio_vbuffer_write audio_vbuffer is full
2025-06-05 08:50:58.470   332-3708  audio_hw_generic_caremu and...hardware.audio.service-caremu  W  in_read_worker only could write 0 / 240 frames
2025-06-05 08:50:58.481   332-10466 audio_hw_generic_caremu and...hardware.audio.service-caremu  W  Not supplying enough data to HAL, expected position 522182505 , only wrote 522182400
2025-06-05 08:50:58.481   332-10466 audio_hw_generic_caremu and...hardware.audio.service-caremu  W  Not supplying enough data to HAL, expected position 522182408 , only wrote 522182400
2025-06-05 08:50:58.494   332-10466 audio_hw_generic_caremu and...hardware.audio.service-caremu  W  Not supplying enough data to HAL, expected position 522183033 , only wrote 522182880
2025-06-05 08:50:58.504 27211-27211 PlayerControllerImpl    me.wcy.music                         D  持续缓存检查 - 当前位置: 5253ms, 缓存位置: 30040ms, 领先时间: 24787ms
2025-06-05 08:50:58.504 27211-27211 PlayerControllerImpl    me.wcy.music                         D  当前歌曲已完全缓存
2025-06-05 08:50:58.514   913-933   CarPropertyService      com.android.car                      D  mSyncGetSetPropertyOpCount: 0
2025-06-05 08:50:58.523   627-1785  TaskPersister           system_server                        E  File error accessing recents directory (directory doesn't exist?).
2025-06-05 08:50:58.527   368-521   AudioFlinger            audioserver                          D  mixer(0x72ac701c09a0) throttle end: throttle time(20)
2025-06-05 08:50:58.531   627-1785  TaskPersister           system_server                        E  File error accessing recents directory (directory doesn't exist?).
2025-06-05 08:50:58.553   332-10466 audio_hw_generic_caremu and...hardware.audio.service-caremu  D  audio_vbuffer_write audio_vbuffer is full
2025-06-05 08:50:58.585   332-10466 audio_hw_generic_caremu and...hardware.audio.service-caremu  D  audio_vbuffer_write audio_vbuffer is full
2025-06-05 08:50:58.627   332-10466 audio_hw_generic_caremu and...hardware.audio.service-caremu  W  Not supplying enough data to HAL, expected position 522189244 , only wrote 522188160
2025-06-05 08:50:58.627   332-10466 audio_hw_generic_caremu and...hardware.audio.service-caremu  W  Not supplying enough data to HAL, expected position 522188197 , only wrote 522188160
2025-06-05 08:50:58.682   332-10466 audio_hw_generic_caremu and...hardware.audio.service-caremu  D  audio_vbuffer_write audio_vbuffer is full
2025-06-05 08:50:58.742   332-10466 audio_hw_generic_caremu and...hardware.audio.service-caremu  W  Not supplying enough data to HAL, expected position 522193641 , only wrote 522192480
2025-06-05 08:50:58.742   332-10466 audio_hw_generic_caremu and...hardware.audio.service-caremu  W  Not supplying enough data to HAL, expected position 522192488 , only wrote 522192480
2025-06-05 08:50:58.743   913-933   CarPropertyService      com.android.car                      D  mSyncGetSetPropertyOpCount: 1
2025-06-05 08:50:58.753   332-10466 audio_hw_generic_caremu and...hardware.audio.service-caremu  W  Not supplying enough data to HAL, expected position 522192996 , only wrote 522192960
2025-06-05 08:50:58.766   332-3708  audio_hw_generic_caremu and...hardware.audio.service-caremu  D  audio_vbuffer_write audio_vbuffer is full
2025-06-05 08:50:58.766   332-3708  audio_hw_generic_caremu and...hardware.audio.service-caremu  W  in_read_worker only could write 0 / 240 frames
2025-06-05 08:50:58.774 27211-27241 EGL_emulation           me.wcy.music                         D  app_time_stats: avg=12.21ms min=1.97ms max=95.11ms count=31
2025-06-05 08:50:58.777   332-10466 audio_hw_generic_caremu and...hardware.audio.service-caremu  D  audio_vbuffer_write audio_vbuffer is full
2025-06-05 08:50:58.784   332-10466 audio_hw_generic_caremu and...hardware.audio.service-caremu  W  Not supplying enough data to HAL, expected position 522194444 , only wrote 522194400
2025-06-05 08:50:58.784   332-10466 audio_hw_generic_caremu and...hardware.audio.service-caremu  W  Not supplying enough data to HAL, expected position 522194408 , only wrote 522194400
2025-06-05 08:50:58.790   913-933   CarPropertyService      com.android.car                      D  mSyncGetSetPropertyOpCount: 0
2025-06-05 08:50:58.825   332-10466 audio_hw_generic_caremu and...hardware.audio.service-caremu  W  Not supplying enough data to HAL, expected position 522196378 , only wrote 522194880
2025-06-05 08:50:58.864   368-521   AudioFlinger            audioserver                          D  mixer(0x72ac701c09a0) throttle end: throttle time(17)
2025-06-05 08:50:58.936   913-930   CarPropertyService      com.android.car                      D  mSyncGetSetPropertyOpCount: 1
2025-06-05 08:50:58.942   913-930   CarPropertyService      com.android.car                      D  mSyncGetSetPropertyOpCount: 0
2025-06-05 08:50:58.946   332-10466 audio_hw_generic_caremu and...hardware.audio.service-caremu  D  audio_vbuffer_write audio_vbuffer is full
2025-06-05 08:50:58.975   332-10466 audio_hw_generic_caremu and...hardware.audio.service-caremu  D  audio_vbuffer_write audio_vbuffer is full
2025-06-05 08:50:59.009   332-10466 audio_hw_generic_caremu and...hardware.audio.service-caremu  D  audio_vbuffer_write audio_vbuffer is full
2025-06-05 08:50:59.027   368-521   AF::Track               audioserver                          D  interceptBuffer: took 4274us to intercept 0 tracks
2025-06-05 08:50:59.052   332-10466 audio_hw_generic_caremu and...hardware.audio.service-caremu  D  audio_vbuffer_write audio_vbuffer is full
2025-06-05 08:50:59.067   368-521   AudioFlinger            audioserver                          D  mixer(0x72ac701c09a0) throttle end: throttle time(16)
2025-06-05 08:50:59.068   332-3708  audio_hw_generic_caremu and...hardware.audio.service-caremu  D  audio_vbuffer_write audio_vbuffer is full
2025-06-05 08:50:59.068   332-3708  audio_hw_generic_caremu and...hardware.audio.service-caremu  W  in_read_worker only could write 0 / 240 frames
2025-06-05 08:50:59.093  2155-2709  EGL_emulation           com.google.android.apps.maps         D  app_time_stats: avg=76.37ms min=5.15ms max=371.21ms count=12
2025-06-05 08:50:59.149   332-10466 audio_hw_generic_caremu and...hardware.audio.service-caremu  D  audio_vbuffer_write audio_vbuffer is full
2025-06-05 08:50:59.150   368-521   AudioFlinger            audioserver                          D  mixer(0x72ac701c09a0) throttle end: throttle time(5)
2025-06-05 08:50:59.150   913-930   CarPropertyService      com.android.car                      D  mSyncGetSetPropertyOpCount: 1
2025-06-05 08:50:59.158   913-930   CarPropertyService      com.android.car                      D  mSyncGetSetPropertyOpCount: 0
2025-06-05 08:50:59.178   332-10466 audio_hw_generic_caremu and...hardware.audio.service-caremu  W  Not supplying enough data to HAL, expected position 522211840 , only wrote 522210720
2025-06-05 08:50:59.178   332-10466 audio_hw_generic_caremu and...hardware.audio.service-caremu  W  Not supplying enough data to HAL, expected position 522210729 , only wrote 522210720
2025-06-05 08:50:59.190   332-10466 audio_hw_generic_caremu and...hardware.audio.service-caremu  W  Not supplying enough data to HAL, expected position 522211251 , only wrote 522211200
2025-06-05 08:50:59.246   332-10466 audio_hw_generic_caremu and...hardware.audio.service-caremu  D  audio_vbuffer_write audio_vbuffer is full
2025-06-05 08:50:59.258   627-1912  MediaSessionService     system_server                        I  tempAllowlistTargetPkgIfPossible callingPackage:com.android.car.carlauncher targetPackage:me.wcy.music reason:MediaSessionRecord:android.support.v4.media.session.command.GET_EXTRA_BINDER [FGS]
2025-06-05 08:50:59.270  2127-2127  MediaSessionHelper      com.android.car.carlauncher          I  Saving last active media source me.wcy.music
2025-06-05 08:50:59.270  2127-2127  MediaViewModel          com.android.car.carlauncher          I  Setting Media view to source 波尼音乐
2025-06-05 08:50:59.271  2127-2127  RenderScript            com.android.car.carlauncher          V  User-backed allocation failed stride requirement, falling back to separate allocation
2025-06-05 08:50:59.271  2127-2127  RenderScript            com.android.car.carlauncher          V  User-backed allocation failed stride requirement, falling back to separate allocation
2025-06-05 08:50:59.279   332-10466 audio_hw_generic_caremu and...hardware.audio.service-caremu  D  audio_vbuffer_write audio_vbuffer is full
2025-06-05 08:50:59.310  2127-2127  RenderScript            com.android.car.carlauncher          V  User-backed allocation failed stride requirement, falling back to separate allocation
2025-06-05 08:50:59.310  2127-2127  RenderScript            com.android.car.carlauncher          V  User-backed allocation failed stride requirement, falling back to separate allocation
2025-06-05 08:50:59.312  2127-2127  RenderScript            com.android.car.carlauncher          V  User-backed allocation failed stride requirement, falling back to separate allocation
2025-06-05 08:50:59.312  2127-2127  RenderScript            com.android.car.carlauncher          V  User-backed allocation failed stride requirement, falling back to separate allocation
2025-06-05 08:50:59.315  2127-2127  RenderScript            com.android.car.carlauncher          V  User-backed allocation failed stride requirement, falling back to separate allocation
2025-06-05 08:50:59.315  2127-2127  RenderScript            com.android.car.carlauncher          V  User-backed allocation failed stride requirement, falling back to separate allocation
2025-06-05 08:50:59.319 26960-27167 TrafficStats            com.android.vending                  D  tagSocket(5) with statsTag=0x8001, statsUid=-1
2025-06-05 08:50:59.323   332-10466 audio_hw_generic_caremu and...hardware.audio.service-caremu  D  audio_vbuffer_write audio_vbuffer is full
2025-06-05 08:50:59.331  2127-2127  RenderScript            com.android.car.carlauncher          V  User-backed allocation failed stride requirement, falling back to separate allocation
2025-06-05 08:50:59.331  2127-2127  RenderScript            com.android.car.carlauncher          V  User-backed allocation failed stride requirement, falling back to separate allocation
2025-06-05 08:50:59.342  2127-2127  RenderScript            com.android.car.carlauncher          V  User-backed allocation failed stride requirement, falling back to separate allocation
2025-06-05 08:50:59.342  2127-2127  RenderScript            com.android.car.carlauncher          V  User-backed allocation failed stride requirement, falling back to separate allocation
2025-06-05 08:50:59.353  2127-11130 TrafficStats            com.android.car.carlauncher          D  tagSocket(89) with statsTag=0xffffffff, statsUid=-1
2025-06-05 08:50:59.366  2155-2874  EGL_emulation           com.google.android.apps.maps         D  app_time_stats: avg=60.94ms min=13.94ms max=201.10ms count=16
2025-06-05 08:50:59.381   913-1066  CAR.WatchdogStorage     com.android.car                      I  Database marked dirty.
2025-06-05 08:50:59.383   332-10466 audio_hw_generic_caremu and...hardware.audio.service-caremu  D  audio_vbuffer_write audio_vbuffer is full
2025-06-05 08:50:59.398   332-10466 audio_hw_generic_caremu and...hardware.audio.service-caremu  W  Not supplying enough data to HAL, expected position 522221197 , only wrote 522220800
2025-06-05 08:50:59.398   332-10466 audio_hw_generic_caremu and...hardware.audio.service-caremu  W  Not supplying enough data to HAL, expected position 522220808 , only wrote 522220800
2025-06-05 08:50:59.409   332-10466 audio_hw_generic_caremu and...hardware.audio.service-caremu  W  Not supplying enough data to HAL, expected position 522221330 , only wrote 522221280
2025-06-05 08:50:59.413   627-2008  MediaSessionService     system_server                        I  tempAllowlistTargetPkgIfPossible callingPackage:com.android.car.carlauncher targetPackage:me.wcy.music reason:MediaSessionRecord:android.support.v4.media.session.command.GET_EXTRA_BINDER [FGS]
2025-06-05 08:50:59.429  2127-11130 ImageFetcher            com.android.car.carlauncher          E  ImageLoadingTask#doInBackground: java.io.FileNotFoundException: https://p1.music.126.net/109951170507596130/109951170507596130.jpg?param=800y800
2025-06-05 08:50:59.435  2127-2127  RenderScript            com.android.car.carlauncher          V  User-backed allocation failed stride requirement, falling back to separate allocation
2025-06-05 08:50:59.435  2127-2127  RenderScript            com.android.car.carlauncher          V  User-backed allocation failed stride requirement, falling back to separate allocation
2025-06-05 08:50:59.440   368-521   AudioFlinger            audioserver                          D  mixer(0x72ac701c09a0) throttle end: throttle time(12)
2025-06-05 08:50:59.500   332-10466 audio_hw_generic_caremu and...hardware.audio.service-caremu  D  audio_vbuffer_write audio_vbuffer is full
2025-06-05 08:50:59.506 26960-27069 TrafficStats            com.android.vending                  D  tagSocket(94) with statsTag=0x4be64f9b, statsUid=-1
2025-06-05 08:50:59.515 27211-27211 PlayerControllerImpl    me.wcy.music                         D  持续缓存检查 - 当前位置: 6188ms, 缓存位置: 30040ms, 领先时间: 23852ms
2025-06-05 08:50:59.516 27211-27211 PlayerControllerImpl    me.wcy.music                         D  当前歌曲已完全缓存
2025-06-05 08:50:59.535   913-930   CarPropertyService      com.android.car                      D  mSyncGetSetPropertyOpCount: 1
2025-06-05 08:50:59.536   913-930   CarPropertyService      com.android.car                      D  mSyncGetSetPropertyOpCount: 0
2025-06-05 08:50:59.543   332-10466 audio_hw_generic_caremu and...hardware.audio.service-caremu  D  audio_vbuffer_write audio_vbuffer is full
2025-06-05 08:50:59.620   332-10466 audio_hw_generic_caremu and...hardware.audio.service-caremu  D  audio_vbuffer_write audio_vbuffer is full
2025-06-05 08:50:59.662   332-10466 audio_hw_generic_caremu and...hardware.audio.service-caremu  D  audio_vbuffer_write audio_vbuffer is full
2025-06-05 08:50:59.708   332-10466 audio_hw_generic_caremu and...hardware.audio.service-caremu  D  audio_vbuffer_write audio_vbuffer is full
2025-06-05 08:50:59.752   332-10466 audio_hw_generic_caremu and...hardware.audio.service-caremu  D  audio_vbuffer_write audio_vbuffer is full
2025-06-05 08:50:59.809   332-10466 audio_hw_generic_caremu and...hardware.audio.service-caremu  D  audio_vbuffer_write audio_vbuffer is full
2025-06-05 08:50:59.865 27211-27241 EGL_emulation           me.wcy.music                         D  app_time_stats: avg=16.79ms min=1.74ms max=104.75ms count=39
2025-06-05 08:50:59.875   332-10466 audio_hw_generic_caremu and...hardware.audio.service-caremu  W  Not supplying enough data to HAL, expected position 522243625 , only wrote 522241440
2025-06-05 08:50:59.877   332-10466 audio_hw_generic_caremu and...hardware.audio.service-caremu  W  Not supplying enough data to HAL, expected position 522241573 , only wrote 522241440
2025-06-05 08:50:59.887   368-521   AudioFlinger            audioserver                          D  mixer(0x72ac701c09a0) throttle end: throttle time(10)
2025-06-05 08:50:59.914   332-10466 audio_hw_generic_caremu and...hardware.audio.service-caremu  D  audio_vbuffer_write audio_vbuffer is full
2025-06-05 08:50:59.919   332-10466 audio_hw_generic_caremu and...hardware.audio.service-caremu  W  Not supplying enough data to HAL, expected position 522243423 , only wrote 522243360
2025-06-05 08:50:59.930   332-10466 audio_hw_generic_caremu and...hardware.audio.service-caremu  W  Not supplying enough data to HAL, expected position 522243903 , only wrote 522243840
2025-06-05 08:50:59.947   913-930   CarPropertyService      com.android.car                      D  mSyncGetSetPropertyOpCount: 1
2025-06-05 08:50:59.948   913-930   CarPropertyService      com.android.car                      D  mSyncGetSetPropertyOpCount: 0
2025-06-05 08:50:59.955   332-10466 audio_hw_generic_caremu and...hardware.audio.service-caremu  D  audio_vbuffer_write audio_vbuffer is full
2025-06-05 08:50:59.988   332-10466 audio_hw_generic_caremu and...hardware.audio.service-caremu  D  audio_vbuffer_write audio_vbuffer is full
2025-06-05 08:51:00.024   332-10466 audio_hw_generic_caremu and...hardware.audio.service-caremu  W  Not supplying enough data to HAL, expected position 522248317 , only wrote 522247680
2025-06-05 08:51:00.028   332-10466 audio_hw_generic_caremu and...hardware.audio.service-caremu  W  Not supplying enough data to HAL, expected position 522247894 , only wrote 522247680
2025-06-05 08:51:00.052   332-10466 audio_hw_generic_caremu and...hardware.audio.service-caremu  W  Not supplying enough data to HAL, expected position 522248854 , only wrote 522248160
2025-06-05 08:51:00.090   332-10466 audio_hw_generic_caremu and...hardware.audio.service-caremu  D  audio_vbuffer_write audio_vbuffer is full
2025-06-05 08:51:00.132   332-3708  audio_hw_generic_caremu and...hardware.audio.service-caremu  D  audio_vbuffer_write audio_vbuffer is full
2025-06-05 08:51:00.132   332-10466 audio_hw_generic_caremu and...hardware.audio.service-caremu  W  Not supplying enough data to HAL, expected position 522252009 , only wrote 522249600
2025-06-05 08:51:00.133   332-10466 audio_hw_generic_caremu and...hardware.audio.service-caremu  W  Not supplying enough data to HAL, expected position 522249624 , only wrote 522249600
2025-06-05 08:51:00.135   332-3708  audio_hw_generic_caremu and...hardware.audio.service-caremu  W  in_read_worker only could write 0 / 240 frames
2025-06-05 08:51:00.156   332-3708  audio_hw_generic_caremu and...hardware.audio.service-caremu  D  audio_vbuffer_write audio_vbuffer is full
2025-06-05 08:51:00.158   332-3708  audio_hw_generic_caremu and...hardware.audio.service-caremu  W  in_read_worker only could write 0 / 240 frames
2025-06-05 08:51:00.163   332-10466 audio_hw_generic_caremu and...hardware.audio.service-caremu  W  Not supplying enough data to HAL, expected position 522251053 , only wrote 522251040
2025-06-05 08:51:00.164   332-3708  audio_hw_generic_caremu and...hardware.audio.service-caremu  D  audio_vbuffer_write audio_vbuffer is full
2025-06-05 08:51:00.164   332-3708  audio_hw_generic_caremu and...hardware.audio.service-caremu  W  in_read_worker only could write 0 / 240 frames
2025-06-05 08:51:00.178   332-10466 audio_hw_generic_caremu and...hardware.audio.service-caremu  W  Not supplying enough data to HAL, expected position 522251753 , only wrote 522251520
2025-06-05 08:51:00.178   332-10466 audio_hw_generic_caremu and...hardware.audio.service-caremu  W  Not supplying enough data to HAL, expected position 522251528 , only wrote 522251520
2025-06-05 08:51:00.190   332-10466 audio_hw_generic_caremu and...hardware.audio.service-caremu  W  Not supplying enough data to HAL, expected position 522252061 , only wrote 522252000
2025-06-05 08:51:00.202   368-521   AudioFlinger            audioserver                          D  mixer(0x72ac701c09a0) throttle end: throttle time(10)
2025-06-05 08:51:00.202  2155-2709  EGL_emulation           com.google.android.apps.maps         D  app_time_stats: avg=51.58ms min=11.20ms max=182.96ms count=19
2025-06-05 08:51:00.216   627-627   Looper                  system_server                        W  Slow dispatch took 181ms main h=com.android.server.alarm.AlarmManagerService$AlarmHandler c=com.android.server.alarm.AlarmManagerService$3$$ExternalSyntheticLambda0@ddc1756 m=0
2025-06-05 08:51:00.236   332-3708  audio_hw_generic_caremu and...hardware.audio.service-caremu  D  audio_vbuffer_write audio_vbuffer is full
2025-06-05 08:51:00.236   332-3708  audio_hw_generic_caremu and...hardware.audio.service-caremu  W  in_read_worker only could write 0 / 240 frames
2025-06-05 08:51:00.276   332-10466 audio_hw_generic_caremu and...hardware.audio.service-caremu  D  audio_vbuffer_write audio_vbuffer is full
2025-06-05 08:51:00.318   332-10466 audio_hw_generic_caremu and...hardware.audio.service-caremu  D  audio_vbuffer_write audio_vbuffer is full
2025-06-05 08:51:00.337  1094-1302  EGL_emulation           com.android.systemui                 D  app_time_stats: avg=1600.56ms min=55.84ms max=4153.89ms count=3
2025-06-05 08:51:00.356   913-931   CarPropertyService      com.android.car                      D  mSyncGetSetPropertyOpCount: 1
2025-06-05 08:51:00.359   913-931   CarPropertyService      com.android.car                      D  mSyncGetSetPropertyOpCount: 0
2025-06-05 08:51:00.367 26960-27081 TrafficStats            com.android.vending                  D  tagSocket(75) with statsTag=0xffffffff, statsUid=-1
2025-06-05 08:51:00.367  2155-2874  EGL_emulation           com.google.android.apps.maps         D  app_time_stats: avg=42.95ms min=10.84ms max=180.68ms count=22
2025-06-05 08:51:00.393   368-521   AF::Track               audioserver                          D  interceptBuffer: took 27297us to intercept 0 tracks
2025-06-05 08:51:00.404   332-10466 audio_hw_generic_caremu and...hardware.audio.service-caremu  D  audio_vbuffer_write audio_vbuffer is full
2025-06-05 08:51:00.449   368-521   AF::Track               audioserver                          D  interceptBuffer: took 927us to intercept 0 tracks
2025-06-05 08:51:00.469   332-10466 audio_hw_generic_caremu and...hardware.audio.service-caremu  D  audio_vbuffer_write audio_vbuffer is full
2025-06-05 08:51:00.482   368-521   AudioFlinger            audioserver                          D  mixer(0x72ac701c09a0) throttle end: throttle time(2)
2025-06-05 08:51:00.489   332-10466 audio_hw_generic_caremu and...hardware.audio.service-caremu  W  Not supplying enough data to HAL, expected position 522266330 , only wrote 522265920
2025-06-05 08:51:00.489   332-10466 audio_hw_generic_caremu and...hardware.audio.service-caremu  W  Not supplying enough data to HAL, expected position 522265974 , only wrote 522265920
2025-06-05 08:51:00.500   332-10466 audio_hw_generic_caremu and...hardware.audio.service-caremu  W  Not supplying enough data to HAL, expected position 522266425 , only wrote 522266400
2025-06-05 08:51:00.530   332-10466 audio_hw_generic_caremu and...hardware.audio.service-caremu  W  Not supplying enough data to HAL, expected position 522267847 , only wrote 522267840
2025-06-05 08:51:00.530   332-10466 audio_hw_generic_caremu and...hardware.audio.service-caremu  W  Not supplying enough data to HAL, expected position 522267847 , only wrote 522267840
2025-06-05 08:51:00.541   332-10466 audio_hw_generic_caremu and...hardware.audio.service-caremu  W  Not supplying enough data to HAL, expected position 522268378 , only wrote 522268320
2025-06-05 08:51:00.558   913-931   CarPropertyService      com.android.car                      D  mSyncGetSetPropertyOpCount: 1
2025-06-05 08:51:00.573   913-931   CarPropertyService      com.android.car                      D  mSyncGetSetPropertyOpCount: 0
2025-06-05 08:51:00.579 27211-27211 PlayerControllerImpl    me.wcy.music                         D  持续缓存检查 - 当前位置: 7253ms, 缓存位置: 30040ms, 领先时间: 22787ms
2025-06-05 08:51:00.579 27211-27211 PlayerControllerImpl    me.wcy.music                         D  当前歌曲已完全缓存
2025-06-05 08:51:00.593 27211-27211 PlayerControllerImpl    me.wcy.music                         D  缓存状态 - 当前位置: 7267ms, 缓存位置: 30040ms, 领先时间: 22773ms, 歌曲总长: 30040ms
2025-06-05 08:51:00.626 21856-22060 TrafficStats            com.android.vending                  D  tagSocket(5) with statsTag=0x8001, statsUid=-1
2025-06-05 08:51:00.642   332-10466 audio_hw_generic_caremu and...hardware.audio.service-caremu  D  audio_vbuffer_write audio_vbuffer is full
2025-06-05 08:51:00.672   332-10466 audio_hw_generic_caremu and...hardware.audio.service-caremu  W  Not supplying enough data to HAL, expected position 522274606 , only wrote 522274560
2025-06-05 08:51:00.704   332-10466 audio_hw_generic_caremu and...hardware.audio.service-caremu  D  audio_vbuffer_write audio_vbuffer is full
2025-06-05 08:51:00.721   332-10466 audio_hw_generic_caremu and...hardware.audio.service-caremu  W  Not supplying enough data to HAL, expected position 522276910 , only wrote 522276000
2025-06-05 08:51:00.721   332-10466 audio_hw_generic_caremu and...hardware.audio.service-caremu  W  Not supplying enough data to HAL, expected position 522276010 , only wrote 522276000
2025-06-05 08:51:00.732   332-10466 audio_hw_generic_caremu and...hardware.audio.service-caremu  W  Not supplying enough data to HAL, expected position 522276505 , only wrote 522276480
2025-06-05 08:51:00.754   332-10466 audio_hw_generic_caremu and...hardware.audio.service-caremu  D  audio_vbuffer_write audio_vbuffer is full
2025-06-05 08:51:00.769   368-521   AF::Track               audioserver                          D  interceptBuffer: took 11411us to intercept 0 tracks
2025-06-05 08:51:00.795   332-3708  audio_hw_generic_caremu and...hardware.audio.service-caremu  D  audio_vbuffer_write audio_vbuffer is full
2025-06-05 08:51:00.795   332-3708  audio_hw_generic_caremu and...hardware.audio.service-caremu  W  in_read_worker only could write 0 / 240 frames
2025-06-05 08:51:00.851   332-3708  audio_hw_generic_caremu and...hardware.audio.service-caremu  D  audio_vbuffer_write audio_vbuffer is full
2025-06-05 08:51:00.851   332-3708  audio_hw_generic_caremu and...hardware.audio.service-caremu  W  in_read_worker only could write 0 / 240 frames
2025-06-05 08:51:00.851   332-3708  audio_hw_generic_caremu and...hardware.audio.service-caremu  D  audio_vbuffer_write audio_vbuffer is full
2025-06-05 08:51:00.851   332-3708  audio_hw_generic_caremu and...hardware.audio.service-caremu  W  in_read_worker only could write 0 / 240 frames
2025-06-05 08:51:00.851   332-3708  audio_hw_generic_caremu and...hardware.audio.service-caremu  D  audio_vbuffer_write audio_vbuffer is full
2025-06-05 08:51:00.851   332-3708  audio_hw_generic_caremu and...hardware.audio.service-caremu  W  in_read_worker only could write 0 / 240 frames
2025-06-05 08:51:00.870   332-10466 audio_hw_generic_caremu and...hardware.audio.service-caremu  W  Not supplying enough data to HAL, expected position 522283097 , only wrote 522278400
2025-06-05 08:51:00.870   332-10466 audio_hw_generic_caremu and...hardware.audio.service-caremu  W  Not supplying enough data to HAL, expected position 522278418 , only wrote 522278400
2025-06-05 08:51:00.881   332-10466 audio_hw_generic_caremu and...hardware.audio.service-caremu  W  Not supplying enough data to HAL, expected position 522278923 , only wrote 522278880
2025-06-05 08:51:00.881   332-10466 audio_hw_generic_caremu and...hardware.audio.service-caremu  W  Not supplying enough data to HAL, expected position 522278888 , only wrote 522278880
2025-06-05 08:51:00.891 27211-27241 EGL_emulation           me.wcy.music                         D  app_time_stats: avg=36.45ms min=2.18ms max=97.59ms count=19
2025-06-05 08:51:00.892   332-10466 audio_hw_generic_caremu and...hardware.audio.service-caremu  W  Not supplying enough data to HAL, expected position 522279374 , only wrote 522279360
2025-06-05 08:51:00.914   332-10466 audio_hw_generic_caremu and...hardware.audio.service-caremu  D  audio_vbuffer_write audio_vbuffer is full
2025-06-05 08:51:00.937   913-933   CarPropertyService      com.android.car                      D  mSyncGetSetPropertyOpCount: 1
2025-06-05 08:51:00.955   913-933   CarPropertyService      com.android.car                      D  mSyncGetSetPropertyOpCount: 0
2025-06-05 08:51:00.972   332-10466 audio_hw_generic_caremu and...hardware.audio.service-caremu  W  Not supplying enough data to HAL, expected position 522283226 , only wrote 522280320
2025-06-05 08:51:00.973   332-10466 audio_hw_generic_caremu and...hardware.audio.service-caremu  W  Not supplying enough data to HAL, expected position 522280356 , only wrote 522280320
2025-06-05 08:51:00.988   332-10466 audio_hw_generic_caremu and...hardware.audio.service-caremu  W  Not supplying enough data to HAL, expected position 522281053 , only wrote 522280800
2025-06-05 08:51:01.012   332-10466 audio_hw_generic_caremu and...hardware.audio.service-caremu  D  audio_vbuffer_write audio_vbuffer is full
2025-06-05 08:51:01.055   332-10466 audio_hw_generic_caremu and...hardware.audio.service-caremu  D  audio_vbuffer_write audio_vbuffer is full
2025-06-05 08:51:01.093   332-10466 audio_hw_generic_caremu and...hardware.audio.service-caremu  D  audio_vbuffer_write audio_vbuffer is full
2025-06-05 08:51:01.116   332-10466 audio_hw_generic_caremu and...hardware.audio.service-caremu  W  Not supplying enough data to HAL, expected position 522286925 , only wrote 522286560
2025-06-05 08:51:01.116   332-10466 audio_hw_generic_caremu and...hardware.audio.service-caremu  W  Not supplying enough data to HAL, expected position 522286573 , only wrote 522286560
2025-06-05 08:51:01.127   332-10466 audio_hw_generic_caremu and...hardware.audio.service-caremu  W  Not supplying enough data to HAL, expected position 522287076 , only wrote 522287040
2025-06-05 08:51:01.158   332-10466 audio_hw_generic_caremu and...hardware.audio.service-caremu  D  audio_vbuffer_write audio_vbuffer is full
2025-06-05 08:51:01.163   332-10466 audio_hw_generic_caremu and...hardware.audio.service-caremu  W  Not supplying enough data to HAL, expected position 522288761 , only wrote 522288480
2025-06-05 08:51:01.163   332-10466 audio_hw_generic_caremu and...hardware.audio.service-caremu  W  Not supplying enough data to HAL, expected position 522288490 , only wrote 522288480
2025-06-05 08:51:01.175   332-10466 audio_hw_generic_caremu and...hardware.audio.service-caremu  W  Not supplying enough data to HAL, expected position 522289041 , only wrote 522288960
2025-06-05 08:51:01.246  2155-2709  EGL_emulation           com.google.android.apps.maps         D  app_time_stats: avg=66.17ms min=10.89ms max=205.61ms count=14
2025-06-05 08:51:01.271   332-10466 audio_hw_generic_caremu and...hardware.audio.service-caremu  D  audio_vbuffer_write audio_vbuffer is full
2025-06-05 08:51:01.312   332-10466 audio_hw_generic_caremu and...hardware.audio.service-caremu  D  audio_vbuffer_write audio_vbuffer is full
2025-06-05 08:51:01.340   913-931   CarPropertyService      com.android.car                      D  mSyncGetSetPropertyOpCount: 1
2025-06-05 08:51:01.363   913-931   CarPropertyService      com.android.car                      D  mSyncGetSetPropertyOpCount: 0
2025-06-05 08:51:01.371  2155-2874  EGL_emulation           com.google.android.apps.maps         D  app_time_stats: avg=65.99ms min=10.98ms max=153.99ms count=15
2025-06-05 08:51:01.418   332-10466 audio_hw_generic_caremu and...hardware.audio.service-caremu  D  audio_vbuffer_write audio_vbuffer is full
2025-06-05 08:51:01.431   332-10466 audio_hw_generic_caremu and...hardware.audio.service-caremu  W  Not supplying enough data to HAL, expected position 522301283 , only wrote 522300960
2025-06-05 08:51:01.432   332-10466 audio_hw_generic_caremu and...hardware.audio.service-caremu  W  Not supplying enough data to HAL, expected position 522300969 , only wrote 522300960
2025-06-05 08:51:01.444   332-10466 audio_hw_generic_caremu and...hardware.audio.service-caremu  W  Not supplying enough data to HAL, expected position 522301548 , only wrote 522301440
2025-06-05 08:51:01.471   332-10466 audio_hw_generic_caremu and...hardware.audio.service-caremu  D  audio_vbuffer_write audio_vbuffer is full
2025-06-05 08:51:01.478   368-521   AudioFlinger            audioserver                          D  mixer(0x72ac701c09a0) throttle end: throttle time(7)
2025-06-05 08:51:01.478   332-10466 audio_hw_generic_caremu and...hardware.audio.service-caremu  W  Not supplying enough data to HAL, expected position 522303066 , only wrote 522302880
2025-06-05 08:51:01.478   332-10466 audio_hw_generic_caremu and...hardware.audio.service-caremu  W  Not supplying enough data to HAL, expected position 522302886 , only wrote 522302880
2025-06-05 08:51:01.511   332-10466 audio_hw_generic_caremu and...hardware.audio.service-caremu  D  audio_vbuffer_write audio_vbuffer is full
2025-06-05 08:51:01.540   332-10466 audio_hw_generic_caremu and...hardware.audio.service-caremu  W  Not supplying enough data to HAL, expected position 522305878 , only wrote 522304800
2025-06-05 08:51:01.541   332-10466 audio_hw_generic_caremu and...hardware.audio.service-caremu  W  Not supplying enough data to HAL, expected position 522304852 , only wrote 522304800
2025-06-05 08:51:01.591   332-3708  audio_hw_generic_caremu and...hardware.audio.service-caremu  D  audio_vbuffer_write audio_vbuffer is full
2025-06-05 08:51:01.591   332-3708  audio_hw_generic_caremu and...hardware.audio.service-caremu  W  in_read_worker only could write 0 / 240 frames
2025-06-05 08:51:01.650 27211-27211 PlayerControllerImpl    me.wcy.music                         D  持续缓存检查 - 当前位置: 8324ms, 缓存位置: 30040ms, 领先时间: 21716ms
2025-06-05 08:51:01.650 27211-27211 PlayerControllerImpl    me.wcy.music                         D  当前歌曲已完全缓存
2025-06-05 08:51:01.712   332-10466 audio_hw_generic_caremu and...hardware.audio.service-caremu  W  Not supplying enough data to HAL, expected position 522312968 , only wrote 522312960
2025-06-05 08:51:01.712   332-10466 audio_hw_generic_caremu and...hardware.audio.service-caremu  W  Not supplying enough data to HAL, expected position 522312972 , only wrote 522312960
2025-06-05 08:51:01.722   332-10466 audio_hw_generic_caremu and...hardware.audio.service-caremu  W  Not supplying enough data to HAL, expected position 522313451 , only wrote 522313440
2025-06-05 08:51:01.739   332-3708  audio_hw_generic_caremu and...hardware.audio.service-caremu  D  audio_vbuffer_write audio_vbuffer is full
2025-06-05 08:51:01.742   332-3708  audio_hw_generic_caremu and...hardware.audio.service-caremu  W  in_read_worker only could write 0 / 240 frames
2025-06-05 08:51:01.742   913-933   CarPropertyService      com.android.car                      D  mSyncGetSetPropertyOpCount: 1
2025-06-05 08:51:01.749   332-10466 audio_hw_generic_caremu and...hardware.audio.service-caremu  D  audio_vbuffer_write audio_vbuffer is full
2025-06-05 08:51:01.749   913-933   CarPropertyService      com.android.car                      D  mSyncGetSetPropertyOpCount: 0
